[2020-02-17T02:19:00.051+0000][gc,heap] Heap region size: 1M
[2020-02-17T02:19:00.065+0000][gc     ] Using G1
[2020-02-17T02:19:00.065+0000][gc,heap,coops] Heap address: 0x00000000c0000000, size: 1024 MB, Compressed Oops mode: 32-bit
[2020-02-17T02:19:01.370+0000][gc,start     ] GC(0) Pause Young (Normal) (G1 Evacuation Pause)
[2020-02-17T02:19:01.372+0000][gc,task      ] GC(0) Using 10 workers of 10 for evacuation
[2020-02-17T02:19:01.378+0000][gc,phases    ] GC(0)   Pre Evacuate Collection Set: 0.0ms
[2020-02-17T02:19:01.378+0000][gc,phases    ] GC(0)   Evacuate Collection Set: 4.0ms
[2020-02-17T02:19:01.378+0000][gc,phases    ] GC(0)   Post Evacuate Collection Set: 1.1ms
[2020-02-17T02:19:01.378+0000][gc,phases    ] GC(0)   Other: 2.4ms
[2020-02-17T02:19:01.378+0000][gc,heap      ] GC(0) Eden regions: 51->0(44)
[2020-02-17T02:19:01.378+0000][gc,heap      ] GC(0) Survivor regions: 0->7(7)
[2020-02-17T02:19:01.378+0000][gc,heap      ] GC(0) Old regions: 0->0
[2020-02-17T02:19:01.378+0000][gc,heap      ] GC(0) Humongous regions: 0->0
[2020-02-17T02:19:01.378+0000][gc,metaspace ] GC(0) Metaspace: 15923K->15923K(1062912K)
[2020-02-17T02:19:01.378+0000][gc           ] GC(0) Pause Young (Normal) (G1 Evacuation Pause) 51M->6M(1024M) 7.718ms
[2020-02-17T02:19:01.378+0000][gc,cpu       ] GC(0) User=0.04s Sys=0.00s Real=0.01s
[2020-02-17T02:19:01.669+0000][gc,start     ] GC(1) Pause Young (Concurrent Start) (Metadata GC Threshold)
[2020-02-17T02:19:01.669+0000][gc,task      ] GC(1) Using 10 workers of 10 for evacuation
[2020-02-17T02:19:01.679+0000][gc,phases    ] GC(1)   Pre Evacuate Collection Set: 0.1ms
[2020-02-17T02:19:01.679+0000][gc,phases    ] GC(1)   Evacuate Collection Set: 8.9ms
[2020-02-17T02:19:01.679+0000][gc,phases    ] GC(1)   Post Evacuate Collection Set: 0.6ms
[2020-02-17T02:19:01.679+0000][gc,phases    ] GC(1)   Other: 0.4ms
[2020-02-17T02:19:01.679+0000][gc,heap      ] GC(1) Eden regions: 18->0(49)
[2020-02-17T02:19:01.679+0000][gc,heap      ] GC(1) Survivor regions: 7->2(7)
[2020-02-17T02:19:01.679+0000][gc,heap      ] GC(1) Old regions: 0->7
[2020-02-17T02:19:01.679+0000][gc,heap      ] GC(1) Humongous regions: 0->0
[2020-02-17T02:19:01.679+0000][gc,metaspace ] GC(1) Metaspace: 20325K->20325K(1067008K)
[2020-02-17T02:19:01.679+0000][gc           ] GC(1) Pause Young (Concurrent Start) (Metadata GC Threshold) 24M->7M(1024M) 10.302ms
[2020-02-17T02:19:01.679+0000][gc,cpu       ] GC(1) User=0.03s Sys=0.01s Real=0.01s
[2020-02-17T02:19:01.679+0000][gc           ] GC(2) Concurrent Cycle
[2020-02-17T02:19:01.679+0000][gc,marking   ] GC(2) Concurrent Clear Claimed Marks
[2020-02-17T02:19:01.679+0000][gc,marking   ] GC(2) Concurrent Clear Claimed Marks 0.032ms
[2020-02-17T02:19:01.679+0000][gc,marking   ] GC(2) Concurrent Scan Root Regions
[2020-02-17T02:19:01.680+0000][gc,marking   ] GC(2) Concurrent Scan Root Regions 0.994ms
[2020-02-17T02:19:01.680+0000][gc,marking   ] GC(2) Concurrent Mark (1.636s)
[2020-02-17T02:19:01.680+0000][gc,marking   ] GC(2) Concurrent Mark From Roots
[2020-02-17T02:19:01.681+0000][gc,task      ] GC(2) Using 3 workers of 3 for marking
[2020-02-17T02:19:01.687+0000][gc,marking   ] GC(2) Concurrent Mark From Roots 6.187ms
[2020-02-17T02:19:01.687+0000][gc,marking   ] GC(2) Concurrent Preclean
[2020-02-17T02:19:01.687+0000][gc,marking   ] GC(2) Concurrent Preclean 0.172ms
[2020-02-17T02:19:01.687+0000][gc,marking   ] GC(2) Concurrent Mark (1.636s, 1.643s) 6.415ms
[2020-02-17T02:19:01.687+0000][gc,start     ] GC(2) Pause Remark
[2020-02-17T02:19:01.689+0000][gc,stringtable] GC(2) Cleaned string and symbol table, strings: 9021 processed, 0 removed, symbols: 49978 processed, 54 removed
[2020-02-17T02:19:01.689+0000][gc            ] GC(2) Pause Remark 8M->8M(1024M) 2.037ms
[2020-02-17T02:19:01.689+0000][gc,cpu        ] GC(2) User=0.01s Sys=0.01s Real=0.00s
[2020-02-17T02:19:01.689+0000][gc,marking    ] GC(2) Concurrent Rebuild Remembered Sets
[2020-02-17T02:19:01.692+0000][gc,marking    ] GC(2) Concurrent Rebuild Remembered Sets 2.817ms
[2020-02-17T02:19:01.693+0000][gc,start      ] GC(2) Pause Cleanup
[2020-02-17T02:19:01.693+0000][gc            ] GC(2) Pause Cleanup 8M->8M(1024M) 0.364ms
[2020-02-17T02:19:01.693+0000][gc,cpu        ] GC(2) User=0.00s Sys=0.00s Real=0.00s
[2020-02-17T02:19:01.693+0000][gc,marking    ] GC(2) Concurrent Cleanup for Next Mark
[2020-02-17T02:19:01.697+0000][gc,marking    ] GC(2) Concurrent Cleanup for Next Mark 4.039ms
[2020-02-17T02:19:01.697+0000][gc            ] GC(2) Concurrent Cycle 17.969ms
[2020-02-17T02:19:02.663+0000][gc,start      ] GC(3) Pause Young (Normal) (G1 Evacuation Pause)
[2020-02-17T02:19:02.663+0000][gc,task       ] GC(3) Using 10 workers of 10 for evacuation
[2020-02-17T02:19:02.670+0000][gc,phases     ] GC(3)   Pre Evacuate Collection Set: 0.0ms
[2020-02-17T02:19:02.670+0000][gc,phases     ] GC(3)   Evacuate Collection Set: 6.0ms
[2020-02-17T02:19:02.670+0000][gc,phases     ] GC(3)   Post Evacuate Collection Set: 0.7ms
[2020-02-17T02:19:02.670+0000][gc,phases     ] GC(3)   Other: 0.2ms
[2020-02-17T02:19:02.670+0000][gc,heap       ] GC(3) Eden regions: 49->0(46)
[2020-02-17T02:19:02.670+0000][gc,heap       ] GC(3) Survivor regions: 2->5(7)
[2020-02-17T02:19:02.670+0000][gc,heap       ] GC(3) Old regions: 7->7
[2020-02-17T02:19:02.670+0000][gc,heap       ] GC(3) Humongous regions: 129->129
[2020-02-17T02:19:02.670+0000][gc,metaspace  ] GC(3) Metaspace: 28355K->28355K(1075200K)
[2020-02-17T02:19:02.670+0000][gc            ] GC(3) Pause Young (Normal) (G1 Evacuation Pause) 185M->140M(1024M) 7.124ms
[2020-02-17T02:19:02.670+0000][gc,cpu        ] GC(3) User=0.05s Sys=0.00s Real=0.01s
[2020-02-17T02:19:03.227+0000][gc,start      ] GC(4) Pause Young (Concurrent Start) (Metadata GC Threshold)
[2020-02-17T02:19:03.227+0000][gc,task       ] GC(4) Using 10 workers of 10 for evacuation
[2020-02-17T02:19:03.234+0000][gc,phases     ] GC(4)   Pre Evacuate Collection Set: 0.1ms
[2020-02-17T02:19:03.234+0000][gc,phases     ] GC(4)   Evacuate Collection Set: 6.2ms
[2020-02-17T02:19:03.234+0000][gc,phases     ] GC(4)   Post Evacuate Collection Set: 0.5ms
[2020-02-17T02:19:03.234+0000][gc,phases     ] GC(4)   Other: 0.3ms
[2020-02-17T02:19:03.234+0000][gc,heap       ] GC(4) Eden regions: 31->0(48)
[2020-02-17T02:19:03.234+0000][gc,heap       ] GC(4) Survivor regions: 5->3(7)
[2020-02-17T02:19:03.234+0000][gc,heap       ] GC(4) Old regions: 7->12
[2020-02-17T02:19:03.234+0000][gc,heap       ] GC(4) Humongous regions: 129->129
[2020-02-17T02:19:03.234+0000][gc,metaspace  ] GC(4) Metaspace: 33929K->33929K(1079296K)
[2020-02-17T02:19:03.234+0000][gc            ] GC(4) Pause Young (Concurrent Start) (Metadata GC Threshold) 170M->142M(1024M) 7.226ms
[2020-02-17T02:19:03.234+0000][gc,cpu        ] GC(4) User=0.04s Sys=0.00s Real=0.01s
[2020-02-17T02:19:03.234+0000][gc            ] GC(5) Concurrent Cycle
[2020-02-17T02:19:03.234+0000][gc,marking    ] GC(5) Concurrent Clear Claimed Marks
[2020-02-17T02:19:03.234+0000][gc,marking    ] GC(5) Concurrent Clear Claimed Marks 0.070ms
[2020-02-17T02:19:03.234+0000][gc,marking    ] GC(5) Concurrent Scan Root Regions
[2020-02-17T02:19:03.235+0000][gc,marking    ] GC(5) Concurrent Scan Root Regions 0.996ms
[2020-02-17T02:19:03.235+0000][gc,marking    ] GC(5) Concurrent Mark (3.191s)
[2020-02-17T02:19:03.235+0000][gc,marking    ] GC(5) Concurrent Mark From Roots
[2020-02-17T02:19:03.235+0000][gc,task       ] GC(5) Using 3 workers of 3 for marking
[2020-02-17T02:19:03.245+0000][gc,marking    ] GC(5) Concurrent Mark From Roots 9.478ms
[2020-02-17T02:19:03.245+0000][gc,marking    ] GC(5) Concurrent Preclean
[2020-02-17T02:19:03.245+0000][gc,marking    ] GC(5) Concurrent Preclean 0.216ms
[2020-02-17T02:19:03.245+0000][gc,marking    ] GC(5) Concurrent Mark (3.191s, 3.201s) 9.751ms
[2020-02-17T02:19:03.245+0000][gc,start      ] GC(5) Pause Remark
[2020-02-17T02:19:03.247+0000][gc,stringtable] GC(5) Cleaned string and symbol table, strings: 15498 processed, 9 removed, symbols: 78344 processed, 29 removed
[2020-02-17T02:19:03.247+0000][gc            ] GC(5) Pause Remark 142M->142M(1024M) 2.235ms
[2020-02-17T02:19:03.247+0000][gc,cpu        ] GC(5) User=0.02s Sys=0.00s Real=0.00s
[2020-02-17T02:19:03.247+0000][gc,marking    ] GC(5) Concurrent Rebuild Remembered Sets
[2020-02-17T02:19:03.254+0000][gc,marking    ] GC(5) Concurrent Rebuild Remembered Sets 6.231ms
[2020-02-17T02:19:03.254+0000][gc,start      ] GC(5) Pause Cleanup
[2020-02-17T02:19:03.254+0000][gc            ] GC(5) Pause Cleanup 143M->143M(1024M) 0.192ms
[2020-02-17T02:19:03.254+0000][gc,cpu        ] GC(5) User=0.00s Sys=0.00s Real=0.01s
[2020-02-17T02:19:03.254+0000][gc,marking    ] GC(5) Concurrent Cleanup for Next Mark
[2020-02-17T02:19:03.258+0000][gc,marking    ] GC(5) Concurrent Cleanup for Next Mark 3.549ms
[2020-02-17T02:19:03.258+0000][gc            ] GC(5) Concurrent Cycle 23.577ms
[2020-02-17T02:31:07.561+0000][gc,start      ] GC(6) Pause Young (Normal) (G1 Evacuation Pause)
[2020-02-17T02:31:07.561+0000][gc,task       ] GC(6) Using 10 workers of 10 for evacuation
[2020-02-17T02:31:07.567+0000][gc,phases     ] GC(6)   Pre Evacuate Collection Set: 0.1ms
[2020-02-17T02:31:07.567+0000][gc,phases     ] GC(6)   Evacuate Collection Set: 4.0ms
[2020-02-17T02:31:07.567+0000][gc,phases     ] GC(6)   Post Evacuate Collection Set: 1.2ms
[2020-02-17T02:31:07.567+0000][gc,phases     ] GC(6)   Other: 0.3ms
[2020-02-17T02:31:07.567+0000][gc,heap       ] GC(6) Eden regions: 48->0(48)
[2020-02-17T02:31:07.567+0000][gc,heap       ] GC(6) Survivor regions: 3->3(7)
[2020-02-17T02:31:07.567+0000][gc,heap       ] GC(6) Old regions: 12->12
[2020-02-17T02:31:07.567+0000][gc,heap       ] GC(6) Humongous regions: 255->129
[2020-02-17T02:31:07.567+0000][gc,metaspace  ] GC(6) Metaspace: 37352K->37352K(1083392K)
[2020-02-17T02:31:07.567+0000][gc            ] GC(6) Pause Young (Normal) (G1 Evacuation Pause) 316M->142M(1024M) 5.838ms
[2020-02-17T02:31:07.567+0000][gc,cpu        ] GC(6) User=0.04s Sys=0.00s Real=0.01s
[2020-02-17T02:52:58.260+0000][gc,start      ] GC(7) Pause Young (Normal) (G1 Evacuation Pause)
[2020-02-17T02:52:58.260+0000][gc,task       ] GC(7) Using 10 workers of 10 for evacuation
[2020-02-17T02:52:58.265+0000][gc,phases     ] GC(7)   Pre Evacuate Collection Set: 0.0ms
[2020-02-17T02:52:58.265+0000][gc,phases     ] GC(7)   Evacuate Collection Set: 3.6ms
[2020-02-17T02:52:58.265+0000][gc,phases     ] GC(7)   Post Evacuate Collection Set: 1.0ms
[2020-02-17T02:52:58.265+0000][gc,phases     ] GC(7)   Other: 0.4ms
[2020-02-17T02:52:58.265+0000][gc,heap       ] GC(7) Eden regions: 48->0(48)
[2020-02-17T02:52:58.265+0000][gc,heap       ] GC(7) Survivor regions: 3->3(7)
[2020-02-17T02:52:58.265+0000][gc,heap       ] GC(7) Old regions: 12->12
[2020-02-17T02:52:58.265+0000][gc,heap       ] GC(7) Humongous regions: 129->129
[2020-02-17T02:52:58.265+0000][gc,metaspace  ] GC(7) Metaspace: 37455K->37455K(1083392K)
[2020-02-17T02:52:58.265+0000][gc            ] GC(7) Pause Young (Normal) (G1 Evacuation Pause) 190M->142M(1024M) 5.290ms
[2020-02-17T02:52:58.265+0000][gc,cpu        ] GC(7) User=0.04s Sys=0.00s Real=0.01s
[2020-02-17T03:15:42.561+0000][gc,start      ] GC(8) Pause Young (Normal) (G1 Evacuation Pause)
[2020-02-17T03:15:42.561+0000][gc,task       ] GC(8) Using 10 workers of 10 for evacuation
[2020-02-17T03:15:42.566+0000][gc,phases     ] GC(8)   Pre Evacuate Collection Set: 0.0ms
[2020-02-17T03:15:42.566+0000][gc,phases     ] GC(8)   Evacuate Collection Set: 3.4ms
[2020-02-17T03:15:42.566+0000][gc,phases     ] GC(8)   Post Evacuate Collection Set: 1.1ms
[2020-02-17T03:15:42.566+0000][gc,phases     ] GC(8)   Other: 0.4ms
[2020-02-17T03:15:42.566+0000][gc,heap       ] GC(8) Eden regions: 48->0(48)
[2020-02-17T03:15:42.566+0000][gc,heap       ] GC(8) Survivor regions: 3->3(7)
[2020-02-17T03:15:42.566+0000][gc,heap       ] GC(8) Old regions: 12->12
[2020-02-17T03:15:42.566+0000][gc,heap       ] GC(8) Humongous regions: 129->129
[2020-02-17T03:15:42.566+0000][gc,metaspace  ] GC(8) Metaspace: 37517K->37517K(1083392K)
[2020-02-17T03:15:42.566+0000][gc            ] GC(8) Pause Young (Normal) (G1 Evacuation Pause) 190M->142M(1024M) 5.187ms
[2020-02-17T03:15:42.566+0000][gc,cpu        ] GC(8) User=0.03s Sys=0.00s Real=0.01s
[2020-02-17T03:38:32.138+0000][gc,start      ] GC(9) Pause Young (Normal) (G1 Evacuation Pause)
[2020-02-17T03:38:32.138+0000][gc,task       ] GC(9) Using 10 workers of 10 for evacuation
[2020-02-17T03:38:32.143+0000][gc,phases     ] GC(9)   Pre Evacuate Collection Set: 0.0ms
[2020-02-17T03:38:32.143+0000][gc,phases     ] GC(9)   Evacuate Collection Set: 3.7ms
[2020-02-17T03:38:32.143+0000][gc,phases     ] GC(9)   Post Evacuate Collection Set: 1.1ms
[2020-02-17T03:38:32.143+0000][gc,phases     ] GC(9)   Other: 0.4ms
[2020-02-17T03:38:32.143+0000][gc,heap       ] GC(9) Eden regions: 48->0(49)
[2020-02-17T03:38:32.143+0000][gc,heap       ] GC(9) Survivor regions: 3->3(7)
[2020-02-17T03:38:32.143+0000][gc,heap       ] GC(9) Old regions: 12->12
[2020-02-17T03:38:32.143+0000][gc,heap       ] GC(9) Humongous regions: 129->129
[2020-02-17T03:38:32.143+0000][gc,metaspace  ] GC(9) Metaspace: 37606K->37606K(1083392K)
[2020-02-17T03:38:32.143+0000][gc            ] GC(9) Pause Young (Normal) (G1 Evacuation Pause) 190M->142M(1024M) 5.489ms
[2020-02-17T03:38:32.143+0000][gc,cpu        ] GC(9) User=0.04s Sys=0.01s Real=0.00s
[2020-02-17T03:50:48.798+0000][gc,start      ] GC(10) Pause Young (Normal) (G1 Evacuation Pause)
[2020-02-17T03:50:48.798+0000][gc,task       ] GC(10) Using 10 workers of 10 for evacuation
[2020-02-17T03:50:48.805+0000][gc,phases     ] GC(10)   Pre Evacuate Collection Set: 0.0ms
[2020-02-17T03:50:48.805+0000][gc,phases     ] GC(10)   Evacuate Collection Set: 5.4ms
[2020-02-17T03:50:48.805+0000][gc,phases     ] GC(10)   Post Evacuate Collection Set: 1.2ms
[2020-02-17T03:50:48.805+0000][gc,phases     ] GC(10)   Other: 0.4ms
[2020-02-17T03:50:48.805+0000][gc,heap       ] GC(10) Eden regions: 49->0(54)
[2020-02-17T03:50:48.805+0000][gc,heap       ] GC(10) Survivor regions: 3->5(7)
[2020-02-17T03:50:48.805+0000][gc,heap       ] GC(10) Old regions: 12->12
[2020-02-17T03:50:48.805+0000][gc,heap       ] GC(10) Humongous regions: 129->129
[2020-02-17T03:50:48.805+0000][gc,metaspace  ] GC(10) Metaspace: 39538K->39538K(1085440K)
[2020-02-17T03:50:48.805+0000][gc            ] GC(10) Pause Young (Normal) (G1 Evacuation Pause) 191M->144M(1024M) 7.311ms
[2020-02-17T03:50:48.805+0000][gc,cpu        ] GC(10) User=0.05s Sys=0.00s Real=0.01s
[2020-02-17T04:04:23.145+0000][gc,start      ] GC(11) Pause Young (Normal) (G1 Evacuation Pause)
[2020-02-17T04:04:23.145+0000][gc,task       ] GC(11) Using 10 workers of 10 for evacuation
[2020-02-17T04:04:23.153+0000][gc,phases     ] GC(11)   Pre Evacuate Collection Set: 0.0ms
[2020-02-17T04:04:23.153+0000][gc,phases     ] GC(11)   Evacuate Collection Set: 6.8ms
[2020-02-17T04:04:23.153+0000][gc,phases     ] GC(11)   Post Evacuate Collection Set: 1.3ms
[2020-02-17T04:04:23.153+0000][gc,phases     ] GC(11)   Other: 0.4ms
[2020-02-17T04:04:23.153+0000][gc,heap       ] GC(11) Eden regions: 54->0(364)
[2020-02-17T04:04:23.153+0000][gc,heap       ] GC(11) Survivor regions: 5->6(8)
[2020-02-17T04:04:23.153+0000][gc,heap       ] GC(11) Old regions: 12->12
[2020-02-17T04:04:23.153+0000][gc,heap       ] GC(11) Humongous regions: 129->129
[2020-02-17T04:04:23.153+0000][gc,metaspace  ] GC(11) Metaspace: 39624K->39624K(1085440K)
[2020-02-17T04:04:23.153+0000][gc            ] GC(11) Pause Young (Normal) (G1 Evacuation Pause) 198M->145M(1024M) 8.737ms
[2020-02-17T04:04:23.154+0000][gc,cpu        ] GC(11) User=0.07s Sys=0.01s Real=0.00s
[2020-02-17T06:25:53.260+0000][gc,start      ] GC(12) Pause Young (Normal) (G1 Evacuation Pause)
[2020-02-17T06:25:53.260+0000][gc,task       ] GC(12) Using 10 workers of 10 for evacuation
[2020-02-17T06:25:53.269+0000][gc,phases     ] GC(12)   Pre Evacuate Collection Set: 0.0ms
[2020-02-17T06:25:53.269+0000][gc,phases     ] GC(12)   Evacuate Collection Set: 6.7ms
[2020-02-17T06:25:53.269+0000][gc,phases     ] GC(12)   Post Evacuate Collection Set: 1.7ms
[2020-02-17T06:25:53.269+0000][gc,phases     ] GC(12)   Other: 0.5ms
[2020-02-17T06:25:53.269+0000][gc,heap       ] GC(12) Eden regions: 364->0(294)
[2020-02-17T06:25:53.269+0000][gc,heap       ] GC(12) Survivor regions: 6->6(47)
[2020-02-17T06:25:53.269+0000][gc,heap       ] GC(12) Old regions: 12->12
[2020-02-17T06:25:53.269+0000][gc,heap       ] GC(12) Humongous regions: 129->129
[2020-02-17T06:25:53.269+0000][gc,metaspace  ] GC(12) Metaspace: 39961K->39961K(1085440K)
[2020-02-17T06:25:53.269+0000][gc            ] GC(12) Pause Young (Normal) (G1 Evacuation Pause) 509M->145M(1024M) 9.289ms
[2020-02-17T06:25:53.269+0000][gc,cpu        ] GC(12) User=0.07s Sys=0.00s Real=0.01s
[2020-02-17T08:36:08.211+0000][gc,start      ] GC(13) Pause Young (Normal) (G1 Evacuation Pause)
[2020-02-17T08:36:08.211+0000][gc,task       ] GC(13) Using 10 workers of 10 for evacuation
[2020-02-17T08:36:08.219+0000][gc,phases     ] GC(13)   Pre Evacuate Collection Set: 0.0ms
[2020-02-17T08:36:08.219+0000][gc,phases     ] GC(13)   Evacuate Collection Set: 6.0ms
[2020-02-17T08:36:08.219+0000][gc,phases     ] GC(13)   Post Evacuate Collection Set: 1.5ms
[2020-02-17T08:36:08.219+0000][gc,phases     ] GC(13)   Other: 0.5ms
[2020-02-17T08:36:08.219+0000][gc,heap       ] GC(13) Eden regions: 294->0(544)
[2020-02-17T08:36:08.219+0000][gc,heap       ] GC(13) Survivor regions: 6->6(38)
[2020-02-17T08:36:08.219+0000][gc,heap       ] GC(13) Old regions: 12->12
[2020-02-17T08:36:08.219+0000][gc,heap       ] GC(13) Humongous regions: 129->129
[2020-02-17T08:36:08.219+0000][gc,metaspace  ] GC(13) Metaspace: 40193K->40193K(1085440K)
[2020-02-17T08:36:08.219+0000][gc            ] GC(13) Pause Young (Normal) (G1 Evacuation Pause) 439M->145M(1024M) 8.264ms
[2020-02-17T08:36:08.219+0000][gc,cpu        ] GC(13) User=0.06s Sys=0.00s Real=0.01s
[2020-02-17T10:02:14.947+0000][gc,start      ] GC(14) Pause Young (Normal) (G1 Evacuation Pause)
[2020-02-17T10:02:14.947+0000][gc,task       ] GC(14) Using 10 workers of 10 for evacuation
[2020-02-17T10:02:14.955+0000][gc,phases     ] GC(14)   Pre Evacuate Collection Set: 0.0ms
[2020-02-17T10:02:14.955+0000][gc,phases     ] GC(14)   Evacuate Collection Set: 6.4ms
[2020-02-17T10:02:14.955+0000][gc,phases     ] GC(14)   Post Evacuate Collection Set: 1.3ms
[2020-02-17T10:02:14.955+0000][gc,phases     ] GC(14)   Other: 0.4ms
[2020-02-17T10:02:14.955+0000][gc,heap       ] GC(14) Eden regions: 219->0(609)
[2020-02-17T10:02:14.955+0000][gc,heap       ] GC(14) Survivor regions: 6->5(29)
[2020-02-17T10:02:14.955+0000][gc,heap       ] GC(14) Old regions: 12->12
[2020-02-17T10:02:14.955+0000][gc,heap       ] GC(14) Humongous regions: 129->129
[2020-02-17T10:02:14.955+0000][gc,metaspace  ] GC(14) Metaspace: 40748K->40748K(1085440K)
[2020-02-17T10:02:14.955+0000][gc            ] GC(14) Pause Young (Normal) (G1 Evacuation Pause) 364M->145M(1024M) 8.365ms
[2020-02-17T10:02:14.955+0000][gc,cpu        ] GC(14) User=0.06s Sys=0.00s Real=0.01s
[2020-02-17T10:02:14.989+0000][gc,heap,exit  ] Heap
[2020-02-17T10:02:14.989+0000][gc,heap,exit  ]  garbage-first heap   total 1048576K, used 151709K [0x00000000c0000000, 0x0000000100000000)
[2020-02-17T10:02:14.989+0000][gc,heap,exit  ]   region size 1024K, 9 young (9216K), 5 survivors (5120K)
[2020-02-17T10:02:14.989+0000][gc,heap,exit  ]  Metaspace       used 40804K, capacity 43447K, committed 43692K, reserved 1085440K
[2020-02-17T10:02:14.989+0000][gc,heap,exit  ]   class space    used 5600K, capacity 6803K, committed 6912K, reserved 1048576K
