[2020-02-11T08:09:08.506+0000][gc,heap] Heap region size: 1M
[2020-02-11T08:09:08.522+0000][gc     ] Using G1
[2020-02-11T08:09:08.522+0000][gc,heap,coops] Heap address: 0x00000000c0000000, size: 1024 MB, Compressed Oops mode: 32-bit
[2020-02-11T08:09:09.817+0000][gc,start     ] GC(0) Pause Young (Normal) (G1 Evacuation Pause)
[2020-02-11T08:09:09.819+0000][gc,task      ] GC(0) Using 10 workers of 10 for evacuation
[2020-02-11T08:09:09.825+0000][gc,phases    ] GC(0)   Pre Evacuate Collection Set: 0.0ms
[2020-02-11T08:09:09.825+0000][gc,phases    ] GC(0)   Evacuate Collection Set: 4.3ms
[2020-02-11T08:09:09.825+0000][gc,phases    ] GC(0)   Post Evacuate Collection Set: 0.9ms
[2020-02-11T08:09:09.825+0000][gc,phases    ] GC(0)   Other: 2.3ms
[2020-02-11T08:09:09.825+0000][gc,heap      ] GC(0) Eden regions: 51->0(44)
[2020-02-11T08:09:09.825+0000][gc,heap      ] GC(0) Survivor regions: 0->7(7)
[2020-02-11T08:09:09.825+0000][gc,heap      ] GC(0) Old regions: 0->0
[2020-02-11T08:09:09.825+0000][gc,heap      ] GC(0) Humongous regions: 0->0
[2020-02-11T08:09:09.825+0000][gc,metaspace ] GC(0) Metaspace: 15913K->15913K(1062912K)
[2020-02-11T08:09:09.825+0000][gc           ] GC(0) Pause Young (Normal) (G1 Evacuation Pause) 51M->6M(1024M) 7.696ms
[2020-02-11T08:09:09.825+0000][gc,cpu       ] GC(0) User=0.04s Sys=0.00s Real=0.01s
[2020-02-11T08:09:10.190+0000][gc,start     ] GC(1) Pause Young (Concurrent Start) (Metadata GC Threshold)
[2020-02-11T08:09:10.190+0000][gc,task      ] GC(1) Using 10 workers of 10 for evacuation
[2020-02-11T08:09:10.203+0000][gc,phases    ] GC(1)   Pre Evacuate Collection Set: 0.1ms
[2020-02-11T08:09:10.203+0000][gc,phases    ] GC(1)   Evacuate Collection Set: 11.3ms
[2020-02-11T08:09:10.203+0000][gc,phases    ] GC(1)   Post Evacuate Collection Set: 0.7ms
[2020-02-11T08:09:10.203+0000][gc,phases    ] GC(1)   Other: 0.4ms
[2020-02-11T08:09:10.203+0000][gc,heap      ] GC(1) Eden regions: 20->0(49)
[2020-02-11T08:09:10.203+0000][gc,heap      ] GC(1) Survivor regions: 7->2(7)
[2020-02-11T08:09:10.203+0000][gc,heap      ] GC(1) Old regions: 0->7
[2020-02-11T08:09:10.203+0000][gc,heap      ] GC(1) Humongous regions: 129->129
[2020-02-11T08:09:10.203+0000][gc,metaspace ] GC(1) Metaspace: 20545K->20545K(1067008K)
[2020-02-11T08:09:10.203+0000][gc           ] GC(1) Pause Young (Concurrent Start) (Metadata GC Threshold) 155M->137M(1024M) 12.695ms
[2020-02-11T08:09:10.203+0000][gc,cpu       ] GC(1) User=0.04s Sys=0.01s Real=0.01s
[2020-02-11T08:09:10.203+0000][gc           ] GC(2) Concurrent Cycle
[2020-02-11T08:09:10.203+0000][gc,marking   ] GC(2) Concurrent Clear Claimed Marks
[2020-02-11T08:09:10.203+0000][gc,marking   ] GC(2) Concurrent Clear Claimed Marks 0.043ms
[2020-02-11T08:09:10.203+0000][gc,marking   ] GC(2) Concurrent Scan Root Regions
[2020-02-11T08:09:10.204+0000][gc,marking   ] GC(2) Concurrent Scan Root Regions 1.235ms
[2020-02-11T08:09:10.204+0000][gc,marking   ] GC(2) Concurrent Mark (1.703s)
[2020-02-11T08:09:10.204+0000][gc,marking   ] GC(2) Concurrent Mark From Roots
[2020-02-11T08:09:10.205+0000][gc,task      ] GC(2) Using 3 workers of 3 for marking
[2020-02-11T08:09:10.213+0000][gc,marking   ] GC(2) Concurrent Mark From Roots 8.812ms
[2020-02-11T08:09:10.213+0000][gc,marking   ] GC(2) Concurrent Preclean
[2020-02-11T08:09:10.213+0000][gc,marking   ] GC(2) Concurrent Preclean 0.174ms
[2020-02-11T08:09:10.214+0000][gc,marking   ] GC(2) Concurrent Mark (1.703s, 1.712s) 9.047ms
[2020-02-11T08:09:10.214+0000][gc,start     ] GC(2) Pause Remark
[2020-02-11T08:09:10.216+0000][gc,stringtable] GC(2) Cleaned string and symbol table, strings: 9083 processed, 0 removed, symbols: 49996 processed, 48 removed
[2020-02-11T08:09:10.216+0000][gc            ] GC(2) Pause Remark 138M->138M(1024M) 1.809ms
[2020-02-11T08:09:10.216+0000][gc,cpu        ] GC(2) User=0.01s Sys=0.00s Real=0.00s
[2020-02-11T08:09:10.216+0000][gc,marking    ] GC(2) Concurrent Rebuild Remembered Sets
[2020-02-11T08:09:10.219+0000][gc,marking    ] GC(2) Concurrent Rebuild Remembered Sets 3.236ms
[2020-02-11T08:09:10.220+0000][gc,start      ] GC(2) Pause Cleanup
[2020-02-11T08:09:10.220+0000][gc            ] GC(2) Pause Cleanup 138M->138M(1024M) 0.377ms
[2020-02-11T08:09:10.220+0000][gc,cpu        ] GC(2) User=0.01s Sys=0.00s Real=0.00s
[2020-02-11T08:09:10.220+0000][gc,marking    ] GC(2) Concurrent Cleanup for Next Mark
[2020-02-11T08:09:10.223+0000][gc,marking    ] GC(2) Concurrent Cleanup for Next Mark 3.132ms
[2020-02-11T08:09:10.223+0000][gc            ] GC(2) Concurrent Cycle 20.101ms
[2020-02-11T08:09:10.982+0000][gc,start      ] GC(3) Pause Young (Normal) (G1 Evacuation Pause)
[2020-02-11T08:09:10.982+0000][gc,task       ] GC(3) Using 10 workers of 10 for evacuation
[2020-02-11T08:09:10.986+0000][gc,phases     ] GC(3)   Pre Evacuate Collection Set: 0.1ms
[2020-02-11T08:09:10.986+0000][gc,phases     ] GC(3)   Evacuate Collection Set: 3.0ms
[2020-02-11T08:09:10.986+0000][gc,phases     ] GC(3)   Post Evacuate Collection Set: 0.6ms
[2020-02-11T08:09:10.986+0000][gc,phases     ] GC(3)   Other: 0.2ms
[2020-02-11T08:09:10.986+0000][gc,heap       ] GC(3) Eden regions: 49->0(45)
[2020-02-11T08:09:10.986+0000][gc,heap       ] GC(3) Survivor regions: 2->6(7)
[2020-02-11T08:09:10.986+0000][gc,heap       ] GC(3) Old regions: 7->7
[2020-02-11T08:09:10.986+0000][gc,heap       ] GC(3) Humongous regions: 129->129
[2020-02-11T08:09:10.986+0000][gc,metaspace  ] GC(3) Metaspace: 29972K->29972K(1077248K)
[2020-02-11T08:09:10.986+0000][gc            ] GC(3) Pause Young (Normal) (G1 Evacuation Pause) 186M->140M(1024M) 4.013ms
[2020-02-11T08:09:10.986+0000][gc,cpu        ] GC(3) User=0.04s Sys=0.00s Real=0.01s
[2020-02-11T08:14:37.535+0000][gc,start      ] GC(4) Pause Young (Concurrent Start) (Metadata GC Threshold)
[2020-02-11T08:14:37.535+0000][gc,task       ] GC(4) Using 10 workers of 10 for evacuation
[2020-02-11T08:14:37.547+0000][gc,phases     ] GC(4)   Pre Evacuate Collection Set: 0.2ms
[2020-02-11T08:14:37.547+0000][gc,phases     ] GC(4)   Evacuate Collection Set: 9.6ms
[2020-02-11T08:14:37.547+0000][gc,phases     ] GC(4)   Post Evacuate Collection Set: 1.1ms
[2020-02-11T08:14:37.547+0000][gc,phases     ] GC(4)   Other: 0.6ms
[2020-02-11T08:14:37.547+0000][gc,heap       ] GC(4) Eden regions: 23->0(49)
[2020-02-11T08:14:37.547+0000][gc,heap       ] GC(4) Survivor regions: 6->2(7)
[2020-02-11T08:14:37.547+0000][gc,heap       ] GC(4) Old regions: 7->12
[2020-02-11T08:14:37.547+0000][gc,heap       ] GC(4) Humongous regions: 129->129
[2020-02-11T08:14:37.547+0000][gc,metaspace  ] GC(4) Metaspace: 34129K->34129K(1079296K)
[2020-02-11T08:14:37.547+0000][gc            ] GC(4) Pause Young (Concurrent Start) (Metadata GC Threshold) 163M->141M(1024M) 11.810ms
[2020-02-11T08:14:37.547+0000][gc,cpu        ] GC(4) User=0.05s Sys=0.00s Real=0.01s
[2020-02-11T08:14:37.547+0000][gc            ] GC(5) Concurrent Cycle
[2020-02-11T08:14:37.547+0000][gc,marking    ] GC(5) Concurrent Clear Claimed Marks
[2020-02-11T08:14:37.547+0000][gc,marking    ] GC(5) Concurrent Clear Claimed Marks 0.099ms
[2020-02-11T08:14:37.548+0000][gc,marking    ] GC(5) Concurrent Scan Root Regions
[2020-02-11T08:14:37.549+0000][gc,marking    ] GC(5) Concurrent Scan Root Regions 1.344ms
[2020-02-11T08:14:37.549+0000][gc,marking    ] GC(5) Concurrent Mark (329.048s)
[2020-02-11T08:14:37.549+0000][gc,marking    ] GC(5) Concurrent Mark From Roots
[2020-02-11T08:14:37.549+0000][gc,task       ] GC(5) Using 3 workers of 3 for marking
[2020-02-11T08:14:37.560+0000][gc,marking    ] GC(5) Concurrent Mark From Roots 10.658ms
[2020-02-11T08:14:37.560+0000][gc,marking    ] GC(5) Concurrent Preclean
[2020-02-11T08:14:37.560+0000][gc,marking    ] GC(5) Concurrent Preclean 0.346ms
[2020-02-11T08:14:37.560+0000][gc,marking    ] GC(5) Concurrent Mark (329.048s, 329.059s) 11.124ms
[2020-02-11T08:14:37.560+0000][gc,start      ] GC(5) Pause Remark
[2020-02-11T08:14:37.562+0000][gc,stringtable] GC(5) Cleaned string and symbol table, strings: 14926 processed, 9 removed, symbols: 78297 processed, 33 removed
[2020-02-11T08:14:37.563+0000][gc            ] GC(5) Pause Remark 141M->141M(1024M) 2.326ms
[2020-02-11T08:14:37.563+0000][gc,cpu        ] GC(5) User=0.01s Sys=0.00s Real=0.00s
[2020-02-11T08:14:37.563+0000][gc,marking    ] GC(5) Concurrent Rebuild Remembered Sets
[2020-02-11T08:14:37.568+0000][gc,marking    ] GC(5) Concurrent Rebuild Remembered Sets 4.978ms
[2020-02-11T08:14:37.568+0000][gc,start      ] GC(5) Pause Cleanup
[2020-02-11T08:14:37.568+0000][gc            ] GC(5) Pause Cleanup 141M->141M(1024M) 0.314ms
[2020-02-11T08:14:37.568+0000][gc,cpu        ] GC(5) User=0.00s Sys=0.00s Real=0.00s
[2020-02-11T08:14:37.568+0000][gc,marking    ] GC(5) Concurrent Cleanup for Next Mark
[2020-02-11T08:14:37.572+0000][gc,marking    ] GC(5) Concurrent Cleanup for Next Mark 3.331ms
[2020-02-11T08:14:37.572+0000][gc            ] GC(5) Concurrent Cycle 24.510ms
[2020-02-11T08:40:24.159+0000][gc,start      ] GC(6) Pause Young (Normal) (G1 Evacuation Pause)
[2020-02-11T08:40:24.159+0000][gc,task       ] GC(6) Using 10 workers of 10 for evacuation
[2020-02-11T08:40:24.164+0000][gc,phases     ] GC(6)   Pre Evacuate Collection Set: 0.0ms
[2020-02-11T08:40:24.164+0000][gc,phases     ] GC(6)   Evacuate Collection Set: 3.1ms
[2020-02-11T08:40:24.164+0000][gc,phases     ] GC(6)   Post Evacuate Collection Set: 0.9ms
[2020-02-11T08:40:24.164+0000][gc,phases     ] GC(6)   Other: 0.3ms
[2020-02-11T08:40:24.164+0000][gc,heap       ] GC(6) Eden regions: 49->0(49)
[2020-02-11T08:40:24.164+0000][gc,heap       ] GC(6) Survivor regions: 2->2(7)
[2020-02-11T08:40:24.164+0000][gc,heap       ] GC(6) Old regions: 12->12
[2020-02-11T08:40:24.164+0000][gc,heap       ] GC(6) Humongous regions: 129->129
[2020-02-11T08:40:24.164+0000][gc,metaspace  ] GC(6) Metaspace: 35231K->35231K(1081344K)
[2020-02-11T08:40:24.164+0000][gc            ] GC(6) Pause Young (Normal) (G1 Evacuation Pause) 190M->141M(1024M) 4.631ms
[2020-02-11T08:40:24.164+0000][gc,cpu        ] GC(6) User=0.03s Sys=0.00s Real=0.00s
[2020-02-11T09:10:56.399+0000][gc,start      ] GC(7) Pause Young (Normal) (G1 Evacuation Pause)
[2020-02-11T09:10:56.399+0000][gc,task       ] GC(7) Using 10 workers of 10 for evacuation
[2020-02-11T09:10:56.404+0000][gc,phases     ] GC(7)   Pre Evacuate Collection Set: 0.0ms
[2020-02-11T09:10:56.404+0000][gc,phases     ] GC(7)   Evacuate Collection Set: 3.7ms
[2020-02-11T09:10:56.404+0000][gc,phases     ] GC(7)   Post Evacuate Collection Set: 1.1ms
[2020-02-11T09:10:56.404+0000][gc,phases     ] GC(7)   Other: 0.4ms
[2020-02-11T09:10:56.405+0000][gc,heap       ] GC(7) Eden regions: 49->0(49)
[2020-02-11T09:10:56.405+0000][gc,heap       ] GC(7) Survivor regions: 2->2(7)
[2020-02-11T09:10:56.405+0000][gc,heap       ] GC(7) Old regions: 12->12
[2020-02-11T09:10:56.405+0000][gc,heap       ] GC(7) Humongous regions: 129->129
[2020-02-11T09:10:56.405+0000][gc,metaspace  ] GC(7) Metaspace: 35422K->35422K(1081344K)
[2020-02-11T09:10:56.405+0000][gc            ] GC(7) Pause Young (Normal) (G1 Evacuation Pause) 190M->141M(1024M) 5.356ms
[2020-02-11T09:10:56.405+0000][gc,cpu        ] GC(7) User=0.04s Sys=0.00s Real=0.01s
[2020-02-11T09:42:55.080+0000][gc,start      ] GC(8) Pause Young (Normal) (G1 Evacuation Pause)
[2020-02-11T09:42:55.080+0000][gc,task       ] GC(8) Using 10 workers of 10 for evacuation
[2020-02-11T09:42:55.084+0000][gc,phases     ] GC(8)   Pre Evacuate Collection Set: 0.0ms
[2020-02-11T09:42:55.084+0000][gc,phases     ] GC(8)   Evacuate Collection Set: 2.8ms
[2020-02-11T09:42:55.084+0000][gc,phases     ] GC(8)   Post Evacuate Collection Set: 1.0ms
[2020-02-11T09:42:55.084+0000][gc,phases     ] GC(8)   Other: 0.4ms
[2020-02-11T09:42:55.084+0000][gc,heap       ] GC(8) Eden regions: 49->0(52)
[2020-02-11T09:42:55.084+0000][gc,heap       ] GC(8) Survivor regions: 2->2(7)
[2020-02-11T09:42:55.084+0000][gc,heap       ] GC(8) Old regions: 12->12
[2020-02-11T09:42:55.084+0000][gc,heap       ] GC(8) Humongous regions: 129->129
[2020-02-11T09:42:55.084+0000][gc,metaspace  ] GC(8) Metaspace: 35496K->35496K(1081344K)
[2020-02-11T09:42:55.084+0000][gc            ] GC(8) Pause Young (Normal) (G1 Evacuation Pause) 190M->141M(1024M) 4.499ms
[2020-02-11T09:42:55.084+0000][gc,cpu        ] GC(8) User=0.03s Sys=0.00s Real=0.01s
[2020-02-11T10:16:40.117+0000][gc,start      ] GC(9) Pause Young (Normal) (G1 Evacuation Pause)
[2020-02-11T10:16:40.117+0000][gc,task       ] GC(9) Using 10 workers of 10 for evacuation
[2020-02-11T10:16:40.123+0000][gc,phases     ] GC(9)   Pre Evacuate Collection Set: 0.0ms
[2020-02-11T10:16:40.123+0000][gc,phases     ] GC(9)   Evacuate Collection Set: 4.0ms
[2020-02-11T10:16:40.123+0000][gc,phases     ] GC(9)   Post Evacuate Collection Set: 1.1ms
[2020-02-11T10:16:40.123+0000][gc,phases     ] GC(9)   Other: 0.4ms
[2020-02-11T10:16:40.123+0000][gc,heap       ] GC(9) Eden regions: 52->0(321)
[2020-02-11T10:16:40.123+0000][gc,heap       ] GC(9) Survivor regions: 2->2(7)
[2020-02-11T10:16:40.123+0000][gc,heap       ] GC(9) Old regions: 12->12
[2020-02-11T10:16:40.123+0000][gc,heap       ] GC(9) Humongous regions: 129->129
[2020-02-11T10:16:40.123+0000][gc,metaspace  ] GC(9) Metaspace: 35548K->35548K(1081344K)
[2020-02-11T10:16:40.123+0000][gc            ] GC(9) Pause Young (Normal) (G1 Evacuation Pause) 193M->141M(1024M) 5.751ms
[2020-02-11T10:16:40.123+0000][gc,cpu        ] GC(9) User=0.05s Sys=0.00s Real=0.00s
[2020-02-11T13:46:50.271+0000][gc,start      ] GC(10) Pause Young (Normal) (G1 Evacuation Pause)
[2020-02-11T13:46:50.271+0000][gc,task       ] GC(10) Using 10 workers of 10 for evacuation
[2020-02-11T13:46:50.277+0000][gc,phases     ] GC(10)   Pre Evacuate Collection Set: 0.0ms
[2020-02-11T13:46:50.277+0000][gc,phases     ] GC(10)   Evacuate Collection Set: 4.3ms
[2020-02-11T13:46:50.277+0000][gc,phases     ] GC(10)   Post Evacuate Collection Set: 1.2ms
[2020-02-11T13:46:50.277+0000][gc,phases     ] GC(10)   Other: 0.6ms
[2020-02-11T13:46:50.277+0000][gc,heap       ] GC(10) Eden regions: 321->0(370)
[2020-02-11T13:46:50.277+0000][gc,heap       ] GC(10) Survivor regions: 2->2(41)
[2020-02-11T13:46:50.277+0000][gc,heap       ] GC(10) Old regions: 12->12
[2020-02-11T13:46:50.277+0000][gc,heap       ] GC(10) Humongous regions: 129->129
[2020-02-11T13:46:50.277+0000][gc,metaspace  ] GC(10) Metaspace: 35709K->35709K(1081344K)
[2020-02-11T13:46:50.277+0000][gc            ] GC(10) Pause Young (Normal) (G1 Evacuation Pause) 462M->141M(1024M) 6.413ms
[2020-02-11T13:46:50.277+0000][gc,cpu        ] GC(10) User=0.04s Sys=0.00s Real=0.01s
[2020-02-11T17:51:39.917+0000][gc,start      ] GC(11) Pause Young (Normal) (G1 Evacuation Pause)
[2020-02-11T17:51:39.917+0000][gc,task       ] GC(11) Using 10 workers of 10 for evacuation
[2020-02-11T17:51:39.923+0000][gc,phases     ] GC(11)   Pre Evacuate Collection Set: 0.0ms
[2020-02-11T17:51:39.923+0000][gc,phases     ] GC(11)   Evacuate Collection Set: 4.1ms
[2020-02-11T17:51:39.923+0000][gc,phases     ] GC(11)   Post Evacuate Collection Set: 1.3ms
[2020-02-11T17:51:39.923+0000][gc,phases     ] GC(11)   Other: 0.5ms
[2020-02-11T17:51:39.923+0000][gc,heap       ] GC(11) Eden regions: 370->0(462)
[2020-02-11T17:51:39.923+0000][gc,heap       ] GC(11) Survivor regions: 2->2(47)
[2020-02-11T17:51:39.923+0000][gc,heap       ] GC(11) Old regions: 12->12
[2020-02-11T17:51:39.923+0000][gc,heap       ] GC(11) Humongous regions: 129->129
[2020-02-11T17:51:39.923+0000][gc,metaspace  ] GC(11) Metaspace: 35799K->35799K(1081344K)
[2020-02-11T17:51:39.923+0000][gc            ] GC(11) Pause Young (Normal) (G1 Evacuation Pause) 511M->141M(1024M) 6.177ms
[2020-02-11T17:51:39.923+0000][gc,cpu        ] GC(11) User=0.04s Sys=0.00s Real=0.00s
[2020-02-11T22:57:43.278+0000][gc,start      ] GC(12) Pause Young (Normal) (G1 Evacuation Pause)
[2020-02-11T22:57:43.278+0000][gc,task       ] GC(12) Using 10 workers of 10 for evacuation
[2020-02-11T22:57:43.285+0000][gc,phases     ] GC(12)   Pre Evacuate Collection Set: 0.0ms
[2020-02-11T22:57:43.285+0000][gc,phases     ] GC(12)   Evacuate Collection Set: 5.3ms
[2020-02-11T22:57:43.286+0000][gc,phases     ] GC(12)   Post Evacuate Collection Set: 1.4ms
[2020-02-11T22:57:43.286+0000][gc,phases     ] GC(12)   Other: 0.5ms
[2020-02-11T22:57:43.286+0000][gc,heap       ] GC(12) Eden regions: 462->0(612)
[2020-02-11T22:57:43.286+0000][gc,heap       ] GC(12) Survivor regions: 2->2(58)
[2020-02-11T22:57:43.286+0000][gc,heap       ] GC(12) Old regions: 12->12
[2020-02-11T22:57:43.286+0000][gc,heap       ] GC(12) Humongous regions: 129->129
[2020-02-11T22:57:43.286+0000][gc,metaspace  ] GC(12) Metaspace: 35830K->35830K(1081344K)
[2020-02-11T22:57:43.286+0000][gc            ] GC(12) Pause Young (Normal) (G1 Evacuation Pause) 603M->141M(1024M) 7.539ms
[2020-02-11T22:57:43.286+0000][gc,cpu        ] GC(12) User=0.06s Sys=0.00s Real=0.01s
