[2020-02-14T05:57:43.162+0000][gc,heap] Heap region size: 1M
[2020-02-14T05:57:43.177+0000][gc     ] Using G1
[2020-02-14T05:57:43.177+0000][gc,heap,coops] Heap address: 0x00000000c0000000, size: 1024 MB, Compressed Oops mode: 32-bit
[2020-02-14T05:57:44.510+0000][gc,start     ] GC(0) Pause Young (Normal) (G1 Evacuation Pause)
[2020-02-14T05:57:44.513+0000][gc,task      ] GC(0) Using 10 workers of 10 for evacuation
[2020-02-14T05:57:44.520+0000][gc,phases    ] GC(0)   Pre Evacuate Collection Set: 0.0ms
[2020-02-14T05:57:44.520+0000][gc,phases    ] GC(0)   Evacuate Collection Set: 5.8ms
[2020-02-14T05:57:44.520+0000][gc,phases    ] GC(0)   Post Evacuate Collection Set: 1.0ms
[2020-02-14T05:57:44.520+0000][gc,phases    ] GC(0)   Other: 2.6ms
[2020-02-14T05:57:44.520+0000][gc,heap      ] GC(0) Eden regions: 51->0(44)
[2020-02-14T05:57:44.520+0000][gc,heap      ] GC(0) Survivor regions: 0->7(7)
[2020-02-14T05:57:44.520+0000][gc,heap      ] GC(0) Old regions: 0->0
[2020-02-14T05:57:44.520+0000][gc,heap      ] GC(0) Humongous regions: 0->0
[2020-02-14T05:57:44.520+0000][gc,metaspace ] GC(0) Metaspace: 15912K->15912K(1062912K)
[2020-02-14T05:57:44.520+0000][gc           ] GC(0) Pause Young (Normal) (G1 Evacuation Pause) 51M->6M(1024M) 9.806ms
[2020-02-14T05:57:44.520+0000][gc,cpu       ] GC(0) User=0.05s Sys=0.02s Real=0.01s
[2020-02-14T05:57:44.814+0000][gc,start     ] GC(1) Pause Young (Concurrent Start) (Metadata GC Threshold)
[2020-02-14T05:57:44.814+0000][gc,task      ] GC(1) Using 10 workers of 10 for evacuation
[2020-02-14T05:57:44.822+0000][gc,phases    ] GC(1)   Pre Evacuate Collection Set: 0.1ms
[2020-02-14T05:57:44.823+0000][gc,phases    ] GC(1)   Evacuate Collection Set: 7.2ms
[2020-02-14T05:57:44.823+0000][gc,phases    ] GC(1)   Post Evacuate Collection Set: 0.6ms
[2020-02-14T05:57:44.823+0000][gc,phases    ] GC(1)   Other: 0.3ms
[2020-02-14T05:57:44.823+0000][gc,heap      ] GC(1) Eden regions: 18->0(49)
[2020-02-14T05:57:44.823+0000][gc,heap      ] GC(1) Survivor regions: 7->2(7)
[2020-02-14T05:57:44.823+0000][gc,heap      ] GC(1) Old regions: 0->7
[2020-02-14T05:57:44.823+0000][gc,heap      ] GC(1) Humongous regions: 0->0
[2020-02-14T05:57:44.823+0000][gc,metaspace ] GC(1) Metaspace: 20314K->20314K(1067008K)
[2020-02-14T05:57:44.823+0000][gc           ] GC(1) Pause Young (Concurrent Start) (Metadata GC Threshold) 24M->8M(1024M) 8.303ms
[2020-02-14T05:57:44.823+0000][gc,cpu       ] GC(1) User=0.04s Sys=0.00s Real=0.00s
[2020-02-14T05:57:44.823+0000][gc           ] GC(2) Concurrent Cycle
[2020-02-14T05:57:44.823+0000][gc,marking   ] GC(2) Concurrent Clear Claimed Marks
[2020-02-14T05:57:44.823+0000][gc,marking   ] GC(2) Concurrent Clear Claimed Marks 0.021ms
[2020-02-14T05:57:44.823+0000][gc,marking   ] GC(2) Concurrent Scan Root Regions
[2020-02-14T05:57:44.824+0000][gc,marking   ] GC(2) Concurrent Scan Root Regions 0.895ms
[2020-02-14T05:57:44.824+0000][gc,marking   ] GC(2) Concurrent Mark (1.668s)
[2020-02-14T05:57:44.824+0000][gc,marking   ] GC(2) Concurrent Mark From Roots
[2020-02-14T05:57:44.824+0000][gc,task      ] GC(2) Using 3 workers of 3 for marking
[2020-02-14T05:57:44.829+0000][gc,marking   ] GC(2) Concurrent Mark From Roots 5.244ms
[2020-02-14T05:57:44.829+0000][gc,marking   ] GC(2) Concurrent Preclean
[2020-02-14T05:57:44.829+0000][gc,marking   ] GC(2) Concurrent Preclean 0.174ms
[2020-02-14T05:57:44.829+0000][gc,marking   ] GC(2) Concurrent Mark (1.668s, 1.674s) 5.473ms
[2020-02-14T05:57:44.830+0000][gc,start     ] GC(2) Pause Remark
[2020-02-14T05:57:44.832+0000][gc,stringtable] GC(2) Cleaned string and symbol table, strings: 9015 processed, 0 removed, symbols: 49978 processed, 54 removed
[2020-02-14T05:57:44.832+0000][gc            ] GC(2) Pause Remark 8M->8M(1024M) 1.955ms
[2020-02-14T05:57:44.832+0000][gc,cpu        ] GC(2) User=0.01s Sys=0.00s Real=0.00s
[2020-02-14T05:57:44.832+0000][gc,marking    ] GC(2) Concurrent Rebuild Remembered Sets
[2020-02-14T05:57:44.835+0000][gc,marking    ] GC(2) Concurrent Rebuild Remembered Sets 2.798ms
[2020-02-14T05:57:44.836+0000][gc,start      ] GC(2) Pause Cleanup
[2020-02-14T05:57:44.836+0000][gc            ] GC(2) Pause Cleanup 8M->8M(1024M) 0.227ms
[2020-02-14T05:57:44.836+0000][gc,cpu        ] GC(2) User=0.00s Sys=0.00s Real=0.00s
[2020-02-14T05:57:44.836+0000][gc,marking    ] GC(2) Concurrent Cleanup for Next Mark
[2020-02-14T05:57:44.840+0000][gc,marking    ] GC(2) Concurrent Cleanup for Next Mark 4.103ms
[2020-02-14T05:57:44.840+0000][gc            ] GC(2) Concurrent Cycle 17.381ms
[2020-02-14T05:57:45.851+0000][gc,start      ] GC(3) Pause Young (Normal) (G1 Evacuation Pause)
[2020-02-14T05:57:45.851+0000][gc,task       ] GC(3) Using 10 workers of 10 for evacuation
[2020-02-14T05:57:45.855+0000][gc,phases     ] GC(3)   Pre Evacuate Collection Set: 0.1ms
[2020-02-14T05:57:45.855+0000][gc,phases     ] GC(3)   Evacuate Collection Set: 3.6ms
[2020-02-14T05:57:45.855+0000][gc,phases     ] GC(3)   Post Evacuate Collection Set: 0.6ms
[2020-02-14T05:57:45.856+0000][gc,phases     ] GC(3)   Other: 0.3ms
[2020-02-14T05:57:45.856+0000][gc,heap       ] GC(3) Eden regions: 49->0(46)
[2020-02-14T05:57:45.856+0000][gc,heap       ] GC(3) Survivor regions: 2->5(7)
[2020-02-14T05:57:45.856+0000][gc,heap       ] GC(3) Old regions: 7->7
[2020-02-14T05:57:45.856+0000][gc,heap       ] GC(3) Humongous regions: 129->129
[2020-02-14T05:57:45.856+0000][gc,metaspace  ] GC(3) Metaspace: 28436K->28436K(1075200K)
[2020-02-14T05:57:45.856+0000][gc            ] GC(3) Pause Young (Normal) (G1 Evacuation Pause) 186M->140M(1024M) 4.694ms
[2020-02-14T05:57:45.856+0000][gc,cpu        ] GC(3) User=0.02s Sys=0.00s Real=0.01s
[2020-02-14T05:57:46.431+0000][gc,start      ] GC(4) Pause Young (Concurrent Start) (Metadata GC Threshold)
[2020-02-14T05:57:46.431+0000][gc,task       ] GC(4) Using 10 workers of 10 for evacuation
[2020-02-14T05:57:46.436+0000][gc,phases     ] GC(4)   Pre Evacuate Collection Set: 0.1ms
[2020-02-14T05:57:46.436+0000][gc,phases     ] GC(4)   Evacuate Collection Set: 4.0ms
[2020-02-14T05:57:46.436+0000][gc,phases     ] GC(4)   Post Evacuate Collection Set: 0.7ms
[2020-02-14T05:57:46.436+0000][gc,phases     ] GC(4)   Other: 0.4ms
[2020-02-14T05:57:46.436+0000][gc,heap       ] GC(4) Eden regions: 30->0(48)
[2020-02-14T05:57:46.436+0000][gc,heap       ] GC(4) Survivor regions: 5->3(7)
[2020-02-14T05:57:46.436+0000][gc,heap       ] GC(4) Old regions: 7->12
[2020-02-14T05:57:46.436+0000][gc,heap       ] GC(4) Humongous regions: 129->129
[2020-02-14T05:57:46.436+0000][gc,metaspace  ] GC(4) Metaspace: 34036K->34036K(1079296K)
[2020-02-14T05:57:46.436+0000][gc            ] GC(4) Pause Young (Concurrent Start) (Metadata GC Threshold) 170M->142M(1024M) 5.291ms
[2020-02-14T05:57:46.436+0000][gc,cpu        ] GC(4) User=0.03s Sys=0.01s Real=0.01s
[2020-02-14T05:57:46.436+0000][gc            ] GC(5) Concurrent Cycle
[2020-02-14T05:57:46.436+0000][gc,marking    ] GC(5) Concurrent Clear Claimed Marks
[2020-02-14T05:57:46.436+0000][gc,marking    ] GC(5) Concurrent Clear Claimed Marks 0.042ms
[2020-02-14T05:57:46.437+0000][gc,marking    ] GC(5) Concurrent Scan Root Regions
[2020-02-14T05:57:46.439+0000][gc,marking    ] GC(5) Concurrent Scan Root Regions 2.074ms
[2020-02-14T05:57:46.439+0000][gc,marking    ] GC(5) Concurrent Mark (3.283s)
[2020-02-14T05:57:46.439+0000][gc,marking    ] GC(5) Concurrent Mark From Roots
[2020-02-14T05:57:46.439+0000][gc,task       ] GC(5) Using 3 workers of 3 for marking
[2020-02-14T05:57:46.453+0000][gc,marking    ] GC(5) Concurrent Mark From Roots 14.177ms
[2020-02-14T05:57:46.453+0000][gc,marking    ] GC(5) Concurrent Preclean
[2020-02-14T05:57:46.453+0000][gc,marking    ] GC(5) Concurrent Preclean 0.397ms
[2020-02-14T05:57:46.453+0000][gc,marking    ] GC(5) Concurrent Mark (3.283s, 3.298s) 14.648ms
[2020-02-14T05:57:46.453+0000][gc,start      ] GC(5) Pause Remark
[2020-02-14T05:57:46.455+0000][gc,stringtable] GC(5) Cleaned string and symbol table, strings: 15388 processed, 8 removed, symbols: 78398 processed, 30 removed
[2020-02-14T05:57:46.455+0000][gc            ] GC(5) Pause Remark 143M->143M(1024M) 1.908ms
[2020-02-14T05:57:46.455+0000][gc,cpu        ] GC(5) User=0.02s Sys=0.00s Real=0.01s
[2020-02-14T05:57:46.455+0000][gc,marking    ] GC(5) Concurrent Rebuild Remembered Sets
[2020-02-14T05:57:46.462+0000][gc,marking    ] GC(5) Concurrent Rebuild Remembered Sets 6.376ms
[2020-02-14T05:57:46.462+0000][gc,start      ] GC(5) Pause Cleanup
[2020-02-14T05:57:46.462+0000][gc            ] GC(5) Pause Cleanup 143M->143M(1024M) 0.175ms
[2020-02-14T05:57:46.462+0000][gc,cpu        ] GC(5) User=0.00s Sys=0.00s Real=0.00s
[2020-02-14T05:57:46.462+0000][gc,marking    ] GC(5) Concurrent Cleanup for Next Mark
[2020-02-14T05:57:46.466+0000][gc,marking    ] GC(5) Concurrent Cleanup for Next Mark 3.738ms
[2020-02-14T05:57:46.466+0000][gc            ] GC(5) Concurrent Cycle 29.616ms
[2020-02-14T06:03:00.727+0000][gc,start      ] GC(6) Pause Young (Normal) (G1 Evacuation Pause)
[2020-02-14T06:03:00.727+0000][gc,task       ] GC(6) Using 10 workers of 10 for evacuation
[2020-02-14T06:03:00.734+0000][gc,phases     ] GC(6)   Pre Evacuate Collection Set: 0.1ms
[2020-02-14T06:03:00.734+0000][gc,phases     ] GC(6)   Evacuate Collection Set: 5.8ms
[2020-02-14T06:03:00.734+0000][gc,phases     ] GC(6)   Post Evacuate Collection Set: 1.3ms
[2020-02-14T06:03:00.734+0000][gc,phases     ] GC(6)   Other: 0.4ms
[2020-02-14T06:03:00.734+0000][gc,heap       ] GC(6) Eden regions: 48->0(47)
[2020-02-14T06:03:00.734+0000][gc,heap       ] GC(6) Survivor regions: 3->4(7)
[2020-02-14T06:03:00.734+0000][gc,heap       ] GC(6) Old regions: 12->12
[2020-02-14T06:03:00.734+0000][gc,heap       ] GC(6) Humongous regions: 195->129
[2020-02-14T06:03:00.734+0000][gc,metaspace  ] GC(6) Metaspace: 38874K->38874K(1085440K)
[2020-02-14T06:03:00.734+0000][gc            ] GC(6) Pause Young (Normal) (G1 Evacuation Pause) 256M->144M(1024M) 7.717ms
[2020-02-14T06:03:00.734+0000][gc,cpu        ] GC(6) User=0.06s Sys=0.00s Real=0.01s
[2020-02-14T06:11:49.811+0000][gc,start      ] GC(7) Pause Young (Normal) (G1 Evacuation Pause)
[2020-02-14T06:11:49.811+0000][gc,task       ] GC(7) Using 10 workers of 10 for evacuation
[2020-02-14T06:11:49.819+0000][gc,phases     ] GC(7)   Pre Evacuate Collection Set: 0.0ms
[2020-02-14T06:11:49.819+0000][gc,phases     ] GC(7)   Evacuate Collection Set: 6.9ms
[2020-02-14T06:11:49.819+0000][gc,phases     ] GC(7)   Post Evacuate Collection Set: 1.1ms
[2020-02-14T06:11:49.820+0000][gc,phases     ] GC(7)   Other: 0.4ms
[2020-02-14T06:11:49.820+0000][gc,heap       ] GC(7) Eden regions: 47->0(47)
[2020-02-14T06:11:49.820+0000][gc,heap       ] GC(7) Survivor regions: 4->4(7)
[2020-02-14T06:11:49.820+0000][gc,heap       ] GC(7) Old regions: 12->14
[2020-02-14T06:11:49.820+0000][gc,heap       ] GC(7) Humongous regions: 129->129
[2020-02-14T06:11:49.820+0000][gc,metaspace  ] GC(7) Metaspace: 39392K->39392K(1085440K)
[2020-02-14T06:11:49.820+0000][gc            ] GC(7) Pause Young (Normal) (G1 Evacuation Pause) 191M->145M(1024M) 8.745ms
[2020-02-14T06:11:49.820+0000][gc,cpu        ] GC(7) User=0.07s Sys=0.00s Real=0.01s
[2020-02-14T06:21:49.313+0000][gc,start      ] GC(8) Pause Young (Normal) (G1 Evacuation Pause)
[2020-02-14T06:21:49.313+0000][gc,task       ] GC(8) Using 10 workers of 10 for evacuation
[2020-02-14T06:21:49.320+0000][gc,phases     ] GC(8)   Pre Evacuate Collection Set: 0.0ms
[2020-02-14T06:21:49.320+0000][gc,phases     ] GC(8)   Evacuate Collection Set: 5.7ms
[2020-02-14T06:21:49.320+0000][gc,phases     ] GC(8)   Post Evacuate Collection Set: 1.0ms
[2020-02-14T06:21:49.320+0000][gc,phases     ] GC(8)   Other: 0.5ms
[2020-02-14T06:21:49.320+0000][gc,heap       ] GC(8) Eden regions: 47->0(47)
[2020-02-14T06:21:49.320+0000][gc,heap       ] GC(8) Survivor regions: 4->4(7)
[2020-02-14T06:21:49.320+0000][gc,heap       ] GC(8) Old regions: 14->14
[2020-02-14T06:21:49.320+0000][gc,heap       ] GC(8) Humongous regions: 129->129
[2020-02-14T06:21:49.320+0000][gc,metaspace  ] GC(8) Metaspace: 39487K->39487K(1085440K)
[2020-02-14T06:21:49.320+0000][gc            ] GC(8) Pause Young (Normal) (G1 Evacuation Pause) 192M->146M(1024M) 7.455ms
[2020-02-14T06:21:49.320+0000][gc,cpu        ] GC(8) User=0.05s Sys=0.00s Real=0.01s
[2020-02-14T06:32:25.243+0000][gc,start      ] GC(9) Pause Young (Normal) (G1 Evacuation Pause)
[2020-02-14T06:32:25.243+0000][gc,task       ] GC(9) Using 10 workers of 10 for evacuation
[2020-02-14T06:32:25.250+0000][gc,phases     ] GC(9)   Pre Evacuate Collection Set: 0.0ms
[2020-02-14T06:32:25.250+0000][gc,phases     ] GC(9)   Evacuate Collection Set: 5.5ms
[2020-02-14T06:32:25.250+0000][gc,phases     ] GC(9)   Post Evacuate Collection Set: 1.2ms
[2020-02-14T06:32:25.250+0000][gc,phases     ] GC(9)   Other: 0.4ms
[2020-02-14T06:32:25.250+0000][gc,heap       ] GC(9) Eden regions: 47->0(48)
[2020-02-14T06:32:25.250+0000][gc,heap       ] GC(9) Survivor regions: 4->3(7)
[2020-02-14T06:32:25.250+0000][gc,heap       ] GC(9) Old regions: 14->15
[2020-02-14T06:32:25.250+0000][gc,heap       ] GC(9) Humongous regions: 129->129
[2020-02-14T06:32:25.250+0000][gc,metaspace  ] GC(9) Metaspace: 39524K->39524K(1085440K)
[2020-02-14T06:32:25.250+0000][gc            ] GC(9) Pause Young (Normal) (G1 Evacuation Pause) 193M->145M(1024M) 7.448ms
[2020-02-14T06:32:25.250+0000][gc,cpu        ] GC(9) User=0.06s Sys=0.00s Real=0.01s
[2020-02-14T06:43:23.155+0000][gc,start      ] GC(10) Pause Young (Normal) (G1 Evacuation Pause)
[2020-02-14T06:43:23.155+0000][gc,task       ] GC(10) Using 10 workers of 10 for evacuation
[2020-02-14T06:43:23.160+0000][gc,phases     ] GC(10)   Pre Evacuate Collection Set: 0.0ms
[2020-02-14T06:43:23.160+0000][gc,phases     ] GC(10)   Evacuate Collection Set: 3.8ms
[2020-02-14T06:43:23.160+0000][gc,phases     ] GC(10)   Post Evacuate Collection Set: 1.0ms
[2020-02-14T06:43:23.160+0000][gc,phases     ] GC(10)   Other: 0.4ms
[2020-02-14T06:43:23.160+0000][gc,heap       ] GC(10) Eden regions: 48->0(57)
[2020-02-14T06:43:23.160+0000][gc,heap       ] GC(10) Survivor regions: 3->3(7)
[2020-02-14T06:43:23.160+0000][gc,heap       ] GC(10) Old regions: 15->15
[2020-02-14T06:43:23.160+0000][gc,heap       ] GC(10) Humongous regions: 129->129
[2020-02-14T06:43:23.160+0000][gc,metaspace  ] GC(10) Metaspace: 39543K->39543K(1085440K)
[2020-02-14T06:43:23.160+0000][gc            ] GC(10) Pause Young (Normal) (G1 Evacuation Pause) 193M->145M(1024M) 5.469ms
[2020-02-14T06:43:23.160+0000][gc,cpu        ] GC(10) User=0.04s Sys=0.00s Real=0.00s
[2020-02-14T06:56:35.323+0000][gc,start      ] GC(11) Pause Young (Normal) (G1 Evacuation Pause)
[2020-02-14T06:56:35.323+0000][gc,task       ] GC(11) Using 10 workers of 10 for evacuation
[2020-02-14T06:56:35.328+0000][gc,phases     ] GC(11)   Pre Evacuate Collection Set: 0.0ms
[2020-02-14T06:56:35.328+0000][gc,phases     ] GC(11)   Evacuate Collection Set: 3.8ms
[2020-02-14T06:56:35.328+0000][gc,phases     ] GC(11)   Post Evacuate Collection Set: 1.0ms
[2020-02-14T06:56:35.328+0000][gc,phases     ] GC(11)   Other: 0.4ms
[2020-02-14T06:56:35.328+0000][gc,heap       ] GC(11) Eden regions: 57->0(560)
[2020-02-14T06:56:35.328+0000][gc,heap       ] GC(11) Survivor regions: 3->3(8)
[2020-02-14T06:56:35.328+0000][gc,heap       ] GC(11) Old regions: 15->15
[2020-02-14T06:56:35.328+0000][gc,heap       ] GC(11) Humongous regions: 129->129
[2020-02-14T06:56:35.328+0000][gc,metaspace  ] GC(11) Metaspace: 39584K->39584K(1085440K)
[2020-02-14T06:56:35.328+0000][gc            ] GC(11) Pause Young (Normal) (G1 Evacuation Pause) 202M->145M(1024M) 5.553ms
[2020-02-14T06:56:35.329+0000][gc,cpu        ] GC(11) User=0.04s Sys=0.00s Real=0.01s
[2020-02-14T09:00:20.842+0000][gc,start      ] GC(12) Pause Young (Normal) (G1 Evacuation Pause)
[2020-02-14T09:00:20.842+0000][gc,task       ] GC(12) Using 10 workers of 10 for evacuation
[2020-02-14T09:00:20.850+0000][gc,phases     ] GC(12)   Pre Evacuate Collection Set: 0.0ms
[2020-02-14T09:00:20.850+0000][gc,phases     ] GC(12)   Evacuate Collection Set: 6.1ms
[2020-02-14T09:00:20.850+0000][gc,phases     ] GC(12)   Post Evacuate Collection Set: 1.3ms
[2020-02-14T09:00:20.851+0000][gc,phases     ] GC(12)   Other: 0.6ms
[2020-02-14T09:00:20.851+0000][gc,heap       ] GC(12) Eden regions: 560->0(561)
[2020-02-14T09:00:20.851+0000][gc,heap       ] GC(12) Survivor regions: 3->5(71)
[2020-02-14T09:00:20.851+0000][gc,heap       ] GC(12) Old regions: 15->15
[2020-02-14T09:00:20.851+0000][gc,heap       ] GC(12) Humongous regions: 129->129
[2020-02-14T09:00:20.851+0000][gc,metaspace  ] GC(12) Metaspace: 39810K->39810K(1085440K)
[2020-02-14T09:00:20.851+0000][gc            ] GC(12) Pause Young (Normal) (G1 Evacuation Pause) 705M->147M(1024M) 8.304ms
[2020-02-14T09:00:20.851+0000][gc,cpu        ] GC(12) User=0.05s Sys=0.01s Real=0.01s
[2020-02-14T12:25:05.027+0000][gc,start      ] GC(13) Pause Young (Normal) (G1 Evacuation Pause)
[2020-02-14T12:25:05.027+0000][gc,task       ] GC(13) Using 10 workers of 10 for evacuation
[2020-02-14T12:25:05.034+0000][gc,phases     ] GC(13)   Pre Evacuate Collection Set: 0.0ms
[2020-02-14T12:25:05.034+0000][gc,phases     ] GC(13)   Evacuate Collection Set: 5.2ms
[2020-02-14T12:25:05.034+0000][gc,phases     ] GC(13)   Post Evacuate Collection Set: 1.5ms
[2020-02-14T12:25:05.034+0000][gc,phases     ] GC(13)   Other: 0.5ms
[2020-02-14T12:25:05.034+0000][gc,heap       ] GC(13) Eden regions: 561->0(610)
[2020-02-14T12:25:05.034+0000][gc,heap       ] GC(13) Survivor regions: 5->4(71)
[2020-02-14T12:25:05.034+0000][gc,heap       ] GC(13) Old regions: 15->15
[2020-02-14T12:25:05.034+0000][gc,heap       ] GC(13) Humongous regions: 129->129
[2020-02-14T12:25:05.034+0000][gc,metaspace  ] GC(13) Metaspace: 39909K->39909K(1085440K)
[2020-02-14T12:25:05.034+0000][gc            ] GC(13) Pause Young (Normal) (G1 Evacuation Pause) 708M->146M(1024M) 7.478ms
[2020-02-14T12:25:05.034+0000][gc,cpu        ] GC(13) User=0.05s Sys=0.00s Real=0.01s
[2020-02-14T16:17:17.717+0000][gc,start      ] GC(14) Pause Young (Normal) (G1 Evacuation Pause)
[2020-02-14T16:17:17.717+0000][gc,task       ] GC(14) Using 10 workers of 10 for evacuation
[2020-02-14T16:17:17.724+0000][gc,phases     ] GC(14)   Pre Evacuate Collection Set: 0.0ms
[2020-02-14T16:17:17.724+0000][gc,phases     ] GC(14)   Evacuate Collection Set: 5.2ms
[2020-02-14T16:17:17.724+0000][gc,phases     ] GC(14)   Post Evacuate Collection Set: 1.4ms
[2020-02-14T16:17:17.724+0000][gc,phases     ] GC(14)   Other: 0.5ms
[2020-02-14T16:17:17.724+0000][gc,heap       ] GC(14) Eden regions: 610->0(610)
[2020-02-14T16:17:17.724+0000][gc,heap       ] GC(14) Survivor regions: 4->4(77)
[2020-02-14T16:17:17.724+0000][gc,heap       ] GC(14) Old regions: 15->15
[2020-02-14T16:17:17.724+0000][gc,heap       ] GC(14) Humongous regions: 129->129
[2020-02-14T16:17:17.724+0000][gc,metaspace  ] GC(14) Metaspace: 39985K->39985K(1085440K)
[2020-02-14T16:17:17.724+0000][gc            ] GC(14) Pause Young (Normal) (G1 Evacuation Pause) 756M->146M(1024M) 7.352ms
[2020-02-14T16:17:17.725+0000][gc,cpu        ] GC(14) User=0.05s Sys=0.01s Real=0.01s
[2020-02-14T20:09:41.449+0000][gc,start      ] GC(15) Pause Young (Normal) (G1 Evacuation Pause)
[2020-02-14T20:09:41.449+0000][gc,task       ] GC(15) Using 10 workers of 10 for evacuation
[2020-02-14T20:09:41.456+0000][gc,phases     ] GC(15)   Pre Evacuate Collection Set: 0.0ms
[2020-02-14T20:09:41.456+0000][gc,phases     ] GC(15)   Evacuate Collection Set: 4.6ms
[2020-02-14T20:09:41.456+0000][gc,phases     ] GC(15)   Post Evacuate Collection Set: 1.5ms
[2020-02-14T20:09:41.456+0000][gc,phases     ] GC(15)   Other: 0.5ms
[2020-02-14T20:09:41.456+0000][gc,heap       ] GC(15) Eden regions: 610->0(610)
[2020-02-14T20:09:41.456+0000][gc,heap       ] GC(15) Survivor regions: 4->4(77)
[2020-02-14T20:09:41.456+0000][gc,heap       ] GC(15) Old regions: 15->15
[2020-02-14T20:09:41.456+0000][gc,heap       ] GC(15) Humongous regions: 129->129
[2020-02-14T20:09:41.456+0000][gc,metaspace  ] GC(15) Metaspace: 39990K->39990K(1085440K)
[2020-02-14T20:09:41.456+0000][gc            ] GC(15) Pause Young (Normal) (G1 Evacuation Pause) 756M->146M(1024M) 6.930ms
[2020-02-14T20:09:41.456+0000][gc,cpu        ] GC(15) User=0.05s Sys=0.00s Real=0.01s
[2020-02-15T00:02:09.291+0000][gc,start      ] GC(16) Pause Young (Normal) (G1 Evacuation Pause)
[2020-02-15T00:02:09.291+0000][gc,task       ] GC(16) Using 10 workers of 10 for evacuation
[2020-02-15T00:02:09.298+0000][gc,phases     ] GC(16)   Pre Evacuate Collection Set: 0.0ms
[2020-02-15T00:02:09.298+0000][gc,phases     ] GC(16)   Evacuate Collection Set: 4.3ms
[2020-02-15T00:02:09.298+0000][gc,phases     ] GC(16)   Post Evacuate Collection Set: 1.5ms
[2020-02-15T00:02:09.298+0000][gc,phases     ] GC(16)   Other: 0.5ms
[2020-02-15T00:02:09.298+0000][gc,heap       ] GC(16) Eden regions: 610->0(610)
[2020-02-15T00:02:09.298+0000][gc,heap       ] GC(16) Survivor regions: 4->4(77)
[2020-02-15T00:02:09.298+0000][gc,heap       ] GC(16) Old regions: 15->15
[2020-02-15T00:02:09.298+0000][gc,heap       ] GC(16) Humongous regions: 129->129
[2020-02-15T00:02:09.298+0000][gc,metaspace  ] GC(16) Metaspace: 39991K->39991K(1085440K)
[2020-02-15T00:02:09.298+0000][gc            ] GC(16) Pause Young (Normal) (G1 Evacuation Pause) 756M->146M(1024M) 6.562ms
[2020-02-15T00:02:09.298+0000][gc,cpu        ] GC(16) User=0.05s Sys=0.00s Real=0.01s
[2020-02-15T03:54:16.449+0000][gc,start      ] GC(17) Pause Young (Normal) (G1 Evacuation Pause)
[2020-02-15T03:54:16.449+0000][gc,task       ] GC(17) Using 10 workers of 10 for evacuation
[2020-02-15T03:54:16.456+0000][gc,phases     ] GC(17)   Pre Evacuate Collection Set: 0.0ms
[2020-02-15T03:54:16.456+0000][gc,phases     ] GC(17)   Evacuate Collection Set: 4.6ms
[2020-02-15T03:54:16.456+0000][gc,phases     ] GC(17)   Post Evacuate Collection Set: 1.6ms
[2020-02-15T03:54:16.456+0000][gc,phases     ] GC(17)   Other: 0.5ms
[2020-02-15T03:54:16.456+0000][gc,heap       ] GC(17) Eden regions: 610->0(610)
[2020-02-15T03:54:16.456+0000][gc,heap       ] GC(17) Survivor regions: 4->4(77)
[2020-02-15T03:54:16.456+0000][gc,heap       ] GC(17) Old regions: 15->15
[2020-02-15T03:54:16.456+0000][gc,heap       ] GC(17) Humongous regions: 129->129
[2020-02-15T03:54:16.456+0000][gc,metaspace  ] GC(17) Metaspace: 39995K->39995K(1085440K)
[2020-02-15T03:54:16.456+0000][gc            ] GC(17) Pause Young (Normal) (G1 Evacuation Pause) 756M->146M(1024M) 6.955ms
[2020-02-15T03:54:16.456+0000][gc,cpu        ] GC(17) User=0.05s Sys=0.00s Real=0.01s
[2020-02-15T07:46:26.962+0000][gc,start      ] GC(18) Pause Young (Normal) (G1 Evacuation Pause)
[2020-02-15T07:46:26.962+0000][gc,task       ] GC(18) Using 10 workers of 10 for evacuation
[2020-02-15T07:46:26.969+0000][gc,phases     ] GC(18)   Pre Evacuate Collection Set: 0.0ms
[2020-02-15T07:46:26.969+0000][gc,phases     ] GC(18)   Evacuate Collection Set: 4.6ms
[2020-02-15T07:46:26.969+0000][gc,phases     ] GC(18)   Post Evacuate Collection Set: 1.4ms
[2020-02-15T07:46:26.969+0000][gc,phases     ] GC(18)   Other: 0.5ms
[2020-02-15T07:46:26.969+0000][gc,heap       ] GC(18) Eden regions: 610->0(610)
[2020-02-15T07:46:26.969+0000][gc,heap       ] GC(18) Survivor regions: 4->4(77)
[2020-02-15T07:46:26.969+0000][gc,heap       ] GC(18) Old regions: 15->15
[2020-02-15T07:46:26.969+0000][gc,heap       ] GC(18) Humongous regions: 129->129
[2020-02-15T07:46:26.969+0000][gc,metaspace  ] GC(18) Metaspace: 39995K->39995K(1085440K)
[2020-02-15T07:46:26.969+0000][gc            ] GC(18) Pause Young (Normal) (G1 Evacuation Pause) 756M->146M(1024M) 6.754ms
[2020-02-15T07:46:26.969+0000][gc,cpu        ] GC(18) User=0.06s Sys=0.00s Real=0.01s
[2020-02-15T11:39:15.292+0000][gc,start      ] GC(19) Pause Young (Normal) (G1 Evacuation Pause)
[2020-02-15T11:39:15.292+0000][gc,task       ] GC(19) Using 10 workers of 10 for evacuation
[2020-02-15T11:39:15.298+0000][gc,phases     ] GC(19)   Pre Evacuate Collection Set: 0.0ms
[2020-02-15T11:39:15.298+0000][gc,phases     ] GC(19)   Evacuate Collection Set: 4.6ms
[2020-02-15T11:39:15.298+0000][gc,phases     ] GC(19)   Post Evacuate Collection Set: 1.3ms
[2020-02-15T11:39:15.298+0000][gc,phases     ] GC(19)   Other: 0.5ms
[2020-02-15T11:39:15.298+0000][gc,heap       ] GC(19) Eden regions: 610->0(610)
[2020-02-15T11:39:15.298+0000][gc,heap       ] GC(19) Survivor regions: 4->4(77)
[2020-02-15T11:39:15.298+0000][gc,heap       ] GC(19) Old regions: 15->15
[2020-02-15T11:39:15.298+0000][gc,heap       ] GC(19) Humongous regions: 129->129
[2020-02-15T11:39:15.298+0000][gc,metaspace  ] GC(19) Metaspace: 40019K->40019K(1085440K)
[2020-02-15T11:39:15.298+0000][gc            ] GC(19) Pause Young (Normal) (G1 Evacuation Pause) 756M->146M(1024M) 6.713ms
[2020-02-15T11:39:15.298+0000][gc,cpu        ] GC(19) User=0.05s Sys=0.00s Real=0.01s
[2020-02-15T15:31:41.449+0000][gc,start      ] GC(20) Pause Young (Normal) (G1 Evacuation Pause)
[2020-02-15T15:31:41.449+0000][gc,task       ] GC(20) Using 10 workers of 10 for evacuation
[2020-02-15T15:31:41.456+0000][gc,phases     ] GC(20)   Pre Evacuate Collection Set: 0.0ms
[2020-02-15T15:31:41.456+0000][gc,phases     ] GC(20)   Evacuate Collection Set: 4.7ms
[2020-02-15T15:31:41.456+0000][gc,phases     ] GC(20)   Post Evacuate Collection Set: 1.4ms
[2020-02-15T15:31:41.456+0000][gc,phases     ] GC(20)   Other: 0.5ms
[2020-02-15T15:31:41.456+0000][gc,heap       ] GC(20) Eden regions: 610->0(610)
[2020-02-15T15:31:41.456+0000][gc,heap       ] GC(20) Survivor regions: 4->4(77)
[2020-02-15T15:31:41.456+0000][gc,heap       ] GC(20) Old regions: 15->15
[2020-02-15T15:31:41.456+0000][gc,heap       ] GC(20) Humongous regions: 129->129
[2020-02-15T15:31:41.456+0000][gc,metaspace  ] GC(20) Metaspace: 40027K->40027K(1085440K)
[2020-02-15T15:31:41.456+0000][gc            ] GC(20) Pause Young (Normal) (G1 Evacuation Pause) 756M->146M(1024M) 6.796ms
[2020-02-15T15:31:41.456+0000][gc,cpu        ] GC(20) User=0.05s Sys=0.00s Real=0.01s
[2020-02-15T19:24:26.382+0000][gc,start      ] GC(21) Pause Young (Normal) (G1 Evacuation Pause)
[2020-02-15T19:24:26.382+0000][gc,task       ] GC(21) Using 10 workers of 10 for evacuation
[2020-02-15T19:24:26.388+0000][gc,phases     ] GC(21)   Pre Evacuate Collection Set: 0.0ms
[2020-02-15T19:24:26.388+0000][gc,phases     ] GC(21)   Evacuate Collection Set: 4.6ms
[2020-02-15T19:24:26.388+0000][gc,phases     ] GC(21)   Post Evacuate Collection Set: 1.4ms
[2020-02-15T19:24:26.388+0000][gc,phases     ] GC(21)   Other: 0.5ms
[2020-02-15T19:24:26.388+0000][gc,heap       ] GC(21) Eden regions: 610->0(610)
[2020-02-15T19:24:26.388+0000][gc,heap       ] GC(21) Survivor regions: 4->4(77)
[2020-02-15T19:24:26.388+0000][gc,heap       ] GC(21) Old regions: 15->15
[2020-02-15T19:24:26.388+0000][gc,heap       ] GC(21) Humongous regions: 129->129
[2020-02-15T19:24:26.388+0000][gc,metaspace  ] GC(21) Metaspace: 40028K->40028K(1085440K)
[2020-02-15T19:24:26.388+0000][gc            ] GC(21) Pause Young (Normal) (G1 Evacuation Pause) 756M->146M(1024M) 6.720ms
[2020-02-15T19:24:26.388+0000][gc,cpu        ] GC(21) User=0.05s Sys=0.00s Real=0.01s
[2020-02-15T23:16:56.184+0000][gc,start      ] GC(22) Pause Young (Normal) (G1 Evacuation Pause)
[2020-02-15T23:16:56.184+0000][gc,task       ] GC(22) Using 10 workers of 10 for evacuation
[2020-02-15T23:16:56.190+0000][gc,phases     ] GC(22)   Pre Evacuate Collection Set: 0.0ms
[2020-02-15T23:16:56.190+0000][gc,phases     ] GC(22)   Evacuate Collection Set: 4.7ms
[2020-02-15T23:16:56.190+0000][gc,phases     ] GC(22)   Post Evacuate Collection Set: 1.2ms
[2020-02-15T23:16:56.190+0000][gc,phases     ] GC(22)   Other: 0.4ms
[2020-02-15T23:16:56.190+0000][gc,heap       ] GC(22) Eden regions: 610->0(610)
[2020-02-15T23:16:56.190+0000][gc,heap       ] GC(22) Survivor regions: 4->4(77)
[2020-02-15T23:16:56.190+0000][gc,heap       ] GC(22) Old regions: 15->15
[2020-02-15T23:16:56.190+0000][gc,heap       ] GC(22) Humongous regions: 129->129
[2020-02-15T23:16:56.190+0000][gc,metaspace  ] GC(22) Metaspace: 40028K->40028K(1085440K)
[2020-02-15T23:16:56.190+0000][gc            ] GC(22) Pause Young (Normal) (G1 Evacuation Pause) 756M->146M(1024M) 6.592ms
[2020-02-15T23:16:56.190+0000][gc,cpu        ] GC(22) User=0.05s Sys=0.00s Real=0.01s
[2020-02-16T03:09:25.567+0000][gc,start      ] GC(23) Pause Young (Normal) (G1 Evacuation Pause)
[2020-02-16T03:09:25.567+0000][gc,task       ] GC(23) Using 10 workers of 10 for evacuation
[2020-02-16T03:09:25.574+0000][gc,phases     ] GC(23)   Pre Evacuate Collection Set: 0.0ms
[2020-02-16T03:09:25.574+0000][gc,phases     ] GC(23)   Evacuate Collection Set: 4.8ms
[2020-02-16T03:09:25.574+0000][gc,phases     ] GC(23)   Post Evacuate Collection Set: 1.3ms
[2020-02-16T03:09:25.574+0000][gc,phases     ] GC(23)   Other: 0.5ms
[2020-02-16T03:09:25.574+0000][gc,heap       ] GC(23) Eden regions: 610->0(610)
[2020-02-16T03:09:25.574+0000][gc,heap       ] GC(23) Survivor regions: 4->4(77)
[2020-02-16T03:09:25.574+0000][gc,heap       ] GC(23) Old regions: 15->15
[2020-02-16T03:09:25.574+0000][gc,heap       ] GC(23) Humongous regions: 129->129
[2020-02-16T03:09:25.574+0000][gc,metaspace  ] GC(23) Metaspace: 40033K->40033K(1085440K)
[2020-02-16T03:09:25.574+0000][gc            ] GC(23) Pause Young (Normal) (G1 Evacuation Pause) 756M->146M(1024M) 6.935ms
[2020-02-16T03:09:25.574+0000][gc,cpu        ] GC(23) User=0.05s Sys=0.00s Real=0.00s
[2020-02-16T07:01:52.008+0000][gc,start      ] GC(24) Pause Young (Normal) (G1 Evacuation Pause)
[2020-02-16T07:01:52.008+0000][gc,task       ] GC(24) Using 10 workers of 10 for evacuation
[2020-02-16T07:01:52.013+0000][gc,phases     ] GC(24)   Pre Evacuate Collection Set: 0.1ms
[2020-02-16T07:01:52.014+0000][gc,phases     ] GC(24)   Evacuate Collection Set: 3.9ms
[2020-02-16T07:01:52.014+0000][gc,phases     ] GC(24)   Post Evacuate Collection Set: 1.3ms
[2020-02-16T07:01:52.014+0000][gc,phases     ] GC(24)   Other: 0.5ms
[2020-02-16T07:01:52.014+0000][gc,heap       ] GC(24) Eden regions: 610->0(610)
[2020-02-16T07:01:52.014+0000][gc,heap       ] GC(24) Survivor regions: 4->4(77)
[2020-02-16T07:01:52.014+0000][gc,heap       ] GC(24) Old regions: 15->15
[2020-02-16T07:01:52.014+0000][gc,heap       ] GC(24) Humongous regions: 129->129
[2020-02-16T07:01:52.014+0000][gc,metaspace  ] GC(24) Metaspace: 40034K->40034K(1085440K)
[2020-02-16T07:01:52.014+0000][gc            ] GC(24) Pause Young (Normal) (G1 Evacuation Pause) 756M->147M(1024M) 6.022ms
[2020-02-16T07:01:52.014+0000][gc,cpu        ] GC(24) User=0.04s Sys=0.00s Real=0.00s
[2020-02-16T10:50:03.146+0000][gc,start      ] GC(25) Pause Young (Normal) (G1 Evacuation Pause)
[2020-02-16T10:50:03.146+0000][gc,task       ] GC(25) Using 10 workers of 10 for evacuation
[2020-02-16T10:50:03.150+0000][gc,phases     ] GC(25)   Pre Evacuate Collection Set: 0.0ms
[2020-02-16T10:50:03.150+0000][gc,phases     ] GC(25)   Evacuate Collection Set: 2.1ms
[2020-02-16T10:50:03.150+0000][gc,phases     ] GC(25)   Post Evacuate Collection Set: 1.3ms
[2020-02-16T10:50:03.150+0000][gc,phases     ] GC(25)   Other: 0.5ms
[2020-02-16T10:50:03.150+0000][gc,heap       ] GC(25) Eden regions: 610->0(612)
[2020-02-16T10:50:03.150+0000][gc,heap       ] GC(25) Survivor regions: 4->2(77)
[2020-02-16T10:50:03.150+0000][gc,heap       ] GC(25) Old regions: 15->15
[2020-02-16T10:50:03.150+0000][gc,heap       ] GC(25) Humongous regions: 129->129
[2020-02-16T10:50:03.150+0000][gc,metaspace  ] GC(25) Metaspace: 40090K->40090K(1085440K)
[2020-02-16T10:50:03.150+0000][gc            ] GC(25) Pause Young (Normal) (G1 Evacuation Pause) 757M->144M(1024M) 4.152ms
[2020-02-16T10:50:03.151+0000][gc,cpu        ] GC(25) User=0.02s Sys=0.00s Real=0.00s
[2020-02-16T14:41:45.985+0000][gc,start      ] GC(26) Pause Young (Normal) (G1 Evacuation Pause)
[2020-02-16T14:41:45.985+0000][gc,task       ] GC(26) Using 10 workers of 10 for evacuation
[2020-02-16T14:41:45.989+0000][gc,phases     ] GC(26)   Pre Evacuate Collection Set: 0.0ms
[2020-02-16T14:41:45.989+0000][gc,phases     ] GC(26)   Evacuate Collection Set: 2.3ms
[2020-02-16T14:41:45.989+0000][gc,phases     ] GC(26)   Post Evacuate Collection Set: 1.4ms
[2020-02-16T14:41:45.989+0000][gc,phases     ] GC(26)   Other: 0.4ms
[2020-02-16T14:41:45.989+0000][gc,heap       ] GC(26) Eden regions: 612->0(613)
[2020-02-16T14:41:45.989+0000][gc,heap       ] GC(26) Survivor regions: 2->1(77)
[2020-02-16T14:41:45.989+0000][gc,heap       ] GC(26) Old regions: 15->15
[2020-02-16T14:41:45.989+0000][gc,heap       ] GC(26) Humongous regions: 129->129
[2020-02-16T14:41:45.989+0000][gc,metaspace  ] GC(26) Metaspace: 40090K->40090K(1085440K)
[2020-02-16T14:41:45.989+0000][gc            ] GC(26) Pause Young (Normal) (G1 Evacuation Pause) 756M->144M(1024M) 4.392ms
[2020-02-16T14:41:45.989+0000][gc,cpu        ] GC(26) User=0.03s Sys=0.00s Real=0.00s
[2020-02-16T18:34:11.449+0000][gc,start      ] GC(27) Pause Young (Normal) (G1 Evacuation Pause)
[2020-02-16T18:34:11.449+0000][gc,task       ] GC(27) Using 10 workers of 10 for evacuation
[2020-02-16T18:34:11.453+0000][gc,phases     ] GC(27)   Pre Evacuate Collection Set: 0.0ms
[2020-02-16T18:34:11.453+0000][gc,phases     ] GC(27)   Evacuate Collection Set: 1.9ms
[2020-02-16T18:34:11.453+0000][gc,phases     ] GC(27)   Post Evacuate Collection Set: 1.4ms
[2020-02-16T18:34:11.453+0000][gc,phases     ] GC(27)   Other: 0.5ms
[2020-02-16T18:34:11.453+0000][gc,heap       ] GC(27) Eden regions: 613->0(613)
[2020-02-16T18:34:11.453+0000][gc,heap       ] GC(27) Survivor regions: 1->1(77)
[2020-02-16T18:34:11.453+0000][gc,heap       ] GC(27) Old regions: 15->16
[2020-02-16T18:34:11.453+0000][gc,heap       ] GC(27) Humongous regions: 129->129
[2020-02-16T18:34:11.453+0000][gc,metaspace  ] GC(27) Metaspace: 40090K->40090K(1085440K)
[2020-02-16T18:34:11.453+0000][gc            ] GC(27) Pause Young (Normal) (G1 Evacuation Pause) 757M->144M(1024M) 4.053ms
[2020-02-16T18:34:11.453+0000][gc,cpu        ] GC(27) User=0.03s Sys=0.00s Real=0.00s
[2020-02-16T22:22:08.795+0000][gc,start      ] GC(28) Pause Young (Normal) (G1 Evacuation Pause)
[2020-02-16T22:22:08.795+0000][gc,task       ] GC(28) Using 10 workers of 10 for evacuation
[2020-02-16T22:22:08.799+0000][gc,phases     ] GC(28)   Pre Evacuate Collection Set: 0.0ms
[2020-02-16T22:22:08.799+0000][gc,phases     ] GC(28)   Evacuate Collection Set: 1.9ms
[2020-02-16T22:22:08.799+0000][gc,phases     ] GC(28)   Post Evacuate Collection Set: 1.2ms
[2020-02-16T22:22:08.799+0000][gc,phases     ] GC(28)   Other: 0.5ms
[2020-02-16T22:22:08.799+0000][gc,heap       ] GC(28) Eden regions: 613->0(613)
[2020-02-16T22:22:08.799+0000][gc,heap       ] GC(28) Survivor regions: 1->1(77)
[2020-02-16T22:22:08.799+0000][gc,heap       ] GC(28) Old regions: 16->16
[2020-02-16T22:22:08.799+0000][gc,heap       ] GC(28) Humongous regions: 129->129
[2020-02-16T22:22:08.799+0000][gc,metaspace  ] GC(28) Metaspace: 40247K->40247K(1085440K)
[2020-02-16T22:22:08.799+0000][gc            ] GC(28) Pause Young (Normal) (G1 Evacuation Pause) 757M->145M(1024M) 3.873ms
[2020-02-16T22:22:08.799+0000][gc,cpu        ] GC(28) User=0.03s Sys=0.00s Real=0.00s
[2020-02-17T01:55:17.656+0000][gc,start      ] GC(29) Pause Young (Normal) (G1 Evacuation Pause)
[2020-02-17T01:55:17.656+0000][gc,task       ] GC(29) Using 10 workers of 10 for evacuation
[2020-02-17T01:55:17.661+0000][gc,phases     ] GC(29)   Pre Evacuate Collection Set: 0.0ms
[2020-02-17T01:55:17.661+0000][gc,phases     ] GC(29)   Evacuate Collection Set: 2.8ms
[2020-02-17T01:55:17.661+0000][gc,phases     ] GC(29)   Post Evacuate Collection Set: 1.4ms
[2020-02-17T01:55:17.661+0000][gc,phases     ] GC(29)   Other: 0.5ms
[2020-02-17T01:55:17.661+0000][gc,heap       ] GC(29) Eden regions: 613->0(612)
[2020-02-17T01:55:17.661+0000][gc,heap       ] GC(29) Survivor regions: 1->2(77)
[2020-02-17T01:55:17.661+0000][gc,heap       ] GC(29) Old regions: 16->16
[2020-02-17T01:55:17.661+0000][gc,heap       ] GC(29) Humongous regions: 129->129
[2020-02-17T01:55:17.661+0000][gc,metaspace  ] GC(29) Metaspace: 40998K->40998K(1087488K)
[2020-02-17T01:55:17.661+0000][gc            ] GC(29) Pause Young (Normal) (G1 Evacuation Pause) 758M->145M(1024M) 4.943ms
[2020-02-17T01:55:17.661+0000][gc,cpu        ] GC(29) User=0.03s Sys=0.00s Real=0.00s
[2020-02-17T02:18:56.407+0000][gc,heap,exit  ] Heap
[2020-02-17T02:18:56.407+0000][gc,heap,exit  ]  garbage-first heap   total 1048576K, used 232283K [0x00000000c0000000, 0x0000000100000000)
[2020-02-17T02:18:56.407+0000][gc,heap,exit  ]   region size 1024K, 84 young (86016K), 2 survivors (2048K)
[2020-02-17T02:18:56.407+0000][gc,heap,exit  ]  Metaspace       used 41662K, capacity 44499K, committed 44716K, reserved 1087488K
[2020-02-17T02:18:56.407+0000][gc,heap,exit  ]   class space    used 5785K, capacity 7084K, committed 7168K, reserved 1048576K
