[2020-02-28T05:47:21.587+0000][gc,heap] Heap region size: 1M
[2020-02-28T05:47:21.601+0000][gc     ] Using G1
[2020-02-28T05:47:21.601+0000][gc,heap,coops] Heap address: 0x00000000c0000000, size: 1024 MB, Compressed Oops mode: 32-bit
[2020-02-28T05:47:22.971+0000][gc,start     ] GC(0) Pause Young (Normal) (G1 Evacuation Pause)
[2020-02-28T05:47:22.973+0000][gc,task      ] GC(0) Using 10 workers of 10 for evacuation
[2020-02-28T05:47:22.979+0000][gc,phases    ] GC(0)   Pre Evacuate Collection Set: 0.0ms
[2020-02-28T05:47:22.979+0000][gc,phases    ] GC(0)   Evacuate Collection Set: 4.4ms
[2020-02-28T05:47:22.979+0000][gc,phases    ] GC(0)   Post Evacuate Collection Set: 1.0ms
[2020-02-28T05:47:22.979+0000][gc,phases    ] GC(0)   Other: 2.4ms
[2020-02-28T05:47:22.979+0000][gc,heap      ] GC(0) Eden regions: 51->0(44)
[2020-02-28T05:47:22.979+0000][gc,heap      ] GC(0) Survivor regions: 0->7(7)
[2020-02-28T05:47:22.979+0000][gc,heap      ] GC(0) Old regions: 0->0
[2020-02-28T05:47:22.979+0000][gc,heap      ] GC(0) Humongous regions: 0->0
[2020-02-28T05:47:22.979+0000][gc,metaspace ] GC(0) Metaspace: 15920K->15920K(1062912K)
[2020-02-28T05:47:22.979+0000][gc           ] GC(0) Pause Young (Normal) (G1 Evacuation Pause) 51M->6M(1024M) 7.975ms
[2020-02-28T05:47:22.979+0000][gc,cpu       ] GC(0) User=0.04s Sys=0.00s Real=0.01s
[2020-02-28T05:47:23.277+0000][gc,start     ] GC(1) Pause Young (Concurrent Start) (Metadata GC Threshold)
[2020-02-28T05:47:23.277+0000][gc,task      ] GC(1) Using 10 workers of 10 for evacuation
[2020-02-28T05:47:23.288+0000][gc,phases    ] GC(1)   Pre Evacuate Collection Set: 0.1ms
[2020-02-28T05:47:23.288+0000][gc,phases    ] GC(1)   Evacuate Collection Set: 10.5ms
[2020-02-28T05:47:23.288+0000][gc,phases    ] GC(1)   Post Evacuate Collection Set: 0.7ms
[2020-02-28T05:47:23.288+0000][gc,phases    ] GC(1)   Other: 0.3ms
[2020-02-28T05:47:23.288+0000][gc,heap      ] GC(1) Eden regions: 18->0(50)
[2020-02-28T05:47:23.288+0000][gc,heap      ] GC(1) Survivor regions: 7->1(7)
[2020-02-28T05:47:23.288+0000][gc,heap      ] GC(1) Old regions: 0->7
[2020-02-28T05:47:23.288+0000][gc,heap      ] GC(1) Humongous regions: 0->0
[2020-02-28T05:47:23.288+0000][gc,metaspace ] GC(1) Metaspace: 20322K->20322K(1067008K)
[2020-02-28T05:47:23.288+0000][gc           ] GC(1) Pause Young (Concurrent Start) (Metadata GC Threshold) 24M->7M(1024M) 11.675ms
[2020-02-28T05:47:23.289+0000][gc,cpu       ] GC(1) User=0.04s Sys=0.00s Real=0.01s
[2020-02-28T05:47:23.289+0000][gc           ] GC(2) Concurrent Cycle
[2020-02-28T05:47:23.289+0000][gc,marking   ] GC(2) Concurrent Clear Claimed Marks
[2020-02-28T05:47:23.289+0000][gc,marking   ] GC(2) Concurrent Clear Claimed Marks 0.048ms
[2020-02-28T05:47:23.289+0000][gc,marking   ] GC(2) Concurrent Scan Root Regions
[2020-02-28T05:47:23.290+0000][gc,marking   ] GC(2) Concurrent Scan Root Regions 1.046ms
[2020-02-28T05:47:23.290+0000][gc,marking   ] GC(2) Concurrent Mark (1.707s)
[2020-02-28T05:47:23.290+0000][gc,marking   ] GC(2) Concurrent Mark From Roots
[2020-02-28T05:47:23.290+0000][gc,task      ] GC(2) Using 3 workers of 3 for marking
[2020-02-28T05:47:23.297+0000][gc,marking   ] GC(2) Concurrent Mark From Roots 6.905ms
[2020-02-28T05:47:23.297+0000][gc,marking   ] GC(2) Concurrent Preclean
[2020-02-28T05:47:23.297+0000][gc,marking   ] GC(2) Concurrent Preclean 0.233ms
[2020-02-28T05:47:23.297+0000][gc,marking   ] GC(2) Concurrent Mark (1.707s, 1.714s) 7.199ms
[2020-02-28T05:47:23.297+0000][gc,start     ] GC(2) Pause Remark
[2020-02-28T05:47:23.299+0000][gc,stringtable] GC(2) Cleaned string and symbol table, strings: 9023 processed, 0 removed, symbols: 49976 processed, 47 removed
[2020-02-28T05:47:23.299+0000][gc            ] GC(2) Pause Remark 8M->8M(1024M) 2.183ms
[2020-02-28T05:47:23.299+0000][gc,cpu        ] GC(2) User=0.01s Sys=0.00s Real=0.00s
[2020-02-28T05:47:23.299+0000][gc,marking    ] GC(2) Concurrent Rebuild Remembered Sets
[2020-02-28T05:47:23.302+0000][gc,marking    ] GC(2) Concurrent Rebuild Remembered Sets 2.744ms
[2020-02-28T05:47:23.302+0000][gc,start      ] GC(2) Pause Cleanup
[2020-02-28T05:47:23.303+0000][gc            ] GC(2) Pause Cleanup 8M->8M(1024M) 0.409ms
[2020-02-28T05:47:23.303+0000][gc,cpu        ] GC(2) User=0.00s Sys=0.00s Real=0.00s
[2020-02-28T05:47:23.303+0000][gc,marking    ] GC(2) Concurrent Cleanup for Next Mark
[2020-02-28T05:47:23.307+0000][gc,marking    ] GC(2) Concurrent Cleanup for Next Mark 3.848ms
[2020-02-28T05:47:23.307+0000][gc            ] GC(2) Concurrent Cycle 18.081ms
[2020-02-28T05:47:24.299+0000][gc,start      ] GC(3) Pause Young (Normal) (G1 Evacuation Pause)
[2020-02-28T05:47:24.299+0000][gc,task       ] GC(3) Using 10 workers of 10 for evacuation
[2020-02-28T05:47:24.303+0000][gc,phases     ] GC(3)   Pre Evacuate Collection Set: 0.1ms
[2020-02-28T05:47:24.303+0000][gc,phases     ] GC(3)   Evacuate Collection Set: 3.4ms
[2020-02-28T05:47:24.303+0000][gc,phases     ] GC(3)   Post Evacuate Collection Set: 0.6ms
[2020-02-28T05:47:24.303+0000][gc,phases     ] GC(3)   Other: 0.2ms
[2020-02-28T05:47:24.303+0000][gc,heap       ] GC(3) Eden regions: 50->0(46)
[2020-02-28T05:47:24.303+0000][gc,heap       ] GC(3) Survivor regions: 1->5(7)
[2020-02-28T05:47:24.303+0000][gc,heap       ] GC(3) Old regions: 7->7
[2020-02-28T05:47:24.303+0000][gc,heap       ] GC(3) Humongous regions: 129->129
[2020-02-28T05:47:24.303+0000][gc,metaspace  ] GC(3) Metaspace: 28683K->28683K(1075200K)
[2020-02-28T05:47:24.303+0000][gc            ] GC(3) Pause Young (Normal) (G1 Evacuation Pause) 186M->140M(1024M) 4.515ms
[2020-02-28T05:47:24.303+0000][gc,cpu        ] GC(3) User=0.03s Sys=0.00s Real=0.00s
[2020-02-28T05:47:24.913+0000][gc,start      ] GC(4) Pause Young (Concurrent Start) (Metadata GC Threshold)
[2020-02-28T05:47:24.913+0000][gc,task       ] GC(4) Using 10 workers of 10 for evacuation
[2020-02-28T05:47:24.919+0000][gc,phases     ] GC(4)   Pre Evacuate Collection Set: 0.1ms
[2020-02-28T05:47:24.919+0000][gc,phases     ] GC(4)   Evacuate Collection Set: 5.5ms
[2020-02-28T05:47:24.919+0000][gc,phases     ] GC(4)   Post Evacuate Collection Set: 0.5ms
[2020-02-28T05:47:24.919+0000][gc,phases     ] GC(4)   Other: 0.3ms
[2020-02-28T05:47:24.919+0000][gc,heap       ] GC(4) Eden regions: 32->0(48)
[2020-02-28T05:47:24.919+0000][gc,heap       ] GC(4) Survivor regions: 5->3(7)
[2020-02-28T05:47:24.919+0000][gc,heap       ] GC(4) Old regions: 7->12
[2020-02-28T05:47:24.919+0000][gc,heap       ] GC(4) Humongous regions: 129->129
[2020-02-28T05:47:24.919+0000][gc,metaspace  ] GC(4) Metaspace: 34029K->34029K(1079296K)
[2020-02-28T05:47:24.919+0000][gc            ] GC(4) Pause Young (Concurrent Start) (Metadata GC Threshold) 171M->142M(1024M) 6.632ms
[2020-02-28T05:47:24.919+0000][gc,cpu        ] GC(4) User=0.05s Sys=0.00s Real=0.01s
[2020-02-28T05:47:24.919+0000][gc            ] GC(5) Concurrent Cycle
[2020-02-28T05:47:24.919+0000][gc,marking    ] GC(5) Concurrent Clear Claimed Marks
[2020-02-28T05:47:24.920+0000][gc,marking    ] GC(5) Concurrent Clear Claimed Marks 0.122ms
[2020-02-28T05:47:24.920+0000][gc,marking    ] GC(5) Concurrent Scan Root Regions
[2020-02-28T05:47:24.921+0000][gc,marking    ] GC(5) Concurrent Scan Root Regions 1.496ms
[2020-02-28T05:47:24.921+0000][gc,marking    ] GC(5) Concurrent Mark (3.338s)
[2020-02-28T05:47:24.921+0000][gc,marking    ] GC(5) Concurrent Mark From Roots
[2020-02-28T05:47:24.921+0000][gc,task       ] GC(5) Using 3 workers of 3 for marking
[2020-02-28T05:47:24.933+0000][gc,marking    ] GC(5) Concurrent Mark From Roots 12.379ms
[2020-02-28T05:47:24.933+0000][gc,marking    ] GC(5) Concurrent Preclean
[2020-02-28T05:47:24.934+0000][gc,marking    ] GC(5) Concurrent Preclean 0.249ms
[2020-02-28T05:47:24.934+0000][gc,marking    ] GC(5) Concurrent Mark (3.338s, 3.351s) 12.698ms
[2020-02-28T05:47:24.934+0000][gc,start      ] GC(5) Pause Remark
[2020-02-28T05:47:24.936+0000][gc,stringtable] GC(5) Cleaned string and symbol table, strings: 15325 processed, 8 removed, symbols: 78215 processed, 32 removed
[2020-02-28T05:47:24.936+0000][gc            ] GC(5) Pause Remark 149M->149M(1024M) 2.029ms
[2020-02-28T05:47:24.936+0000][gc,cpu        ] GC(5) User=0.02s Sys=0.00s Real=0.01s
[2020-02-28T05:47:24.936+0000][gc,marking    ] GC(5) Concurrent Rebuild Remembered Sets
[2020-02-28T05:47:24.942+0000][gc,marking    ] GC(5) Concurrent Rebuild Remembered Sets 5.874ms
[2020-02-28T05:47:24.942+0000][gc,start      ] GC(5) Pause Cleanup
[2020-02-28T05:47:24.942+0000][gc            ] GC(5) Pause Cleanup 149M->149M(1024M) 0.310ms
[2020-02-28T05:47:24.943+0000][gc,cpu        ] GC(5) User=0.00s Sys=0.00s Real=0.00s
[2020-02-28T05:47:24.943+0000][gc,marking    ] GC(5) Concurrent Cleanup for Next Mark
[2020-02-28T05:47:24.946+0000][gc,marking    ] GC(5) Concurrent Cleanup for Next Mark 3.289ms
[2020-02-28T05:47:24.946+0000][gc            ] GC(5) Concurrent Cycle 26.529ms
[2020-02-28T05:55:49.811+0000][gc,start      ] GC(6) Pause Young (Normal) (G1 Evacuation Pause)
[2020-02-28T05:55:49.811+0000][gc,task       ] GC(6) Using 10 workers of 10 for evacuation
[2020-02-28T05:55:49.818+0000][gc,phases     ] GC(6)   Pre Evacuate Collection Set: 0.1ms
[2020-02-28T05:55:49.818+0000][gc,phases     ] GC(6)   Evacuate Collection Set: 5.3ms
[2020-02-28T05:55:49.818+0000][gc,phases     ] GC(6)   Post Evacuate Collection Set: 1.1ms
[2020-02-28T05:55:49.818+0000][gc,phases     ] GC(6)   Other: 0.4ms
[2020-02-28T05:55:49.818+0000][gc,heap       ] GC(6) Eden regions: 48->0(47)
[2020-02-28T05:55:49.818+0000][gc,heap       ] GC(6) Survivor regions: 3->4(7)
[2020-02-28T05:55:49.818+0000][gc,heap       ] GC(6) Old regions: 12->12
[2020-02-28T05:55:49.818+0000][gc,heap       ] GC(6) Humongous regions: 255->129
[2020-02-28T05:55:49.818+0000][gc,metaspace  ] GC(6) Metaspace: 37494K->37494K(1083392K)
[2020-02-28T05:55:49.818+0000][gc            ] GC(6) Pause Young (Normal) (G1 Evacuation Pause) 316M->143M(1024M) 7.046ms
[2020-02-28T05:55:49.818+0000][gc,cpu        ] GC(6) User=0.05s Sys=0.00s Real=0.01s
[2020-02-28T06:06:47.914+0000][gc,start      ] GC(7) Pause Young (Normal) (G1 Evacuation Pause)
[2020-02-28T06:06:47.914+0000][gc,task       ] GC(7) Using 10 workers of 10 for evacuation
[2020-02-28T06:06:47.921+0000][gc,phases     ] GC(7)   Pre Evacuate Collection Set: 0.0ms
[2020-02-28T06:06:47.921+0000][gc,phases     ] GC(7)   Evacuate Collection Set: 5.3ms
[2020-02-28T06:06:47.921+0000][gc,phases     ] GC(7)   Post Evacuate Collection Set: 1.0ms
[2020-02-28T06:06:47.921+0000][gc,phases     ] GC(7)   Other: 0.5ms
[2020-02-28T06:06:47.921+0000][gc,heap       ] GC(7) Eden regions: 47->0(47)
[2020-02-28T06:06:47.921+0000][gc,heap       ] GC(7) Survivor regions: 4->4(7)
[2020-02-28T06:06:47.921+0000][gc,heap       ] GC(7) Old regions: 12->12
[2020-02-28T06:06:47.921+0000][gc,heap       ] GC(7) Humongous regions: 129->129
[2020-02-28T06:06:47.921+0000][gc,metaspace  ] GC(7) Metaspace: 37857K->37857K(1083392K)
[2020-02-28T06:06:47.921+0000][gc            ] GC(7) Pause Young (Normal) (G1 Evacuation Pause) 190M->144M(1024M) 7.117ms
[2020-02-28T06:06:47.921+0000][gc,cpu        ] GC(7) User=0.06s Sys=0.00s Real=0.00s
[2020-02-28T06:18:25.634+0000][gc,start      ] GC(8) Pause Young (Normal) (G1 Evacuation Pause)
[2020-02-28T06:18:25.634+0000][gc,task       ] GC(8) Using 10 workers of 10 for evacuation
[2020-02-28T06:18:25.641+0000][gc,phases     ] GC(8)   Pre Evacuate Collection Set: 0.0ms
[2020-02-28T06:18:25.641+0000][gc,phases     ] GC(8)   Evacuate Collection Set: 5.6ms
[2020-02-28T06:18:25.641+0000][gc,phases     ] GC(8)   Post Evacuate Collection Set: 1.1ms
[2020-02-28T06:18:25.641+0000][gc,phases     ] GC(8)   Other: 0.4ms
[2020-02-28T06:18:25.641+0000][gc,heap       ] GC(8) Eden regions: 47->0(48)
[2020-02-28T06:18:25.641+0000][gc,heap       ] GC(8) Survivor regions: 4->3(7)
[2020-02-28T06:18:25.641+0000][gc,heap       ] GC(8) Old regions: 12->13
[2020-02-28T06:18:25.641+0000][gc,heap       ] GC(8) Humongous regions: 129->129
[2020-02-28T06:18:25.641+0000][gc,metaspace  ] GC(8) Metaspace: 37893K->37893K(1083392K)
[2020-02-28T06:18:25.641+0000][gc            ] GC(8) Pause Young (Normal) (G1 Evacuation Pause) 191M->144M(1024M) 7.350ms
[2020-02-28T06:18:25.641+0000][gc,cpu        ] GC(8) User=0.06s Sys=0.00s Real=0.01s
[2020-02-28T06:33:54.273+0000][gc,start      ] GC(9) Pause Young (Normal) (G1 Evacuation Pause)
[2020-02-28T06:33:54.273+0000][gc,task       ] GC(9) Using 10 workers of 10 for evacuation
[2020-02-28T06:33:54.278+0000][gc,phases     ] GC(9)   Pre Evacuate Collection Set: 0.0ms
[2020-02-28T06:33:54.278+0000][gc,phases     ] GC(9)   Evacuate Collection Set: 3.9ms
[2020-02-28T06:33:54.278+0000][gc,phases     ] GC(9)   Post Evacuate Collection Set: 1.0ms
[2020-02-28T06:33:54.278+0000][gc,phases     ] GC(9)   Other: 0.3ms
[2020-02-28T06:33:54.278+0000][gc,heap       ] GC(9) Eden regions: 48->0(48)
[2020-02-28T06:33:54.278+0000][gc,heap       ] GC(9) Survivor regions: 3->3(7)
[2020-02-28T06:33:54.278+0000][gc,heap       ] GC(9) Old regions: 13->13
[2020-02-28T06:33:54.278+0000][gc,heap       ] GC(9) Humongous regions: 129->129
[2020-02-28T06:33:54.278+0000][gc,metaspace  ] GC(9) Metaspace: 37925K->37925K(1083392K)
[2020-02-28T06:33:54.278+0000][gc            ] GC(9) Pause Young (Normal) (G1 Evacuation Pause) 192M->144M(1024M) 5.583ms
[2020-02-28T06:33:54.278+0000][gc,cpu        ] GC(9) User=0.04s Sys=0.00s Real=0.01s
[2020-02-28T06:53:44.158+0000][gc,start      ] GC(10) Pause Young (Normal) (G1 Evacuation Pause)
[2020-02-28T06:53:44.158+0000][gc,task       ] GC(10) Using 10 workers of 10 for evacuation
[2020-02-28T06:53:44.163+0000][gc,phases     ] GC(10)   Pre Evacuate Collection Set: 0.0ms
[2020-02-28T06:53:44.163+0000][gc,phases     ] GC(10)   Evacuate Collection Set: 3.5ms
[2020-02-28T06:53:44.163+0000][gc,phases     ] GC(10)   Post Evacuate Collection Set: 1.0ms
[2020-02-28T06:53:44.163+0000][gc,phases     ] GC(10)   Other: 0.4ms
[2020-02-28T06:53:44.163+0000][gc,heap       ] GC(10) Eden regions: 48->0(55)
[2020-02-28T06:53:44.163+0000][gc,heap       ] GC(10) Survivor regions: 3->3(7)
[2020-02-28T06:53:44.163+0000][gc,heap       ] GC(10) Old regions: 13->13
[2020-02-28T06:53:44.163+0000][gc,heap       ] GC(10) Humongous regions: 129->129
[2020-02-28T06:53:44.163+0000][gc,metaspace  ] GC(10) Metaspace: 38064K->38064K(1083392K)
[2020-02-28T06:53:44.163+0000][gc            ] GC(10) Pause Young (Normal) (G1 Evacuation Pause) 192M->144M(1024M) 5.092ms
[2020-02-28T06:53:44.163+0000][gc,cpu        ] GC(10) User=0.04s Sys=0.00s Real=0.00s
[2020-02-28T07:17:31.142+0000][gc,start      ] GC(11) Pause Young (Normal) (G1 Evacuation Pause)
[2020-02-28T07:17:31.142+0000][gc,task       ] GC(11) Using 10 workers of 10 for evacuation
[2020-02-28T07:17:31.148+0000][gc,phases     ] GC(11)   Pre Evacuate Collection Set: 0.0ms
[2020-02-28T07:17:31.148+0000][gc,phases     ] GC(11)   Evacuate Collection Set: 3.7ms
[2020-02-28T07:17:31.148+0000][gc,phases     ] GC(11)   Post Evacuate Collection Set: 1.1ms
[2020-02-28T07:17:31.148+0000][gc,phases     ] GC(11)   Other: 0.4ms
[2020-02-28T07:17:31.148+0000][gc,heap       ] GC(11) Eden regions: 55->0(70)
[2020-02-28T07:17:31.148+0000][gc,heap       ] GC(11) Survivor regions: 3->3(8)
[2020-02-28T07:17:31.148+0000][gc,heap       ] GC(11) Old regions: 13->13
[2020-02-28T07:17:31.148+0000][gc,heap       ] GC(11) Humongous regions: 129->129
[2020-02-28T07:17:31.148+0000][gc,metaspace  ] GC(11) Metaspace: 38138K->38138K(1083392K)
[2020-02-28T07:17:31.148+0000][gc            ] GC(11) Pause Young (Normal) (G1 Evacuation Pause) 199M->144M(1024M) 5.485ms
[2020-02-28T07:17:31.148+0000][gc,cpu        ] GC(11) User=0.04s Sys=0.00s Real=0.01s
[2020-02-28T07:43:09.579+0000][gc,start      ] GC(12) Pause Young (Normal) (G1 Evacuation Pause)
[2020-02-28T07:43:09.579+0000][gc,task       ] GC(12) Using 10 workers of 10 for evacuation
[2020-02-28T07:43:09.586+0000][gc,phases     ] GC(12)   Pre Evacuate Collection Set: 0.0ms
[2020-02-28T07:43:09.586+0000][gc,phases     ] GC(12)   Evacuate Collection Set: 5.0ms
[2020-02-28T07:43:09.586+0000][gc,phases     ] GC(12)   Post Evacuate Collection Set: 1.1ms
[2020-02-28T07:43:09.586+0000][gc,phases     ] GC(12)   Other: 0.4ms
[2020-02-28T07:43:09.586+0000][gc,heap       ] GC(12) Eden regions: 70->0(162)
[2020-02-28T07:43:09.586+0000][gc,heap       ] GC(12) Survivor regions: 3->3(10)
[2020-02-28T07:43:09.586+0000][gc,heap       ] GC(12) Old regions: 13->13
[2020-02-28T07:43:09.586+0000][gc,heap       ] GC(12) Humongous regions: 129->129
[2020-02-28T07:43:09.586+0000][gc,metaspace  ] GC(12) Metaspace: 38201K->38201K(1083392K)
[2020-02-28T07:43:09.586+0000][gc            ] GC(12) Pause Young (Normal) (G1 Evacuation Pause) 214M->144M(1024M) 6.800ms
[2020-02-28T07:43:09.586+0000][gc,cpu        ] GC(12) User=0.05s Sys=0.01s Real=0.01s
[2020-02-28T08:08:53.292+0000][gc,heap,exit  ] Heap
[2020-02-28T08:08:53.292+0000][gc,heap,exit  ]  garbage-first heap   total 1048576K, used 252198K [0x00000000c0000000, 0x0000000100000000)
[2020-02-28T08:08:53.292+0000][gc,heap,exit  ]   region size 1024K, 106 young (108544K), 3 survivors (3072K)
[2020-02-28T08:08:53.292+0000][gc,heap,exit  ]  Metaspace       used 39085K, capacity 41438K, committed 41516K, reserved 1085440K
[2020-02-28T08:08:53.292+0000][gc,heap,exit  ]   class space    used 5214K, capacity 6254K, committed 6272K, reserved 1048576K
