[2020-02-28T12:28:49.262+0000][gc,heap] Heap region size: 1M
[2020-02-28T12:28:49.276+0000][gc     ] Using G1
[2020-02-28T12:28:49.276+0000][gc,heap,coops] Heap address: 0x00000000c0000000, size: 1024 MB, Compressed Oops mode: 32-bit
[2020-02-28T12:28:50.597+0000][gc,start     ] GC(0) Pause Young (Normal) (G1 Evacuation Pause)
[2020-02-28T12:28:50.600+0000][gc,task      ] GC(0) Using 10 workers of 10 for evacuation
[2020-02-28T12:28:50.605+0000][gc,phases    ] GC(0)   Pre Evacuate Collection Set: 0.0ms
[2020-02-28T12:28:50.605+0000][gc,phases    ] GC(0)   Evacuate Collection Set: 4.1ms
[2020-02-28T12:28:50.605+0000][gc,phases    ] GC(0)   Post Evacuate Collection Set: 1.1ms
[2020-02-28T12:28:50.605+0000][gc,phases    ] GC(0)   Other: 2.7ms
[2020-02-28T12:28:50.605+0000][gc,heap      ] GC(0) Eden regions: 51->0(44)
[2020-02-28T12:28:50.605+0000][gc,heap      ] GC(0) Survivor regions: 0->7(7)
[2020-02-28T12:28:50.605+0000][gc,heap      ] GC(0) Old regions: 0->0
[2020-02-28T12:28:50.605+0000][gc,heap      ] GC(0) Humongous regions: 0->0
[2020-02-28T12:28:50.605+0000][gc,metaspace ] GC(0) Metaspace: 15899K->15899K(1062912K)
[2020-02-28T12:28:50.605+0000][gc           ] GC(0) Pause Young (Normal) (G1 Evacuation Pause) 51M->6M(1024M) 8.164ms
[2020-02-28T12:28:50.605+0000][gc,cpu       ] GC(0) User=0.04s Sys=0.01s Real=0.01s
[2020-02-28T12:28:50.896+0000][gc,start     ] GC(1) Pause Young (Concurrent Start) (Metadata GC Threshold)
[2020-02-28T12:28:50.896+0000][gc,task      ] GC(1) Using 10 workers of 10 for evacuation
[2020-02-28T12:28:50.907+0000][gc,phases    ] GC(1)   Pre Evacuate Collection Set: 0.1ms
[2020-02-28T12:28:50.907+0000][gc,phases    ] GC(1)   Evacuate Collection Set: 9.7ms
[2020-02-28T12:28:50.907+0000][gc,phases    ] GC(1)   Post Evacuate Collection Set: 0.5ms
[2020-02-28T12:28:50.907+0000][gc,phases    ] GC(1)   Other: 0.3ms
[2020-02-28T12:28:50.907+0000][gc,heap      ] GC(1) Eden regions: 18->0(50)
[2020-02-28T12:28:50.907+0000][gc,heap      ] GC(1) Survivor regions: 7->1(7)
[2020-02-28T12:28:50.907+0000][gc,heap      ] GC(1) Old regions: 0->7
[2020-02-28T12:28:50.907+0000][gc,heap      ] GC(1) Humongous regions: 0->0
[2020-02-28T12:28:50.907+0000][gc,metaspace ] GC(1) Metaspace: 20317K->20317K(1067008K)
[2020-02-28T12:28:50.907+0000][gc           ] GC(1) Pause Young (Concurrent Start) (Metadata GC Threshold) 24M->7M(1024M) 10.695ms
[2020-02-28T12:28:50.907+0000][gc,cpu       ] GC(1) User=0.04s Sys=0.01s Real=0.01s
[2020-02-28T12:28:50.907+0000][gc           ] GC(2) Concurrent Cycle
[2020-02-28T12:28:50.907+0000][gc,marking   ] GC(2) Concurrent Clear Claimed Marks
[2020-02-28T12:28:50.907+0000][gc,marking   ] GC(2) Concurrent Clear Claimed Marks 0.026ms
[2020-02-28T12:28:50.907+0000][gc,marking   ] GC(2) Concurrent Scan Root Regions
[2020-02-28T12:28:50.908+0000][gc,marking   ] GC(2) Concurrent Scan Root Regions 0.914ms
[2020-02-28T12:28:50.908+0000][gc,marking   ] GC(2) Concurrent Mark (1.651s)
[2020-02-28T12:28:50.908+0000][gc,marking   ] GC(2) Concurrent Mark From Roots
[2020-02-28T12:28:50.908+0000][gc,task      ] GC(2) Using 3 workers of 3 for marking
[2020-02-28T12:28:50.914+0000][gc,marking   ] GC(2) Concurrent Mark From Roots 5.940ms
[2020-02-28T12:28:50.914+0000][gc,marking   ] GC(2) Concurrent Preclean
[2020-02-28T12:28:50.914+0000][gc,marking   ] GC(2) Concurrent Preclean 0.171ms
[2020-02-28T12:28:50.914+0000][gc,marking   ] GC(2) Concurrent Mark (1.651s, 1.658s) 6.182ms
[2020-02-28T12:28:50.915+0000][gc,start     ] GC(2) Pause Remark
[2020-02-28T12:28:50.917+0000][gc,stringtable] GC(2) Cleaned string and symbol table, strings: 9015 processed, 0 removed, symbols: 49978 processed, 54 removed
[2020-02-28T12:28:50.917+0000][gc            ] GC(2) Pause Remark 8M->8M(1024M) 1.568ms
[2020-02-28T12:28:50.917+0000][gc,cpu        ] GC(2) User=0.01s Sys=0.00s Real=0.00s
[2020-02-28T12:28:50.917+0000][gc,marking    ] GC(2) Concurrent Rebuild Remembered Sets
[2020-02-28T12:28:50.919+0000][gc,marking    ] GC(2) Concurrent Rebuild Remembered Sets 2.566ms
[2020-02-28T12:28:50.920+0000][gc,start      ] GC(2) Pause Cleanup
[2020-02-28T12:28:50.920+0000][gc            ] GC(2) Pause Cleanup 8M->8M(1024M) 0.222ms
[2020-02-28T12:28:50.920+0000][gc,cpu        ] GC(2) User=0.00s Sys=0.00s Real=0.00s
[2020-02-28T12:28:50.920+0000][gc,marking    ] GC(2) Concurrent Cleanup for Next Mark
[2020-02-28T12:28:50.923+0000][gc,marking    ] GC(2) Concurrent Cleanup for Next Mark 3.640ms
[2020-02-28T12:28:50.923+0000][gc            ] GC(2) Concurrent Cycle 16.376ms
[2020-02-28T12:28:51.904+0000][gc,start      ] GC(3) Pause Young (Normal) (G1 Evacuation Pause)
[2020-02-28T12:28:51.904+0000][gc,task       ] GC(3) Using 10 workers of 10 for evacuation
[2020-02-28T12:28:51.907+0000][gc,phases     ] GC(3)   Pre Evacuate Collection Set: 0.0ms
[2020-02-28T12:28:51.907+0000][gc,phases     ] GC(3)   Evacuate Collection Set: 3.0ms
[2020-02-28T12:28:51.907+0000][gc,phases     ] GC(3)   Post Evacuate Collection Set: 0.5ms
[2020-02-28T12:28:51.907+0000][gc,phases     ] GC(3)   Other: 0.2ms
[2020-02-28T12:28:51.907+0000][gc,heap       ] GC(3) Eden regions: 50->0(46)
[2020-02-28T12:28:51.907+0000][gc,heap       ] GC(3) Survivor regions: 1->5(7)
[2020-02-28T12:28:51.907+0000][gc,heap       ] GC(3) Old regions: 7->7
[2020-02-28T12:28:51.907+0000][gc,heap       ] GC(3) Humongous regions: 129->129
[2020-02-28T12:28:51.907+0000][gc,metaspace  ] GC(3) Metaspace: 28644K->28644K(1075200K)
[2020-02-28T12:28:51.907+0000][gc            ] GC(3) Pause Young (Normal) (G1 Evacuation Pause) 186M->140M(1024M) 3.902ms
[2020-02-28T12:28:51.908+0000][gc,cpu        ] GC(3) User=0.03s Sys=0.00s Real=0.01s
[2020-02-28T12:28:52.505+0000][gc,start      ] GC(4) Pause Young (Concurrent Start) (Metadata GC Threshold)
[2020-02-28T12:28:52.505+0000][gc,task       ] GC(4) Using 10 workers of 10 for evacuation
[2020-02-28T12:28:52.512+0000][gc,phases     ] GC(4)   Pre Evacuate Collection Set: 0.1ms
[2020-02-28T12:28:52.512+0000][gc,phases     ] GC(4)   Evacuate Collection Set: 6.2ms
[2020-02-28T12:28:52.512+0000][gc,phases     ] GC(4)   Post Evacuate Collection Set: 0.5ms
[2020-02-28T12:28:52.512+0000][gc,phases     ] GC(4)   Other: 0.3ms
[2020-02-28T12:28:52.512+0000][gc,heap       ] GC(4) Eden regions: 32->0(48)
[2020-02-28T12:28:52.512+0000][gc,heap       ] GC(4) Survivor regions: 5->3(7)
[2020-02-28T12:28:52.512+0000][gc,heap       ] GC(4) Old regions: 7->12
[2020-02-28T12:28:52.512+0000][gc,heap       ] GC(4) Humongous regions: 129->129
[2020-02-28T12:28:52.512+0000][gc,metaspace  ] GC(4) Metaspace: 34010K->34010K(1079296K)
[2020-02-28T12:28:52.512+0000][gc            ] GC(4) Pause Young (Concurrent Start) (Metadata GC Threshold) 171M->142M(1024M) 7.260ms
[2020-02-28T12:28:52.512+0000][gc,cpu        ] GC(4) User=0.05s Sys=0.01s Real=0.00s
[2020-02-28T12:28:52.512+0000][gc            ] GC(5) Concurrent Cycle
[2020-02-28T12:28:52.512+0000][gc,marking    ] GC(5) Concurrent Clear Claimed Marks
[2020-02-28T12:28:52.512+0000][gc,marking    ] GC(5) Concurrent Clear Claimed Marks 0.087ms
[2020-02-28T12:28:52.513+0000][gc,marking    ] GC(5) Concurrent Scan Root Regions
[2020-02-28T12:28:52.514+0000][gc,marking    ] GC(5) Concurrent Scan Root Regions 1.514ms
[2020-02-28T12:28:52.514+0000][gc,marking    ] GC(5) Concurrent Mark (3.257s)
[2020-02-28T12:28:52.514+0000][gc,marking    ] GC(5) Concurrent Mark From Roots
[2020-02-28T12:28:52.514+0000][gc,task       ] GC(5) Using 3 workers of 3 for marking
[2020-02-28T12:28:52.529+0000][gc,marking    ] GC(5) Concurrent Mark From Roots 14.622ms
[2020-02-28T12:28:52.529+0000][gc,marking    ] GC(5) Concurrent Preclean
[2020-02-28T12:28:52.529+0000][gc,marking    ] GC(5) Concurrent Preclean 0.350ms
[2020-02-28T12:28:52.529+0000][gc,marking    ] GC(5) Concurrent Mark (3.257s, 3.272s) 15.059ms
[2020-02-28T12:28:52.530+0000][gc,start      ] GC(5) Pause Remark
[2020-02-28T12:28:52.531+0000][gc,stringtable] GC(5) Cleaned string and symbol table, strings: 15381 processed, 8 removed, symbols: 78318 processed, 29 removed
[2020-02-28T12:28:52.532+0000][gc            ] GC(5) Pause Remark 149M->149M(1024M) 2.186ms
[2020-02-28T12:28:52.532+0000][gc,cpu        ] GC(5) User=0.02s Sys=0.01s Real=0.00s
[2020-02-28T12:28:52.532+0000][gc,marking    ] GC(5) Concurrent Rebuild Remembered Sets
[2020-02-28T12:28:52.538+0000][gc,marking    ] GC(5) Concurrent Rebuild Remembered Sets 6.474ms
[2020-02-28T12:28:52.538+0000][gc,start      ] GC(5) Pause Cleanup
[2020-02-28T12:28:52.539+0000][gc            ] GC(5) Pause Cleanup 149M->149M(1024M) 0.209ms
[2020-02-28T12:28:52.539+0000][gc,cpu        ] GC(5) User=0.00s Sys=0.00s Real=0.00s
[2020-02-28T12:28:52.539+0000][gc,marking    ] GC(5) Concurrent Cleanup for Next Mark
[2020-02-28T12:28:52.543+0000][gc,marking    ] GC(5) Concurrent Cleanup for Next Mark 4.031ms
[2020-02-28T12:28:52.543+0000][gc            ] GC(5) Concurrent Cycle 30.379ms
[2020-02-28T12:43:51.705+0000][gc,start      ] GC(6) Pause Young (Normal) (G1 Evacuation Pause)
[2020-02-28T12:43:51.705+0000][gc,task       ] GC(6) Using 10 workers of 10 for evacuation
[2020-02-28T12:43:51.710+0000][gc,phases     ] GC(6)   Pre Evacuate Collection Set: 0.1ms
[2020-02-28T12:43:51.710+0000][gc,phases     ] GC(6)   Evacuate Collection Set: 4.1ms
[2020-02-28T12:43:51.710+0000][gc,phases     ] GC(6)   Post Evacuate Collection Set: 1.0ms
[2020-02-28T12:43:51.710+0000][gc,phases     ] GC(6)   Other: 0.4ms
[2020-02-28T12:43:51.710+0000][gc,heap       ] GC(6) Eden regions: 48->0(48)
[2020-02-28T12:43:51.710+0000][gc,heap       ] GC(6) Survivor regions: 3->3(7)
[2020-02-28T12:43:51.710+0000][gc,heap       ] GC(6) Old regions: 12->12
[2020-02-28T12:43:51.710+0000][gc,heap       ] GC(6) Humongous regions: 255->129
[2020-02-28T12:43:51.710+0000][gc,metaspace  ] GC(6) Metaspace: 36743K->36743K(1083392K)
[2020-02-28T12:43:51.710+0000][gc            ] GC(6) Pause Young (Normal) (G1 Evacuation Pause) 316M->142M(1024M) 5.720ms
[2020-02-28T12:43:51.710+0000][gc,cpu        ] GC(6) User=0.04s Sys=0.00s Real=0.00s
[2020-02-28T13:02:32.404+0000][gc,start      ] GC(7) Pause Young (Normal) (G1 Evacuation Pause)
[2020-02-28T13:02:32.404+0000][gc,task       ] GC(7) Using 10 workers of 10 for evacuation
[2020-02-28T13:02:32.409+0000][gc,phases     ] GC(7)   Pre Evacuate Collection Set: 0.0ms
[2020-02-28T13:02:32.409+0000][gc,phases     ] GC(7)   Evacuate Collection Set: 3.6ms
[2020-02-28T13:02:32.409+0000][gc,phases     ] GC(7)   Post Evacuate Collection Set: 1.3ms
[2020-02-28T13:02:32.409+0000][gc,phases     ] GC(7)   Other: 0.3ms
[2020-02-28T13:02:32.409+0000][gc,heap       ] GC(7) Eden regions: 48->0(48)
[2020-02-28T13:02:32.409+0000][gc,heap       ] GC(7) Survivor regions: 3->3(7)
[2020-02-28T13:02:32.409+0000][gc,heap       ] GC(7) Old regions: 12->12
[2020-02-28T13:02:32.409+0000][gc,heap       ] GC(7) Humongous regions: 129->129
[2020-02-28T13:02:32.409+0000][gc,metaspace  ] GC(7) Metaspace: 37432K->37432K(1083392K)
[2020-02-28T13:02:32.409+0000][gc            ] GC(7) Pause Young (Normal) (G1 Evacuation Pause) 190M->143M(1024M) 5.571ms
[2020-02-28T13:02:32.409+0000][gc,cpu        ] GC(7) User=0.04s Sys=0.01s Real=0.01s
[2020-02-28T13:17:29.363+0000][gc,start      ] GC(8) Pause Young (Normal) (G1 Evacuation Pause)
[2020-02-28T13:17:29.363+0000][gc,task       ] GC(8) Using 10 workers of 10 for evacuation
[2020-02-28T13:17:29.370+0000][gc,phases     ] GC(8)   Pre Evacuate Collection Set: 0.0ms
[2020-02-28T13:17:29.370+0000][gc,phases     ] GC(8)   Evacuate Collection Set: 5.0ms
[2020-02-28T13:17:29.370+0000][gc,phases     ] GC(8)   Post Evacuate Collection Set: 1.2ms
[2020-02-28T13:17:29.370+0000][gc,phases     ] GC(8)   Other: 0.4ms
[2020-02-28T13:17:29.370+0000][gc,heap       ] GC(8) Eden regions: 48->0(46)
[2020-02-28T13:17:29.370+0000][gc,heap       ] GC(8) Survivor regions: 3->5(7)
[2020-02-28T13:17:29.370+0000][gc,heap       ] GC(8) Old regions: 12->12
[2020-02-28T13:17:29.370+0000][gc,heap       ] GC(8) Humongous regions: 129->129
[2020-02-28T13:17:29.370+0000][gc,metaspace  ] GC(8) Metaspace: 37889K->37889K(1083392K)
[2020-02-28T13:17:29.370+0000][gc            ] GC(8) Pause Young (Normal) (G1 Evacuation Pause) 191M->144M(1024M) 6.880ms
[2020-02-28T13:17:29.370+0000][gc,cpu        ] GC(8) User=0.05s Sys=0.00s Real=0.01s
[2020-02-28T13:31:39.228+0000][gc,start      ] GC(9) Pause Young (Normal) (G1 Evacuation Pause)
[2020-02-28T13:31:39.228+0000][gc,task       ] GC(9) Using 10 workers of 10 for evacuation
[2020-02-28T13:31:39.235+0000][gc,phases     ] GC(9)   Pre Evacuate Collection Set: 0.0ms
[2020-02-28T13:31:39.235+0000][gc,phases     ] GC(9)   Evacuate Collection Set: 5.4ms
[2020-02-28T13:31:39.235+0000][gc,phases     ] GC(9)   Post Evacuate Collection Set: 1.2ms
[2020-02-28T13:31:39.235+0000][gc,phases     ] GC(9)   Other: 0.4ms
[2020-02-28T13:31:39.235+0000][gc,heap       ] GC(9) Eden regions: 46->0(49)
[2020-02-28T13:31:39.235+0000][gc,heap       ] GC(9) Survivor regions: 5->3(7)
[2020-02-28T13:31:39.235+0000][gc,heap       ] GC(9) Old regions: 12->13
[2020-02-28T13:31:39.235+0000][gc,heap       ] GC(9) Humongous regions: 129->129
[2020-02-28T13:31:39.235+0000][gc,metaspace  ] GC(9) Metaspace: 37960K->37960K(1083392K)
[2020-02-28T13:31:39.236+0000][gc            ] GC(9) Pause Young (Normal) (G1 Evacuation Pause) 190M->144M(1024M) 7.279ms
[2020-02-28T13:31:39.236+0000][gc,cpu        ] GC(9) User=0.06s Sys=0.00s Real=0.01s
[2020-02-28T13:34:35.345+0000][gc,heap,exit  ] Heap
[2020-02-28T13:34:35.345+0000][gc,heap,exit  ]  garbage-first heap   total 1048576K, used 163984K [0x00000000c0000000, 0x0000000100000000)
[2020-02-28T13:34:35.345+0000][gc,heap,exit  ]   region size 1024K, 20 young (20480K), 3 survivors (3072K)
[2020-02-28T13:34:35.345+0000][gc,heap,exit  ]  Metaspace       used 38555K, capacity 40822K, committed 41088K, reserved 1083392K
[2020-02-28T13:34:35.345+0000][gc,heap,exit  ]   class space    used 5197K, capacity 6227K, committed 6272K, reserved 1048576K
