[2020-02-11T08:08:53.357+0000][gc,heap] Heap region size: 1M
[2020-02-11T08:08:53.371+0000][gc     ] Using G1
[2020-02-11T08:08:53.371+0000][gc,heap,coops] Heap address: 0x00000000c0000000, size: 1024 MB, Compressed Oops mode: 32-bit
[2020-02-11T08:08:54.677+0000][gc,start     ] GC(0) Pause Young (Normal) (G1 Evacuation Pause)
[2020-02-11T08:08:54.679+0000][gc,task      ] GC(0) Using 10 workers of 10 for evacuation
[2020-02-11T08:08:54.685+0000][gc,phases    ] GC(0)   Pre Evacuate Collection Set: 0.0ms
[2020-02-11T08:08:54.685+0000][gc,phases    ] GC(0)   Evacuate Collection Set: 4.3ms
[2020-02-11T08:08:54.685+0000][gc,phases    ] GC(0)   Post Evacuate Collection Set: 1.0ms
[2020-02-11T08:08:54.685+0000][gc,phases    ] GC(0)   Other: 2.5ms
[2020-02-11T08:08:54.685+0000][gc,heap      ] GC(0) Eden regions: 51->0(44)
[2020-02-11T08:08:54.685+0000][gc,heap      ] GC(0) Survivor regions: 0->7(7)
[2020-02-11T08:08:54.685+0000][gc,heap      ] GC(0) Old regions: 0->0
[2020-02-11T08:08:54.685+0000][gc,heap      ] GC(0) Humongous regions: 0->0
[2020-02-11T08:08:54.685+0000][gc,metaspace ] GC(0) Metaspace: 15909K->15909K(1062912K)
[2020-02-11T08:08:54.685+0000][gc           ] GC(0) Pause Young (Normal) (G1 Evacuation Pause) 51M->6M(1024M) 7.990ms
[2020-02-11T08:08:54.685+0000][gc,cpu       ] GC(0) User=0.04s Sys=0.01s Real=0.01s
[2020-02-11T08:08:55.054+0000][gc,start     ] GC(1) Pause Young (Concurrent Start) (Metadata GC Threshold)
[2020-02-11T08:08:55.054+0000][gc,task      ] GC(1) Using 10 workers of 10 for evacuation
[2020-02-11T08:08:55.065+0000][gc,phases    ] GC(1)   Pre Evacuate Collection Set: 0.1ms
[2020-02-11T08:08:55.065+0000][gc,phases    ] GC(1)   Evacuate Collection Set: 9.6ms
[2020-02-11T08:08:55.065+0000][gc,phases    ] GC(1)   Post Evacuate Collection Set: 0.7ms
[2020-02-11T08:08:55.065+0000][gc,phases    ] GC(1)   Other: 0.4ms
[2020-02-11T08:08:55.065+0000][gc,heap      ] GC(1) Eden regions: 20->0(49)
[2020-02-11T08:08:55.065+0000][gc,heap      ] GC(1) Survivor regions: 7->2(7)
[2020-02-11T08:08:55.065+0000][gc,heap      ] GC(1) Old regions: 0->7
[2020-02-11T08:08:55.065+0000][gc,heap      ] GC(1) Humongous regions: 129->129
[2020-02-11T08:08:55.065+0000][gc,metaspace ] GC(1) Metaspace: 20554K->20554K(1067008K)
[2020-02-11T08:08:55.065+0000][gc           ] GC(1) Pause Young (Concurrent Start) (Metadata GC Threshold) 155M->137M(1024M) 10.936ms
[2020-02-11T08:08:55.065+0000][gc,cpu       ] GC(1) User=0.04s Sys=0.00s Real=0.01s
[2020-02-11T08:08:55.065+0000][gc           ] GC(2) Concurrent Cycle
[2020-02-11T08:08:55.065+0000][gc,marking   ] GC(2) Concurrent Clear Claimed Marks
[2020-02-11T08:08:55.066+0000][gc,marking   ] GC(2) Concurrent Clear Claimed Marks 0.043ms
[2020-02-11T08:08:55.066+0000][gc,marking   ] GC(2) Concurrent Scan Root Regions
[2020-02-11T08:08:55.067+0000][gc,marking   ] GC(2) Concurrent Scan Root Regions 1.339ms
[2020-02-11T08:08:55.067+0000][gc,marking   ] GC(2) Concurrent Mark (1.716s)
[2020-02-11T08:08:55.067+0000][gc,marking   ] GC(2) Concurrent Mark From Roots
[2020-02-11T08:08:55.067+0000][gc,task      ] GC(2) Using 3 workers of 3 for marking
[2020-02-11T08:08:55.074+0000][gc,marking   ] GC(2) Concurrent Mark From Roots 6.865ms
[2020-02-11T08:08:55.074+0000][gc,marking   ] GC(2) Concurrent Preclean
[2020-02-11T08:08:55.074+0000][gc,marking   ] GC(2) Concurrent Preclean 0.195ms
[2020-02-11T08:08:55.074+0000][gc,marking   ] GC(2) Concurrent Mark (1.716s, 1.723s) 7.135ms
[2020-02-11T08:08:55.075+0000][gc,start     ] GC(2) Pause Remark
[2020-02-11T08:08:55.077+0000][gc,stringtable] GC(2) Cleaned string and symbol table, strings: 9091 processed, 0 removed, symbols: 49882 processed, 48 removed
[2020-02-11T08:08:55.077+0000][gc            ] GC(2) Pause Remark 138M->138M(1024M) 2.115ms
[2020-02-11T08:08:55.077+0000][gc,cpu        ] GC(2) User=0.01s Sys=0.00s Real=0.00s
[2020-02-11T08:08:55.077+0000][gc,marking    ] GC(2) Concurrent Rebuild Remembered Sets
[2020-02-11T08:08:55.080+0000][gc,marking    ] GC(2) Concurrent Rebuild Remembered Sets 2.961ms
[2020-02-11T08:08:55.080+0000][gc,start      ] GC(2) Pause Cleanup
[2020-02-11T08:08:55.081+0000][gc            ] GC(2) Pause Cleanup 138M->138M(1024M) 0.314ms
[2020-02-11T08:08:55.081+0000][gc,cpu        ] GC(2) User=0.00s Sys=0.00s Real=0.00s
[2020-02-11T08:08:55.081+0000][gc,marking    ] GC(2) Concurrent Cleanup for Next Mark
[2020-02-11T08:08:55.084+0000][gc,marking    ] GC(2) Concurrent Cleanup for Next Mark 3.402ms
[2020-02-11T08:08:55.084+0000][gc            ] GC(2) Concurrent Cycle 18.844ms
[2020-02-11T08:08:55.876+0000][gc,start      ] GC(3) Pause Young (Normal) (G1 Evacuation Pause)
[2020-02-11T08:08:55.876+0000][gc,task       ] GC(3) Using 10 workers of 10 for evacuation
[2020-02-11T08:08:55.880+0000][gc,phases     ] GC(3)   Pre Evacuate Collection Set: 0.0ms
[2020-02-11T08:08:55.880+0000][gc,phases     ] GC(3)   Evacuate Collection Set: 3.3ms
[2020-02-11T08:08:55.880+0000][gc,phases     ] GC(3)   Post Evacuate Collection Set: 0.5ms
[2020-02-11T08:08:55.880+0000][gc,phases     ] GC(3)   Other: 0.2ms
[2020-02-11T08:08:55.880+0000][gc,heap       ] GC(3) Eden regions: 49->0(46)
[2020-02-11T08:08:55.880+0000][gc,heap       ] GC(3) Survivor regions: 2->5(7)
[2020-02-11T08:08:55.880+0000][gc,heap       ] GC(3) Old regions: 7->7
[2020-02-11T08:08:55.880+0000][gc,heap       ] GC(3) Humongous regions: 129->129
[2020-02-11T08:08:55.880+0000][gc,metaspace  ] GC(3) Metaspace: 30004K->30004K(1077248K)
[2020-02-11T08:08:55.880+0000][gc            ] GC(3) Pause Young (Normal) (G1 Evacuation Pause) 186M->140M(1024M) 4.169ms
[2020-02-11T08:08:55.880+0000][gc,cpu        ] GC(3) User=0.04s Sys=0.00s Real=0.00s
[2020-02-11T08:09:03.975+0000][gc,heap,exit  ] Heap
[2020-02-11T08:09:03.975+0000][gc,heap,exit  ]  garbage-first heap   total 1048576K, used 159382K [0x00000000c0000000, 0x0000000100000000)
[2020-02-11T08:09:03.975+0000][gc,heap,exit  ]   region size 1024K, 22 young (22528K), 5 survivors (5120K)
[2020-02-11T08:09:03.975+0000][gc,heap,exit  ]  Metaspace       used 32264K, capacity 33672K, committed 33840K, reserved 1079296K
[2020-02-11T08:09:03.975+0000][gc,heap,exit  ]   class space    used 4253K, capacity 4867K, committed 4992K, reserved 1048576K
