[2020-03-15T09:46:07.634+0000][gc,heap] Heap region size: 1M
[2020-03-15T09:46:07.659+0000][gc     ] Using G1
[2020-03-15T09:46:07.659+0000][gc,heap,coops] Heap address: 0x00000000c0000000, size: 1024 MB, Compressed Oops mode: 32-bit
[2020-03-15T09:46:07.660+0000][gc,cds       ] Mark closed archive regions in map: [0x00000000fff00000, 0x00000000fff69ff8]
[2020-03-15T09:46:07.660+0000][gc,cds       ] Mark open archive regions in map: [0x00000000ffe00000, 0x00000000ffe46ff8]
[2020-03-15T09:46:09.137+0000][gc,start     ] GC(0) Pause Young (Normal) (G1 Evacuation Pause)
[2020-03-15T09:46:09.137+0000][gc,task      ] GC(0) Using 2 workers of 2 for evacuation
[2020-03-15T09:46:09.155+0000][gc,phases    ] GC(0)   Pre Evacuate Collection Set: 0.0ms
[2020-03-15T09:46:09.155+0000][gc,phases    ] GC(0)   Evacuate Collection Set: 17.8ms
[2020-03-15T09:46:09.155+0000][gc,phases    ] GC(0)   Post Evacuate Collection Set: 0.4ms
[2020-03-15T09:46:09.155+0000][gc,phases    ] GC(0)   Other: 0.4ms
[2020-03-15T09:46:09.155+0000][gc,heap      ] GC(0) Eden regions: 51->0(44)
[2020-03-15T09:46:09.155+0000][gc,heap      ] GC(0) Survivor regions: 0->7(7)
[2020-03-15T09:46:09.155+0000][gc,heap      ] GC(0) Old regions: 2->2
[2020-03-15T09:46:09.155+0000][gc,heap      ] GC(0) Humongous regions: 0->0
[2020-03-15T09:46:09.155+0000][gc,metaspace ] GC(0) Metaspace: 16157K->16157K(1062912K)
[2020-03-15T09:46:09.155+0000][gc           ] GC(0) Pause Young (Normal) (G1 Evacuation Pause) 51M->7M(1024M) 18.635ms
[2020-03-15T09:46:09.155+0000][gc,cpu       ] GC(0) User=0.02s Sys=0.01s Real=0.02s
[2020-03-15T09:46:09.470+0000][gc,start     ] GC(1) Pause Young (Concurrent Start) (Metadata GC Threshold)
[2020-03-15T09:46:09.470+0000][gc,task      ] GC(1) Using 2 workers of 2 for evacuation
[2020-03-15T09:46:09.489+0000][gc,phases    ] GC(1)   Pre Evacuate Collection Set: 0.1ms
[2020-03-15T09:46:09.489+0000][gc,phases    ] GC(1)   Evacuate Collection Set: 18.8ms
[2020-03-15T09:46:09.489+0000][gc,phases    ] GC(1)   Post Evacuate Collection Set: 0.3ms
[2020-03-15T09:46:09.489+0000][gc,phases    ] GC(1)   Other: 0.3ms
[2020-03-15T09:46:09.489+0000][gc,heap      ] GC(1) Eden regions: 17->0(50)
[2020-03-15T09:46:09.489+0000][gc,heap      ] GC(1) Survivor regions: 7->1(7)
[2020-03-15T09:46:09.489+0000][gc,heap      ] GC(1) Old regions: 2->9
[2020-03-15T09:46:09.489+0000][gc,heap      ] GC(1) Humongous regions: 0->0
[2020-03-15T09:46:09.489+0000][gc,metaspace ] GC(1) Metaspace: 20306K->20306K(1067008K)
[2020-03-15T09:46:09.489+0000][gc           ] GC(1) Pause Young (Concurrent Start) (Metadata GC Threshold) 23M->7M(1024M) 19.619ms
[2020-03-15T09:46:09.489+0000][gc,cpu       ] GC(1) User=0.02s Sys=0.02s Real=0.02s
[2020-03-15T09:46:09.489+0000][gc           ] GC(2) Concurrent Cycle
[2020-03-15T09:46:09.489+0000][gc,marking   ] GC(2) Concurrent Clear Claimed Marks
[2020-03-15T09:46:09.489+0000][gc,marking   ] GC(2) Concurrent Clear Claimed Marks 0.025ms
[2020-03-15T09:46:09.489+0000][gc,marking   ] GC(2) Concurrent Scan Root Regions
[2020-03-15T09:46:09.491+0000][gc,marking   ] GC(2) Concurrent Scan Root Regions 1.673ms
[2020-03-15T09:46:09.491+0000][gc,marking   ] GC(2) Concurrent Mark (1.861s)
[2020-03-15T09:46:09.491+0000][gc,marking   ] GC(2) Concurrent Mark From Roots
[2020-03-15T09:46:09.491+0000][gc,task      ] GC(2) Using 1 workers of 1 for marking
[2020-03-15T09:46:09.502+0000][gc,marking   ] GC(2) Concurrent Mark From Roots 10.620ms
[2020-03-15T09:46:09.502+0000][gc,marking   ] GC(2) Concurrent Preclean
[2020-03-15T09:46:09.502+0000][gc,marking   ] GC(2) Concurrent Preclean 0.050ms
[2020-03-15T09:46:09.502+0000][gc,marking   ] GC(2) Concurrent Mark (1.861s, 1.871s) 10.702ms
[2020-03-15T09:46:09.502+0000][gc,start     ] GC(2) Pause Remark
[2020-03-15T09:46:09.506+0000][gc,stringtable] GC(2) Cleaned string and symbol table, strings: 4863 processed, 0 removed, symbols: 50163 processed, 54 removed
[2020-03-15T09:46:09.506+0000][gc            ] GC(2) Pause Remark 8M->8M(1024M) 3.995ms
[2020-03-15T09:46:09.506+0000][gc,cpu        ] GC(2) User=0.00s Sys=0.00s Real=0.01s
[2020-03-15T09:46:09.506+0000][gc,marking    ] GC(2) Concurrent Rebuild Remembered Sets
[2020-03-15T09:46:09.518+0000][gc,marking    ] GC(2) Concurrent Rebuild Remembered Sets 12.081ms
[2020-03-15T09:46:09.520+0000][gc,start      ] GC(2) Pause Cleanup
[2020-03-15T09:46:09.521+0000][gc            ] GC(2) Pause Cleanup 9M->9M(1024M) 0.409ms
[2020-03-15T09:46:09.521+0000][gc,cpu        ] GC(2) User=0.00s Sys=0.00s Real=0.00s
[2020-03-15T09:46:09.521+0000][gc,marking    ] GC(2) Concurrent Cleanup for Next Mark
[2020-03-15T09:46:09.564+0000][gc,marking    ] GC(2) Concurrent Cleanup for Next Mark 42.640ms
[2020-03-15T09:46:09.564+0000][gc            ] GC(2) Concurrent Cycle 74.124ms
[2020-03-15T09:46:10.690+0000][gc,start      ] GC(3) Pause Young (Normal) (G1 Evacuation Pause)
[2020-03-15T09:46:10.690+0000][gc,task       ] GC(3) Using 2 workers of 2 for evacuation
[2020-03-15T09:46:10.698+0000][gc,phases     ] GC(3)   Pre Evacuate Collection Set: 0.0ms
[2020-03-15T09:46:10.698+0000][gc,phases     ] GC(3)   Evacuate Collection Set: 7.1ms
[2020-03-15T09:46:10.698+0000][gc,phases     ] GC(3)   Post Evacuate Collection Set: 0.4ms
[2020-03-15T09:46:10.698+0000][gc,phases     ] GC(3)   Other: 0.2ms
[2020-03-15T09:46:10.698+0000][gc,heap       ] GC(3) Eden regions: 50->0(46)
[2020-03-15T09:46:10.698+0000][gc,heap       ] GC(3) Survivor regions: 1->5(7)
[2020-03-15T09:46:10.698+0000][gc,heap       ] GC(3) Old regions: 9->9
[2020-03-15T09:46:10.698+0000][gc,heap       ] GC(3) Humongous regions: 129->129
[2020-03-15T09:46:10.698+0000][gc,metaspace  ] GC(3) Metaspace: 28826K->28826K(1075200K)
[2020-03-15T09:46:10.698+0000][gc            ] GC(3) Pause Young (Normal) (G1 Evacuation Pause) 186M->140M(1024M) 7.813ms
[2020-03-15T09:46:10.698+0000][gc,cpu        ] GC(3) User=0.01s Sys=0.01s Real=0.01s
[2020-03-15T09:46:11.108+0000][gc,start      ] GC(4) Pause Young (Concurrent Start) (Metadata GC Threshold)
[2020-03-15T09:46:11.109+0000][gc,task       ] GC(4) Using 2 workers of 2 for evacuation
[2020-03-15T09:46:11.123+0000][gc,phases     ] GC(4)   Pre Evacuate Collection Set: 0.1ms
[2020-03-15T09:46:11.123+0000][gc,phases     ] GC(4)   Evacuate Collection Set: 14.0ms
[2020-03-15T09:46:11.123+0000][gc,phases     ] GC(4)   Post Evacuate Collection Set: 0.4ms
[2020-03-15T09:46:11.123+0000][gc,phases     ] GC(4)   Other: 0.3ms
[2020-03-15T09:46:11.123+0000][gc,heap       ] GC(4) Eden regions: 24->0(49)
[2020-03-15T09:46:11.123+0000][gc,heap       ] GC(4) Survivor regions: 5->2(7)
[2020-03-15T09:46:11.123+0000][gc,heap       ] GC(4) Old regions: 9->13
[2020-03-15T09:46:11.123+0000][gc,heap       ] GC(4) Humongous regions: 129->129
[2020-03-15T09:46:11.123+0000][gc,metaspace  ] GC(4) Metaspace: 33918K->33918K(1079296K)
[2020-03-15T09:46:11.123+0000][gc            ] GC(4) Pause Young (Concurrent Start) (Metadata GC Threshold) 164M->142M(1024M) 14.949ms
[2020-03-15T09:46:11.123+0000][gc,cpu        ] GC(4) User=0.03s Sys=0.00s Real=0.02s
[2020-03-15T09:46:11.124+0000][gc            ] GC(5) Concurrent Cycle
[2020-03-15T09:46:11.124+0000][gc,marking    ] GC(5) Concurrent Clear Claimed Marks
[2020-03-15T09:46:11.124+0000][gc,marking    ] GC(5) Concurrent Clear Claimed Marks 0.048ms
[2020-03-15T09:46:11.124+0000][gc,marking    ] GC(5) Concurrent Scan Root Regions
[2020-03-15T09:46:11.131+0000][gc,marking    ] GC(5) Concurrent Scan Root Regions 7.800ms
[2020-03-15T09:46:11.131+0000][gc,marking    ] GC(5) Concurrent Mark (3.501s)
[2020-03-15T09:46:11.131+0000][gc,marking    ] GC(5) Concurrent Mark From Roots
[2020-03-15T09:46:11.131+0000][gc,task       ] GC(5) Using 1 workers of 1 for marking
[2020-03-15T09:46:11.186+0000][gc,marking    ] GC(5) Concurrent Mark From Roots 54.869ms
[2020-03-15T09:46:11.186+0000][gc,marking    ] GC(5) Concurrent Preclean
[2020-03-15T09:46:11.186+0000][gc,marking    ] GC(5) Concurrent Preclean 0.109ms
[2020-03-15T09:46:11.186+0000][gc,marking    ] GC(5) Concurrent Mark (3.501s, 3.556s) 55.033ms
[2020-03-15T09:46:11.187+0000][gc,start      ] GC(5) Pause Remark
[2020-03-15T09:46:11.191+0000][gc,stringtable] GC(5) Cleaned string and symbol table, strings: 10872 processed, 7 removed, symbols: 78256 processed, 27 removed
[2020-03-15T09:46:11.191+0000][gc            ] GC(5) Pause Remark 144M->144M(1024M) 4.153ms
[2020-03-15T09:46:11.191+0000][gc,cpu        ] GC(5) User=0.01s Sys=0.00s Real=0.00s
[2020-03-15T09:46:11.191+0000][gc,marking    ] GC(5) Concurrent Rebuild Remembered Sets
[2020-03-15T09:46:11.208+0000][gc,marking    ] GC(5) Concurrent Rebuild Remembered Sets 17.044ms
[2020-03-15T09:46:11.208+0000][gc,start      ] GC(5) Pause Cleanup
[2020-03-15T09:46:11.208+0000][gc            ] GC(5) Pause Cleanup 146M->146M(1024M) 0.159ms
[2020-03-15T09:46:11.208+0000][gc,cpu        ] GC(5) User=0.00s Sys=0.00s Real=0.00s
[2020-03-15T09:46:11.208+0000][gc,marking    ] GC(5) Concurrent Cleanup for Next Mark
[2020-03-15T09:46:11.279+0000][gc,marking    ] GC(5) Concurrent Cleanup for Next Mark 70.851ms
[2020-03-15T09:46:11.279+0000][gc            ] GC(5) Concurrent Cycle 155.522ms
[2020-03-15T09:59:55.494+0000][gc,start      ] GC(6) Pause Young (Normal) (G1 Evacuation Pause)
[2020-03-15T09:59:55.495+0000][gc,task       ] GC(6) Using 2 workers of 2 for evacuation
[2020-03-15T09:59:55.517+0000][gc,mmu        ] GC(6) MMU target violated: 21.0ms (20.0ms/21.0ms)
[2020-03-15T09:59:55.517+0000][gc,phases     ] GC(6)   Pre Evacuate Collection Set: 3.2ms
[2020-03-15T09:59:55.517+0000][gc,phases     ] GC(6)   Evacuate Collection Set: 16.8ms
[2020-03-15T09:59:55.517+0000][gc,phases     ] GC(6)   Post Evacuate Collection Set: 1.6ms
[2020-03-15T09:59:55.517+0000][gc,phases     ] GC(6)   Other: 1.0ms
[2020-03-15T09:59:55.517+0000][gc,heap       ] GC(6) Eden regions: 49->0(48)
[2020-03-15T09:59:55.517+0000][gc,heap       ] GC(6) Survivor regions: 2->3(7)
[2020-03-15T09:59:55.517+0000][gc,heap       ] GC(6) Old regions: 13->13
[2020-03-15T09:59:55.517+0000][gc,heap       ] GC(6) Humongous regions: 147->129
[2020-03-15T09:59:55.517+0000][gc,metaspace  ] GC(6) Metaspace: 36536K->36536K(1081344K)
[2020-03-15T09:59:55.517+0000][gc            ] GC(6) Pause Young (Normal) (G1 Evacuation Pause) 209M->142M(1024M) 22.631ms
[2020-03-15T09:59:55.517+0000][gc,cpu        ] GC(6) User=0.03s Sys=0.00s Real=0.02s
[2020-03-15T10:21:46.513+0000][gc,start      ] GC(7) Pause Young (Normal) (G1 Evacuation Pause)
[2020-03-15T10:21:46.513+0000][gc,task       ] GC(7) Using 2 workers of 2 for evacuation
[2020-03-15T10:21:46.530+0000][gc,phases     ] GC(7)   Pre Evacuate Collection Set: 3.1ms
[2020-03-15T10:21:46.530+0000][gc,phases     ] GC(7)   Evacuate Collection Set: 12.2ms
[2020-03-15T10:21:46.530+0000][gc,phases     ] GC(7)   Post Evacuate Collection Set: 0.6ms
[2020-03-15T10:21:46.530+0000][gc,phases     ] GC(7)   Other: 0.7ms
[2020-03-15T10:21:46.530+0000][gc,heap       ] GC(7) Eden regions: 48->0(48)
[2020-03-15T10:21:46.530+0000][gc,heap       ] GC(7) Survivor regions: 3->3(7)
[2020-03-15T10:21:46.530+0000][gc,heap       ] GC(7) Old regions: 13->13
[2020-03-15T10:21:46.530+0000][gc,heap       ] GC(7) Humongous regions: 129->129
[2020-03-15T10:21:46.531+0000][gc,metaspace  ] GC(7) Metaspace: 36667K->36667K(1081344K)
[2020-03-15T10:21:46.531+0000][gc            ] GC(7) Pause Young (Normal) (G1 Evacuation Pause) 190M->142M(1024M) 17.445ms
[2020-03-15T10:21:46.531+0000][gc,cpu        ] GC(7) User=0.03s Sys=0.00s Real=0.02s
[2020-03-15T10:44:40.880+0000][gc,start      ] GC(8) Pause Young (Normal) (G1 Evacuation Pause)
[2020-03-15T10:44:40.880+0000][gc,task       ] GC(8) Using 2 workers of 2 for evacuation
[2020-03-15T10:44:40.898+0000][gc,phases     ] GC(8)   Pre Evacuate Collection Set: 3.4ms
[2020-03-15T10:44:40.898+0000][gc,phases     ] GC(8)   Evacuate Collection Set: 13.1ms
[2020-03-15T10:44:40.898+0000][gc,phases     ] GC(8)   Post Evacuate Collection Set: 0.8ms
[2020-03-15T10:44:40.898+0000][gc,phases     ] GC(8)   Other: 0.9ms
[2020-03-15T10:44:40.898+0000][gc,heap       ] GC(8) Eden regions: 48->0(48)
[2020-03-15T10:44:40.898+0000][gc,heap       ] GC(8) Survivor regions: 3->3(7)
[2020-03-15T10:44:40.898+0000][gc,heap       ] GC(8) Old regions: 13->13
[2020-03-15T10:44:40.898+0000][gc,heap       ] GC(8) Humongous regions: 129->129
[2020-03-15T10:44:40.898+0000][gc,metaspace  ] GC(8) Metaspace: 36744K->36744K(1083392K)
[2020-03-15T10:44:40.898+0000][gc            ] GC(8) Pause Young (Normal) (G1 Evacuation Pause) 190M->142M(1024M) 18.272ms
[2020-03-15T10:44:40.898+0000][gc,cpu        ] GC(8) User=0.03s Sys=0.00s Real=0.02s
[2020-03-15T11:07:26.513+0000][gc,start      ] GC(9) Pause Young (Normal) (G1 Evacuation Pause)
[2020-03-15T11:07:26.513+0000][gc,task       ] GC(9) Using 2 workers of 2 for evacuation
[2020-03-15T11:07:26.532+0000][gc,phases     ] GC(9)   Pre Evacuate Collection Set: 2.7ms
[2020-03-15T11:07:26.533+0000][gc,phases     ] GC(9)   Evacuate Collection Set: 15.0ms
[2020-03-15T11:07:26.533+0000][gc,phases     ] GC(9)   Post Evacuate Collection Set: 0.8ms
[2020-03-15T11:07:26.533+0000][gc,phases     ] GC(9)   Other: 0.7ms
[2020-03-15T11:07:26.533+0000][gc,heap       ] GC(9) Eden regions: 48->0(48)
[2020-03-15T11:07:26.533+0000][gc,heap       ] GC(9) Survivor regions: 3->3(7)
[2020-03-15T11:07:26.533+0000][gc,heap       ] GC(9) Old regions: 13->13
[2020-03-15T11:07:26.533+0000][gc,heap       ] GC(9) Humongous regions: 129->129
[2020-03-15T11:07:26.533+0000][gc,metaspace  ] GC(9) Metaspace: 36845K->36845K(1083392K)
[2020-03-15T11:07:26.533+0000][gc            ] GC(9) Pause Young (Normal) (G1 Evacuation Pause) 190M->142M(1024M) 20.084ms
[2020-03-15T11:07:26.533+0000][gc,cpu        ] GC(9) User=0.02s Sys=0.00s Real=0.02s
[2020-03-15T11:30:25.750+0000][gc,start      ] GC(10) Pause Young (Normal) (G1 Evacuation Pause)
[2020-03-15T11:30:25.751+0000][gc,task       ] GC(10) Using 2 workers of 2 for evacuation
[2020-03-15T11:30:25.773+0000][gc,mmu        ] GC(10) MMU target violated: 21.0ms (20.0ms/21.0ms)
[2020-03-15T11:30:25.773+0000][gc,phases     ] GC(10)   Pre Evacuate Collection Set: 3.3ms
[2020-03-15T11:30:25.773+0000][gc,phases     ] GC(10)   Evacuate Collection Set: 18.0ms
[2020-03-15T11:30:25.773+0000][gc,phases     ] GC(10)   Post Evacuate Collection Set: 0.8ms
[2020-03-15T11:30:25.773+0000][gc,phases     ] GC(10)   Other: 0.7ms
[2020-03-15T11:30:25.773+0000][gc,heap       ] GC(10) Eden regions: 48->0(48)
[2020-03-15T11:30:25.773+0000][gc,heap       ] GC(10) Survivor regions: 3->3(7)
[2020-03-15T11:30:25.773+0000][gc,heap       ] GC(10) Old regions: 13->13
[2020-03-15T11:30:25.773+0000][gc,heap       ] GC(10) Humongous regions: 129->129
[2020-03-15T11:30:25.773+0000][gc,metaspace  ] GC(10) Metaspace: 36877K->36877K(1083392K)
[2020-03-15T11:30:25.773+0000][gc            ] GC(10) Pause Young (Normal) (G1 Evacuation Pause) 190M->142M(1024M) 22.737ms
[2020-03-15T11:30:25.773+0000][gc,cpu        ] GC(10) User=0.03s Sys=0.00s Real=0.02s
[2020-03-15T11:53:01.514+0000][gc,start      ] GC(11) Pause Young (Normal) (G1 Evacuation Pause)
[2020-03-15T11:53:01.514+0000][gc,task       ] GC(11) Using 2 workers of 2 for evacuation
[2020-03-15T11:53:01.536+0000][gc,mmu        ] GC(11) MMU target violated: 21.0ms (20.0ms/21.0ms)
[2020-03-15T11:53:01.536+0000][gc,phases     ] GC(11)   Pre Evacuate Collection Set: 3.5ms
[2020-03-15T11:53:01.536+0000][gc,phases     ] GC(11)   Evacuate Collection Set: 17.0ms
[2020-03-15T11:53:01.536+0000][gc,phases     ] GC(11)   Post Evacuate Collection Set: 0.8ms
[2020-03-15T11:53:01.536+0000][gc,phases     ] GC(11)   Other: 1.6ms
[2020-03-15T11:53:01.536+0000][gc,heap       ] GC(11) Eden regions: 48->0(48)
[2020-03-15T11:53:01.536+0000][gc,heap       ] GC(11) Survivor regions: 3->3(7)
[2020-03-15T11:53:01.536+0000][gc,heap       ] GC(11) Old regions: 13->13
[2020-03-15T11:53:01.536+0000][gc,heap       ] GC(11) Humongous regions: 129->129
[2020-03-15T11:53:01.536+0000][gc,metaspace  ] GC(11) Metaspace: 36912K->36912K(1083392K)
[2020-03-15T11:53:01.537+0000][gc            ] GC(11) Pause Young (Normal) (G1 Evacuation Pause) 190M->142M(1024M) 22.949ms
[2020-03-15T11:53:01.537+0000][gc,cpu        ] GC(11) User=0.04s Sys=0.00s Real=0.03s
[2020-03-15T12:15:51.514+0000][gc,start      ] GC(12) Pause Young (Normal) (G1 Evacuation Pause)
[2020-03-15T12:15:51.514+0000][gc,task       ] GC(12) Using 2 workers of 2 for evacuation
[2020-03-15T12:15:51.533+0000][gc,phases     ] GC(12)   Pre Evacuate Collection Set: 3.4ms
[2020-03-15T12:15:51.533+0000][gc,phases     ] GC(12)   Evacuate Collection Set: 13.8ms
[2020-03-15T12:15:51.533+0000][gc,phases     ] GC(12)   Post Evacuate Collection Set: 0.8ms
[2020-03-15T12:15:51.533+0000][gc,phases     ] GC(12)   Other: 0.9ms
[2020-03-15T12:15:51.533+0000][gc,heap       ] GC(12) Eden regions: 48->0(48)
[2020-03-15T12:15:51.533+0000][gc,heap       ] GC(12) Survivor regions: 3->3(7)
[2020-03-15T12:15:51.533+0000][gc,heap       ] GC(12) Old regions: 13->13
[2020-03-15T12:15:51.533+0000][gc,heap       ] GC(12) Humongous regions: 129->129
[2020-03-15T12:15:51.533+0000][gc,metaspace  ] GC(12) Metaspace: 36940K->36940K(1083392K)
[2020-03-15T12:15:51.533+0000][gc            ] GC(12) Pause Young (Normal) (G1 Evacuation Pause) 190M->142M(1024M) 18.949ms
[2020-03-15T12:15:51.533+0000][gc,cpu        ] GC(12) User=0.03s Sys=0.00s Real=0.02s
[2020-03-15T12:38:36.514+0000][gc,start      ] GC(13) Pause Young (Normal) (G1 Evacuation Pause)
[2020-03-15T12:38:36.514+0000][gc,task       ] GC(13) Using 2 workers of 2 for evacuation
[2020-03-15T12:38:36.532+0000][gc,phases     ] GC(13)   Pre Evacuate Collection Set: 3.3ms
[2020-03-15T12:38:36.532+0000][gc,phases     ] GC(13)   Evacuate Collection Set: 13.1ms
[2020-03-15T12:38:36.532+0000][gc,phases     ] GC(13)   Post Evacuate Collection Set: 0.9ms
[2020-03-15T12:38:36.532+0000][gc,phases     ] GC(13)   Other: 0.8ms
[2020-03-15T12:38:36.532+0000][gc,heap       ] GC(13) Eden regions: 48->0(48)
[2020-03-15T12:38:36.532+0000][gc,heap       ] GC(13) Survivor regions: 3->3(7)
[2020-03-15T12:38:36.532+0000][gc,heap       ] GC(13) Old regions: 13->13
[2020-03-15T12:38:36.532+0000][gc,heap       ] GC(13) Humongous regions: 129->129
[2020-03-15T12:38:36.532+0000][gc,metaspace  ] GC(13) Metaspace: 36944K->36944K(1083392K)
[2020-03-15T12:38:36.532+0000][gc            ] GC(13) Pause Young (Normal) (G1 Evacuation Pause) 190M->142M(1024M) 18.831ms
[2020-03-15T12:38:36.532+0000][gc,cpu        ] GC(13) User=0.03s Sys=0.00s Real=0.02s
[2020-03-15T13:01:16.441+0000][gc,start      ] GC(14) Pause Young (Normal) (G1 Evacuation Pause)
[2020-03-15T13:01:16.441+0000][gc,task       ] GC(14) Using 2 workers of 2 for evacuation
[2020-03-15T13:01:16.457+0000][gc,phases     ] GC(14)   Pre Evacuate Collection Set: 3.4ms
[2020-03-15T13:01:16.457+0000][gc,phases     ] GC(14)   Evacuate Collection Set: 11.2ms
[2020-03-15T13:01:16.457+0000][gc,phases     ] GC(14)   Post Evacuate Collection Set: 0.7ms
[2020-03-15T13:01:16.457+0000][gc,phases     ] GC(14)   Other: 0.9ms
[2020-03-15T13:01:16.457+0000][gc,heap       ] GC(14) Eden regions: 48->0(48)
[2020-03-15T13:01:16.457+0000][gc,heap       ] GC(14) Survivor regions: 3->3(7)
[2020-03-15T13:01:16.457+0000][gc,heap       ] GC(14) Old regions: 13->13
[2020-03-15T13:01:16.457+0000][gc,heap       ] GC(14) Humongous regions: 129->129
[2020-03-15T13:01:16.457+0000][gc,metaspace  ] GC(14) Metaspace: 36989K->36989K(1083392K)
[2020-03-15T13:01:16.457+0000][gc            ] GC(14) Pause Young (Normal) (G1 Evacuation Pause) 190M->142M(1024M) 16.090ms
[2020-03-15T13:01:16.457+0000][gc,cpu        ] GC(14) User=0.03s Sys=0.00s Real=0.02s
[2020-03-15T13:24:01.775+0000][gc,start      ] GC(15) Pause Young (Normal) (G1 Evacuation Pause)
[2020-03-15T13:24:01.775+0000][gc,task       ] GC(15) Using 2 workers of 2 for evacuation
[2020-03-15T13:24:01.793+0000][gc,phases     ] GC(15)   Pre Evacuate Collection Set: 3.4ms
[2020-03-15T13:24:01.793+0000][gc,phases     ] GC(15)   Evacuate Collection Set: 13.0ms
[2020-03-15T13:24:01.793+0000][gc,phases     ] GC(15)   Post Evacuate Collection Set: 0.9ms
[2020-03-15T13:24:01.793+0000][gc,phases     ] GC(15)   Other: 1.0ms
[2020-03-15T13:24:01.793+0000][gc,heap       ] GC(15) Eden regions: 48->0(49)
[2020-03-15T13:24:01.793+0000][gc,heap       ] GC(15) Survivor regions: 3->3(7)
[2020-03-15T13:24:01.793+0000][gc,heap       ] GC(15) Old regions: 13->13
[2020-03-15T13:24:01.793+0000][gc,heap       ] GC(15) Humongous regions: 129->129
[2020-03-15T13:24:01.793+0000][gc,metaspace  ] GC(15) Metaspace: 36995K->36995K(1083392K)
[2020-03-15T13:24:01.793+0000][gc            ] GC(15) Pause Young (Normal) (G1 Evacuation Pause) 190M->142M(1024M) 18.311ms
[2020-03-15T13:24:01.793+0000][gc,cpu        ] GC(15) User=0.03s Sys=0.00s Real=0.01s
[2020-03-15T13:47:21.715+0000][gc,start      ] GC(16) Pause Young (Normal) (G1 Evacuation Pause)
[2020-03-15T13:47:21.715+0000][gc,task       ] GC(16) Using 2 workers of 2 for evacuation
[2020-03-15T13:47:21.743+0000][gc,mmu        ] GC(16) MMU target violated: 21.0ms (20.0ms/21.0ms)
[2020-03-15T13:47:21.743+0000][gc,phases     ] GC(16)   Pre Evacuate Collection Set: 3.4ms
[2020-03-15T13:47:21.743+0000][gc,phases     ] GC(16)   Evacuate Collection Set: 22.4ms
[2020-03-15T13:47:21.743+0000][gc,phases     ] GC(16)   Post Evacuate Collection Set: 1.7ms
[2020-03-15T13:47:21.744+0000][gc,phases     ] GC(16)   Other: 0.9ms
[2020-03-15T13:47:21.744+0000][gc,heap       ] GC(16) Eden regions: 49->0(49)
[2020-03-15T13:47:21.744+0000][gc,heap       ] GC(16) Survivor regions: 3->3(7)
[2020-03-15T13:47:21.744+0000][gc,heap       ] GC(16) Old regions: 13->13
[2020-03-15T13:47:21.744+0000][gc,heap       ] GC(16) Humongous regions: 129->129
[2020-03-15T13:47:21.744+0000][gc,metaspace  ] GC(16) Metaspace: 37009K->37009K(1083392K)
[2020-03-15T13:47:21.744+0000][gc            ] GC(16) Pause Young (Normal) (G1 Evacuation Pause) 191M->142M(1024M) 28.372ms
[2020-03-15T13:47:21.744+0000][gc,cpu        ] GC(16) User=0.03s Sys=0.00s Real=0.03s
[2020-03-15T14:10:40.675+0000][gc,start      ] GC(17) Pause Young (Normal) (G1 Evacuation Pause)
[2020-03-15T14:10:40.675+0000][gc,task       ] GC(17) Using 2 workers of 2 for evacuation
[2020-03-15T14:10:40.696+0000][gc,mmu        ] GC(17) MMU target violated: 20.0ms (20.0ms/21.0ms)
[2020-03-15T14:10:40.696+0000][gc,phases     ] GC(17)   Pre Evacuate Collection Set: 3.4ms
[2020-03-15T14:10:40.696+0000][gc,phases     ] GC(17)   Evacuate Collection Set: 15.4ms
[2020-03-15T14:10:40.696+0000][gc,phases     ] GC(17)   Post Evacuate Collection Set: 0.7ms
[2020-03-15T14:10:40.696+0000][gc,phases     ] GC(17)   Other: 0.9ms
[2020-03-15T14:10:40.696+0000][gc,heap       ] GC(17) Eden regions: 49->0(51)
[2020-03-15T14:10:40.696+0000][gc,heap       ] GC(17) Survivor regions: 3->3(7)
[2020-03-15T14:10:40.696+0000][gc,heap       ] GC(17) Old regions: 13->13
[2020-03-15T14:10:40.696+0000][gc,heap       ] GC(17) Humongous regions: 129->129
[2020-03-15T14:10:40.696+0000][gc,metaspace  ] GC(17) Metaspace: 37027K->37027K(1083392K)
[2020-03-15T14:10:40.696+0000][gc            ] GC(17) Pause Young (Normal) (G1 Evacuation Pause) 191M->142M(1024M) 20.468ms
[2020-03-15T14:10:40.696+0000][gc,cpu        ] GC(17) User=0.04s Sys=0.00s Real=0.02s
[2020-03-15T14:34:56.514+0000][gc,start      ] GC(18) Pause Young (Normal) (G1 Evacuation Pause)
[2020-03-15T14:34:56.514+0000][gc,task       ] GC(18) Using 2 workers of 2 for evacuation
[2020-03-15T14:34:56.533+0000][gc,phases     ] GC(18)   Pre Evacuate Collection Set: 2.3ms
[2020-03-15T14:34:56.534+0000][gc,phases     ] GC(18)   Evacuate Collection Set: 15.8ms
[2020-03-15T14:34:56.534+0000][gc,phases     ] GC(18)   Post Evacuate Collection Set: 1.1ms
[2020-03-15T14:34:56.534+0000][gc,phases     ] GC(18)   Other: 0.6ms
[2020-03-15T14:34:56.534+0000][gc,heap       ] GC(18) Eden regions: 51->0(53)
[2020-03-15T14:34:56.534+0000][gc,heap       ] GC(18) Survivor regions: 3->3(7)
[2020-03-15T14:34:56.534+0000][gc,heap       ] GC(18) Old regions: 13->13
[2020-03-15T14:34:56.534+0000][gc,heap       ] GC(18) Humongous regions: 129->129
[2020-03-15T14:34:56.534+0000][gc,metaspace  ] GC(18) Metaspace: 37028K->37028K(1083392K)
[2020-03-15T14:34:56.534+0000][gc            ] GC(18) Pause Young (Normal) (G1 Evacuation Pause) 193M->142M(1024M) 20.594ms
[2020-03-15T14:34:56.534+0000][gc,cpu        ] GC(18) User=0.03s Sys=0.00s Real=0.02s
[2020-03-15T14:59:23.167+0000][gc,start      ] GC(19) Pause Young (Normal) (G1 Evacuation Pause)
[2020-03-15T14:59:23.167+0000][gc,task       ] GC(19) Using 2 workers of 2 for evacuation
[2020-03-15T14:59:23.186+0000][gc,phases     ] GC(19)   Pre Evacuate Collection Set: 1.6ms
[2020-03-15T14:59:23.186+0000][gc,phases     ] GC(19)   Evacuate Collection Set: 16.1ms
[2020-03-15T14:59:23.186+0000][gc,phases     ] GC(19)   Post Evacuate Collection Set: 0.8ms
[2020-03-15T14:59:23.186+0000][gc,phases     ] GC(19)   Other: 0.5ms
[2020-03-15T14:59:23.186+0000][gc,heap       ] GC(19) Eden regions: 53->0(54)
[2020-03-15T14:59:23.186+0000][gc,heap       ] GC(19) Survivor regions: 3->3(7)
[2020-03-15T14:59:23.186+0000][gc,heap       ] GC(19) Old regions: 13->13
[2020-03-15T14:59:23.186+0000][gc,heap       ] GC(19) Humongous regions: 129->129
[2020-03-15T14:59:23.186+0000][gc,metaspace  ] GC(19) Metaspace: 37355K->37355K(1083392K)
[2020-03-15T14:59:23.186+0000][gc            ] GC(19) Pause Young (Normal) (G1 Evacuation Pause) 195M->143M(1024M) 19.071ms
[2020-03-15T14:59:23.186+0000][gc,cpu        ] GC(19) User=0.04s Sys=0.00s Real=0.02s
[2020-03-15T15:11:33.556+0000][gc,start      ] GC(20) Pause Young (Normal) (G1 Evacuation Pause)
[2020-03-15T15:11:33.556+0000][gc,task       ] GC(20) Using 2 workers of 2 for evacuation
[2020-03-15T15:11:33.591+0000][gc,mmu        ] GC(20) MMU target violated: 21.0ms (20.0ms/21.0ms)
[2020-03-15T15:11:33.591+0000][gc,phases     ] GC(20)   Pre Evacuate Collection Set: 2.9ms
[2020-03-15T15:11:33.591+0000][gc,phases     ] GC(20)   Evacuate Collection Set: 30.1ms
[2020-03-15T15:11:33.591+0000][gc,phases     ] GC(20)   Post Evacuate Collection Set: 0.8ms
[2020-03-15T15:11:33.591+0000][gc,phases     ] GC(20)   Other: 0.9ms
[2020-03-15T15:11:33.591+0000][gc,heap       ] GC(20) Eden regions: 54->0(48)
[2020-03-15T15:11:33.591+0000][gc,heap       ] GC(20) Survivor regions: 3->3(8)
[2020-03-15T15:11:33.591+0000][gc,heap       ] GC(20) Old regions: 13->15
[2020-03-15T15:11:33.591+0000][gc,heap       ] GC(20) Humongous regions: 129->129
[2020-03-15T15:11:33.591+0000][gc,metaspace  ] GC(20) Metaspace: 38983K->38983K(1085440K)
[2020-03-15T15:11:33.591+0000][gc            ] GC(20) Pause Young (Normal) (G1 Evacuation Pause) 197M->144M(1024M) 34.641ms
[2020-03-15T15:11:33.591+0000][gc,cpu        ] GC(20) User=0.07s Sys=0.00s Real=0.03s
[2020-03-15T15:23:26.534+0000][gc,start      ] GC(21) Pause Young (Normal) (G1 Evacuation Pause)
[2020-03-15T15:23:26.534+0000][gc,task       ] GC(21) Using 2 workers of 2 for evacuation
[2020-03-15T15:23:26.564+0000][gc,mmu        ] GC(21) MMU target violated: 21.0ms (20.0ms/21.0ms)
[2020-03-15T15:23:26.564+0000][gc,phases     ] GC(21)   Pre Evacuate Collection Set: 3.3ms
[2020-03-15T15:23:26.564+0000][gc,phases     ] GC(21)   Evacuate Collection Set: 25.0ms
[2020-03-15T15:23:26.564+0000][gc,phases     ] GC(21)   Post Evacuate Collection Set: 0.7ms
[2020-03-15T15:23:26.564+0000][gc,phases     ] GC(21)   Other: 1.0ms
[2020-03-15T15:23:26.564+0000][gc,heap       ] GC(21) Eden regions: 48->0(48)
[2020-03-15T15:23:26.564+0000][gc,heap       ] GC(21) Survivor regions: 3->3(7)
[2020-03-15T15:23:26.564+0000][gc,heap       ] GC(21) Old regions: 15->16
[2020-03-15T15:23:26.564+0000][gc,heap       ] GC(21) Humongous regions: 129->129
[2020-03-15T15:23:26.564+0000][gc,metaspace  ] GC(21) Metaspace: 39023K->39023K(1085440K)
[2020-03-15T15:23:26.564+0000][gc            ] GC(21) Pause Young (Normal) (G1 Evacuation Pause) 192M->145M(1024M) 30.001ms
[2020-03-15T15:23:26.564+0000][gc,cpu        ] GC(21) User=0.05s Sys=0.00s Real=0.04s
[2020-03-15T15:35:39.947+0000][gc,start      ] GC(22) Pause Young (Normal) (G1 Evacuation Pause)
[2020-03-15T15:35:39.947+0000][gc,task       ] GC(22) Using 2 workers of 2 for evacuation
[2020-03-15T15:35:39.963+0000][gc,phases     ] GC(22)   Pre Evacuate Collection Set: 1.7ms
[2020-03-15T15:35:39.963+0000][gc,phases     ] GC(22)   Evacuate Collection Set: 13.1ms
[2020-03-15T15:35:39.963+0000][gc,phases     ] GC(22)   Post Evacuate Collection Set: 0.6ms
[2020-03-15T15:35:39.963+0000][gc,phases     ] GC(22)   Other: 0.6ms
[2020-03-15T15:35:39.963+0000][gc,heap       ] GC(22) Eden regions: 48->0(52)
[2020-03-15T15:35:39.963+0000][gc,heap       ] GC(22) Survivor regions: 3->3(7)
[2020-03-15T15:35:39.963+0000][gc,heap       ] GC(22) Old regions: 16->16
[2020-03-15T15:35:39.963+0000][gc,heap       ] GC(22) Humongous regions: 129->129
[2020-03-15T15:35:39.963+0000][gc,metaspace  ] GC(22) Metaspace: 39027K->39027K(1085440K)
[2020-03-15T15:35:39.963+0000][gc            ] GC(22) Pause Young (Normal) (G1 Evacuation Pause) 193M->145M(1024M) 16.074ms
[2020-03-15T15:35:39.963+0000][gc,cpu        ] GC(22) User=0.03s Sys=0.00s Real=0.02s
[2020-03-15T15:47:39.944+0000][gc,start      ] GC(23) Pause Young (Normal) (G1 Evacuation Pause)
[2020-03-15T15:47:39.944+0000][gc,task       ] GC(23) Using 2 workers of 2 for evacuation
[2020-03-15T15:47:39.962+0000][gc,phases     ] GC(23)   Pre Evacuate Collection Set: 3.4ms
[2020-03-15T15:47:39.962+0000][gc,phases     ] GC(23)   Evacuate Collection Set: 12.7ms
[2020-03-15T15:47:39.962+0000][gc,phases     ] GC(23)   Post Evacuate Collection Set: 1.0ms
[2020-03-15T15:47:39.962+0000][gc,phases     ] GC(23)   Other: 0.8ms
[2020-03-15T15:47:39.962+0000][gc,heap       ] GC(23) Eden regions: 49->0(52)
[2020-03-15T15:47:39.962+0000][gc,heap       ] GC(23) Survivor regions: 3->2(7)
[2020-03-15T15:47:39.962+0000][gc,heap       ] GC(23) Old regions: 16->16
[2020-03-15T15:47:39.962+0000][gc,heap       ] GC(23) Humongous regions: 129->129
[2020-03-15T15:47:39.962+0000][gc,metaspace  ] GC(23) Metaspace: 39076K->39076K(1085440K)
[2020-03-15T15:47:39.962+0000][gc            ] GC(23) Pause Young (Normal) (G1 Evacuation Pause) 194M->145M(1024M) 17.879ms
[2020-03-15T15:47:39.962+0000][gc,cpu        ] GC(23) User=0.03s Sys=0.00s Real=0.01s
[2020-03-15T15:58:45.481+0000][gc,start      ] GC(24) Pause Young (Normal) (G1 Evacuation Pause)
[2020-03-15T15:58:45.481+0000][gc,task       ] GC(24) Using 2 workers of 2 for evacuation
[2020-03-15T15:58:45.500+0000][gc,phases     ] GC(24)   Pre Evacuate Collection Set: 3.3ms
[2020-03-15T15:58:45.500+0000][gc,phases     ] GC(24)   Evacuate Collection Set: 14.6ms
[2020-03-15T15:58:45.500+0000][gc,phases     ] GC(24)   Post Evacuate Collection Set: 0.8ms
[2020-03-15T15:58:45.500+0000][gc,phases     ] GC(24)   Other: 1.0ms
[2020-03-15T15:58:45.500+0000][gc,heap       ] GC(24) Eden regions: 52->0(53)
[2020-03-15T15:58:45.500+0000][gc,heap       ] GC(24) Survivor regions: 2->2(7)
[2020-03-15T15:58:45.500+0000][gc,heap       ] GC(24) Old regions: 16->16
[2020-03-15T15:58:45.500+0000][gc,heap       ] GC(24) Humongous regions: 129->129
[2020-03-15T15:58:45.500+0000][gc,metaspace  ] GC(24) Metaspace: 39384K->39384K(1085440K)
[2020-03-15T15:58:45.500+0000][gc            ] GC(24) Pause Young (Normal) (G1 Evacuation Pause) 197M->145M(1024M) 19.566ms
[2020-03-15T15:58:45.500+0000][gc,cpu        ] GC(24) User=0.03s Sys=0.00s Real=0.02s
[2020-03-15T16:07:34.456+0000][gc,start      ] GC(25) Pause Young (Normal) (G1 Evacuation Pause)
[2020-03-15T16:07:34.456+0000][gc,task       ] GC(25) Using 2 workers of 2 for evacuation
[2020-03-15T16:07:34.473+0000][gc,phases     ] GC(25)   Pre Evacuate Collection Set: 3.3ms
[2020-03-15T16:07:34.473+0000][gc,phases     ] GC(25)   Evacuate Collection Set: 13.0ms
[2020-03-15T16:07:34.473+0000][gc,phases     ] GC(25)   Post Evacuate Collection Set: 0.8ms
[2020-03-15T16:07:34.474+0000][gc,phases     ] GC(25)   Other: 0.7ms
[2020-03-15T16:07:34.474+0000][gc,heap       ] GC(25) Eden regions: 53->0(57)
[2020-03-15T16:07:34.474+0000][gc,heap       ] GC(25) Survivor regions: 2->3(7)
[2020-03-15T16:07:34.474+0000][gc,heap       ] GC(25) Old regions: 16->16
[2020-03-15T16:07:34.474+0000][gc,heap       ] GC(25) Humongous regions: 129->129
[2020-03-15T16:07:34.474+0000][gc,metaspace  ] GC(25) Metaspace: 39430K->39430K(1085440K)
[2020-03-15T16:07:34.474+0000][gc            ] GC(25) Pause Young (Normal) (G1 Evacuation Pause) 198M->145M(1024M) 17.804ms
[2020-03-15T16:07:34.474+0000][gc,cpu        ] GC(25) User=0.03s Sys=0.00s Real=0.01s
[2020-03-15T16:21:25.566+0000][gc,start      ] GC(26) Pause Young (Normal) (G1 Evacuation Pause)
[2020-03-15T16:21:25.566+0000][gc,task       ] GC(26) Using 2 workers of 2 for evacuation
[2020-03-15T16:21:25.594+0000][gc,mmu        ] GC(26) MMU target violated: 21.0ms (20.0ms/21.0ms)
[2020-03-15T16:21:25.594+0000][gc,phases     ] GC(26)   Pre Evacuate Collection Set: 3.3ms
[2020-03-15T16:21:25.594+0000][gc,phases     ] GC(26)   Evacuate Collection Set: 23.0ms
[2020-03-15T16:21:25.594+0000][gc,phases     ] GC(26)   Post Evacuate Collection Set: 0.7ms
[2020-03-15T16:21:25.594+0000][gc,phases     ] GC(26)   Other: 1.1ms
[2020-03-15T16:21:25.594+0000][gc,heap       ] GC(26) Eden regions: 57->0(53)
[2020-03-15T16:21:25.594+0000][gc,heap       ] GC(26) Survivor regions: 3->4(8)
[2020-03-15T16:21:25.594+0000][gc,heap       ] GC(26) Old regions: 16->16
[2020-03-15T16:21:25.594+0000][gc,heap       ] GC(26) Humongous regions: 129->129
[2020-03-15T16:21:25.594+0000][gc,metaspace  ] GC(26) Metaspace: 39440K->39440K(1085440K)
[2020-03-15T16:21:25.594+0000][gc            ] GC(26) Pause Young (Normal) (G1 Evacuation Pause) 202M->146M(1024M) 27.971ms
[2020-03-15T16:21:25.594+0000][gc,cpu        ] GC(26) User=0.04s Sys=0.01s Real=0.03s
[2020-03-15T16:34:26.513+0000][gc,start      ] GC(27) Pause Young (Normal) (G1 Evacuation Pause)
[2020-03-15T16:34:26.513+0000][gc,task       ] GC(27) Using 2 workers of 2 for evacuation
[2020-03-15T16:34:26.533+0000][gc,phases     ] GC(27)   Pre Evacuate Collection Set: 3.4ms
[2020-03-15T16:34:26.533+0000][gc,phases     ] GC(27)   Evacuate Collection Set: 14.9ms
[2020-03-15T16:34:26.533+0000][gc,phases     ] GC(27)   Post Evacuate Collection Set: 0.8ms
[2020-03-15T16:34:26.533+0000][gc,phases     ] GC(27)   Other: 0.9ms
[2020-03-15T16:34:26.533+0000][gc,heap       ] GC(27) Eden regions: 53->0(59)
[2020-03-15T16:34:26.533+0000][gc,heap       ] GC(27) Survivor regions: 4->3(8)
[2020-03-15T16:34:26.533+0000][gc,heap       ] GC(27) Old regions: 16->16
[2020-03-15T16:34:26.533+0000][gc,heap       ] GC(27) Humongous regions: 129->129
[2020-03-15T16:34:26.533+0000][gc,metaspace  ] GC(27) Metaspace: 39463K->39463K(1085440K)
[2020-03-15T16:34:26.533+0000][gc            ] GC(27) Pause Young (Normal) (G1 Evacuation Pause) 199M->145M(1024M) 19.945ms
[2020-03-15T16:34:26.533+0000][gc,cpu        ] GC(27) User=0.03s Sys=0.00s Real=0.02s
