[2020-02-09T11:20:22.719+0000][gc,heap] Heap region size: 1M
[2020-02-09T11:20:22.733+0000][gc     ] Using G1
[2020-02-09T11:20:22.734+0000][gc,heap,coops] Heap address: 0x00000000c0000000, size: 1024 MB, Compressed Oops mode: 32-bit
[2020-02-09T11:20:24.163+0000][gc,start     ] GC(0) Pause Young (Normal) (G1 Evacuation Pause)
[2020-02-09T11:20:24.166+0000][gc,task      ] GC(0) Using 10 workers of 10 for evacuation
[2020-02-09T11:20:24.173+0000][gc,phases    ] GC(0)   Pre Evacuate Collection Set: 0.0ms
[2020-02-09T11:20:24.173+0000][gc,phases    ] GC(0)   Evacuate Collection Set: 5.7ms
[2020-02-09T11:20:24.173+0000][gc,phases    ] GC(0)   Post Evacuate Collection Set: 1.1ms
[2020-02-09T11:20:24.173+0000][gc,phases    ] GC(0)   Other: 2.9ms
[2020-02-09T11:20:24.173+0000][gc,heap      ] GC(0) Eden regions: 51->0(44)
[2020-02-09T11:20:24.173+0000][gc,heap      ] GC(0) Survivor regions: 0->7(7)
[2020-02-09T11:20:24.173+0000][gc,heap      ] GC(0) Old regions: 0->0
[2020-02-09T11:20:24.173+0000][gc,heap      ] GC(0) Humongous regions: 0->0
[2020-02-09T11:20:24.173+0000][gc,metaspace ] GC(0) Metaspace: 15913K->15913K(1062912K)
[2020-02-09T11:20:24.173+0000][gc           ] GC(0) Pause Young (Normal) (G1 Evacuation Pause) 51M->6M(1024M) 10.028ms
[2020-02-09T11:20:24.173+0000][gc,cpu       ] GC(0) User=0.05s Sys=0.01s Real=0.01s
[2020-02-09T11:20:24.558+0000][gc,start     ] GC(1) Pause Young (Concurrent Start) (Metadata GC Threshold)
[2020-02-09T11:20:24.558+0000][gc,task      ] GC(1) Using 10 workers of 10 for evacuation
[2020-02-09T11:20:24.570+0000][gc,phases    ] GC(1)   Pre Evacuate Collection Set: 0.1ms
[2020-02-09T11:20:24.570+0000][gc,phases    ] GC(1)   Evacuate Collection Set: 11.2ms
[2020-02-09T11:20:24.570+0000][gc,phases    ] GC(1)   Post Evacuate Collection Set: 0.8ms
[2020-02-09T11:20:24.570+0000][gc,phases    ] GC(1)   Other: 0.4ms
[2020-02-09T11:20:24.570+0000][gc,heap      ] GC(1) Eden regions: 21->0(49)
[2020-02-09T11:20:24.570+0000][gc,heap      ] GC(1) Survivor regions: 7->2(7)
[2020-02-09T11:20:24.570+0000][gc,heap      ] GC(1) Old regions: 0->7
[2020-02-09T11:20:24.570+0000][gc,heap      ] GC(1) Humongous regions: 129->129
[2020-02-09T11:20:24.570+0000][gc,metaspace ] GC(1) Metaspace: 20542K->20542K(1067008K)
[2020-02-09T11:20:24.570+0000][gc           ] GC(1) Pause Young (Concurrent Start) (Metadata GC Threshold) 155M->137M(1024M) 12.696ms
[2020-02-09T11:20:24.570+0000][gc,cpu       ] GC(1) User=0.04s Sys=0.01s Real=0.01s
[2020-02-09T11:20:24.570+0000][gc           ] GC(2) Concurrent Cycle
[2020-02-09T11:20:24.571+0000][gc,marking   ] GC(2) Concurrent Clear Claimed Marks
[2020-02-09T11:20:24.571+0000][gc,marking   ] GC(2) Concurrent Clear Claimed Marks 0.039ms
[2020-02-09T11:20:24.571+0000][gc,marking   ] GC(2) Concurrent Scan Root Regions
[2020-02-09T11:20:24.572+0000][gc,marking   ] GC(2) Concurrent Scan Root Regions 1.306ms
[2020-02-09T11:20:24.572+0000][gc,marking   ] GC(2) Concurrent Mark (1.858s)
[2020-02-09T11:20:24.572+0000][gc,marking   ] GC(2) Concurrent Mark From Roots
[2020-02-09T11:20:24.572+0000][gc,task      ] GC(2) Using 3 workers of 3 for marking
[2020-02-09T11:20:24.579+0000][gc,marking   ] GC(2) Concurrent Mark From Roots 7.322ms
[2020-02-09T11:20:24.579+0000][gc,marking   ] GC(2) Concurrent Preclean
[2020-02-09T11:20:24.579+0000][gc,marking   ] GC(2) Concurrent Preclean 0.172ms
[2020-02-09T11:20:24.579+0000][gc,marking   ] GC(2) Concurrent Mark (1.858s, 1.865s) 7.547ms
[2020-02-09T11:20:24.580+0000][gc,start     ] GC(2) Pause Remark
[2020-02-09T11:20:24.581+0000][gc,stringtable] GC(2) Cleaned string and symbol table, strings: 9149 processed, 0 removed, symbols: 50023 processed, 50 removed
[2020-02-09T11:20:24.582+0000][gc            ] GC(2) Pause Remark 138M->138M(1024M) 2.052ms
[2020-02-09T11:20:24.582+0000][gc,cpu        ] GC(2) User=0.01s Sys=0.00s Real=0.00s
[2020-02-09T11:20:24.582+0000][gc,marking    ] GC(2) Concurrent Rebuild Remembered Sets
[2020-02-09T11:20:24.585+0000][gc,marking    ] GC(2) Concurrent Rebuild Remembered Sets 3.236ms
[2020-02-09T11:20:24.585+0000][gc,start      ] GC(2) Pause Cleanup
[2020-02-09T11:20:24.586+0000][gc            ] GC(2) Pause Cleanup 138M->138M(1024M) 0.462ms
[2020-02-09T11:20:24.586+0000][gc,cpu        ] GC(2) User=0.00s Sys=0.00s Real=0.00s
[2020-02-09T11:20:24.586+0000][gc,marking    ] GC(2) Concurrent Cleanup for Next Mark
[2020-02-09T11:20:24.589+0000][gc,marking    ] GC(2) Concurrent Cleanup for Next Mark 3.096ms
[2020-02-09T11:20:24.589+0000][gc            ] GC(2) Concurrent Cycle 18.709ms
[2020-02-09T11:20:25.299+0000][gc,start      ] GC(3) Pause Young (Normal) (G1 Evacuation Pause)
[2020-02-09T11:20:25.299+0000][gc,task       ] GC(3) Using 10 workers of 10 for evacuation
[2020-02-09T11:20:25.302+0000][gc,phases     ] GC(3)   Pre Evacuate Collection Set: 0.0ms
[2020-02-09T11:20:25.302+0000][gc,phases     ] GC(3)   Evacuate Collection Set: 2.6ms
[2020-02-09T11:20:25.302+0000][gc,phases     ] GC(3)   Post Evacuate Collection Set: 0.4ms
[2020-02-09T11:20:25.302+0000][gc,phases     ] GC(3)   Other: 0.2ms
[2020-02-09T11:20:25.303+0000][gc,heap       ] GC(3) Eden regions: 49->0(46)
[2020-02-09T11:20:25.303+0000][gc,heap       ] GC(3) Survivor regions: 2->5(7)
[2020-02-09T11:20:25.303+0000][gc,heap       ] GC(3) Old regions: 7->7
[2020-02-09T11:20:25.303+0000][gc,heap       ] GC(3) Humongous regions: 129->129
[2020-02-09T11:20:25.303+0000][gc,metaspace  ] GC(3) Metaspace: 30183K->30183K(1077248K)
[2020-02-09T11:20:25.303+0000][gc            ] GC(3) Pause Young (Normal) (G1 Evacuation Pause) 186M->140M(1024M) 3.383ms
[2020-02-09T11:20:25.303+0000][gc,cpu        ] GC(3) User=0.03s Sys=0.00s Real=0.01s
[2020-02-09T11:21:45.132+0000][gc,start      ] GC(4) Pause Young (Concurrent Start) (Metadata GC Threshold)
[2020-02-09T11:21:45.132+0000][gc,task       ] GC(4) Using 10 workers of 10 for evacuation
[2020-02-09T11:21:45.141+0000][gc,phases     ] GC(4)   Pre Evacuate Collection Set: 0.1ms
[2020-02-09T11:21:45.141+0000][gc,phases     ] GC(4)   Evacuate Collection Set: 7.4ms
[2020-02-09T11:21:45.141+0000][gc,phases     ] GC(4)   Post Evacuate Collection Set: 0.9ms
[2020-02-09T11:21:45.141+0000][gc,phases     ] GC(4)   Other: 0.5ms
[2020-02-09T11:21:45.141+0000][gc,heap       ] GC(4) Eden regions: 19->0(49)
[2020-02-09T11:21:45.141+0000][gc,heap       ] GC(4) Survivor regions: 5->2(7)
[2020-02-09T11:21:45.141+0000][gc,heap       ] GC(4) Old regions: 7->12
[2020-02-09T11:21:45.141+0000][gc,heap       ] GC(4) Humongous regions: 129->129
[2020-02-09T11:21:45.141+0000][gc,metaspace  ] GC(4) Metaspace: 34120K->34120K(1079296K)
[2020-02-09T11:21:45.141+0000][gc            ] GC(4) Pause Young (Concurrent Start) (Metadata GC Threshold) 159M->141M(1024M) 9.068ms
[2020-02-09T11:21:45.141+0000][gc,cpu        ] GC(4) User=0.05s Sys=0.01s Real=0.01s
[2020-02-09T11:21:45.141+0000][gc            ] GC(5) Concurrent Cycle
[2020-02-09T11:21:45.141+0000][gc,marking    ] GC(5) Concurrent Clear Claimed Marks
[2020-02-09T11:21:45.141+0000][gc,marking    ] GC(5) Concurrent Clear Claimed Marks 0.093ms
[2020-02-09T11:21:45.141+0000][gc,marking    ] GC(5) Concurrent Scan Root Regions
[2020-02-09T11:21:45.142+0000][gc,marking    ] GC(5) Concurrent Scan Root Regions 1.269ms
[2020-02-09T11:21:45.142+0000][gc,marking    ] GC(5) Concurrent Mark (82.428s)
[2020-02-09T11:21:45.142+0000][gc,marking    ] GC(5) Concurrent Mark From Roots
[2020-02-09T11:21:45.142+0000][gc,task       ] GC(5) Using 3 workers of 3 for marking
[2020-02-09T11:21:45.153+0000][gc,marking    ] GC(5) Concurrent Mark From Roots 10.685ms
[2020-02-09T11:21:45.153+0000][gc,marking    ] GC(5) Concurrent Preclean
[2020-02-09T11:21:45.153+0000][gc,marking    ] GC(5) Concurrent Preclean 0.194ms
[2020-02-09T11:21:45.153+0000][gc,marking    ] GC(5) Concurrent Mark (82.428s, 82.439s) 10.950ms
[2020-02-09T11:21:45.154+0000][gc,start      ] GC(5) Pause Remark
[2020-02-09T11:21:45.155+0000][gc,stringtable] GC(5) Cleaned string and symbol table, strings: 14653 processed, 9 removed, symbols: 78203 processed, 28 removed
[2020-02-09T11:21:45.156+0000][gc            ] GC(5) Pause Remark 142M->142M(1024M) 2.288ms
[2020-02-09T11:21:45.156+0000][gc,cpu        ] GC(5) User=0.02s Sys=0.00s Real=0.00s
[2020-02-09T11:21:45.156+0000][gc,marking    ] GC(5) Concurrent Rebuild Remembered Sets
[2020-02-09T11:21:45.162+0000][gc,marking    ] GC(5) Concurrent Rebuild Remembered Sets 5.854ms
[2020-02-09T11:21:45.162+0000][gc,start      ] GC(5) Pause Cleanup
[2020-02-09T11:21:45.163+0000][gc            ] GC(5) Pause Cleanup 143M->143M(1024M) 0.442ms
[2020-02-09T11:21:45.163+0000][gc,cpu        ] GC(5) User=0.01s Sys=0.00s Real=0.00s
[2020-02-09T11:21:45.163+0000][gc,marking    ] GC(5) Concurrent Cleanup for Next Mark
[2020-02-09T11:21:45.167+0000][gc,marking    ] GC(5) Concurrent Cleanup for Next Mark 3.653ms
[2020-02-09T11:21:45.167+0000][gc            ] GC(5) Concurrent Cycle 25.863ms
[2020-02-09T11:25:40.205+0000][gc,start      ] GC(6) Pause Young (Normal) (G1 Evacuation Pause)
[2020-02-09T11:25:40.205+0000][gc,task       ] GC(6) Using 10 workers of 10 for evacuation
[2020-02-09T11:25:40.212+0000][gc,phases     ] GC(6)   Pre Evacuate Collection Set: 0.0ms
[2020-02-09T11:25:40.212+0000][gc,phases     ] GC(6)   Evacuate Collection Set: 5.1ms
[2020-02-09T11:25:40.212+0000][gc,phases     ] GC(6)   Post Evacuate Collection Set: 1.1ms
[2020-02-09T11:25:40.212+0000][gc,phases     ] GC(6)   Other: 0.4ms
[2020-02-09T11:25:40.212+0000][gc,heap       ] GC(6) Eden regions: 49->0(47)
[2020-02-09T11:25:40.212+0000][gc,heap       ] GC(6) Survivor regions: 2->4(7)
[2020-02-09T11:25:40.212+0000][gc,heap       ] GC(6) Old regions: 12->12
[2020-02-09T11:25:40.212+0000][gc,heap       ] GC(6) Humongous regions: 129->129
[2020-02-09T11:25:40.212+0000][gc,metaspace  ] GC(6) Metaspace: 38761K->38761K(1083392K)
[2020-02-09T11:25:40.212+0000][gc            ] GC(6) Pause Young (Normal) (G1 Evacuation Pause) 190M->144M(1024M) 6.915ms
[2020-02-09T11:25:40.212+0000][gc,cpu        ] GC(6) User=0.05s Sys=0.00s Real=0.01s
[2020-02-09T11:36:46.471+0000][gc,start      ] GC(7) Pause Young (Normal) (G1 Evacuation Pause)
[2020-02-09T11:36:46.471+0000][gc,task       ] GC(7) Using 10 workers of 10 for evacuation
[2020-02-09T11:36:46.478+0000][gc,phases     ] GC(7)   Pre Evacuate Collection Set: 0.0ms
[2020-02-09T11:36:46.478+0000][gc,phases     ] GC(7)   Evacuate Collection Set: 5.8ms
[2020-02-09T11:36:46.478+0000][gc,phases     ] GC(7)   Post Evacuate Collection Set: 1.0ms
[2020-02-09T11:36:46.478+0000][gc,phases     ] GC(7)   Other: 0.4ms
[2020-02-09T11:36:46.478+0000][gc,heap       ] GC(7) Eden regions: 47->0(45)
[2020-02-09T11:36:46.478+0000][gc,heap       ] GC(7) Survivor regions: 4->6(7)
[2020-02-09T11:36:46.478+0000][gc,heap       ] GC(7) Old regions: 12->12
[2020-02-09T11:36:46.478+0000][gc,heap       ] GC(7) Humongous regions: 129->129
[2020-02-09T11:36:46.478+0000][gc,metaspace  ] GC(7) Metaspace: 39276K->39276K(1085440K)
[2020-02-09T11:36:46.478+0000][gc            ] GC(7) Pause Young (Normal) (G1 Evacuation Pause) 191M->145M(1024M) 7.549ms
[2020-02-09T11:36:46.478+0000][gc,cpu        ] GC(7) User=0.06s Sys=0.00s Real=0.01s
[2020-02-09T11:47:54.483+0000][gc,start      ] GC(8) Pause Young (Normal) (G1 Evacuation Pause)
[2020-02-09T11:47:54.483+0000][gc,task       ] GC(8) Using 10 workers of 10 for evacuation
[2020-02-09T11:47:54.491+0000][gc,phases     ] GC(8)   Pre Evacuate Collection Set: 0.0ms
[2020-02-09T11:47:54.491+0000][gc,phases     ] GC(8)   Evacuate Collection Set: 6.1ms
[2020-02-09T11:47:54.491+0000][gc,phases     ] GC(8)   Post Evacuate Collection Set: 1.0ms
[2020-02-09T11:47:54.491+0000][gc,phases     ] GC(8)   Other: 0.5ms
[2020-02-09T11:47:54.491+0000][gc,heap       ] GC(8) Eden regions: 45->0(49)
[2020-02-09T11:47:54.491+0000][gc,heap       ] GC(8) Survivor regions: 6->2(7)
[2020-02-09T11:47:54.491+0000][gc,heap       ] GC(8) Old regions: 12->15
[2020-02-09T11:47:54.491+0000][gc,heap       ] GC(8) Humongous regions: 129->129
[2020-02-09T11:47:54.491+0000][gc,metaspace  ] GC(8) Metaspace: 39372K->39372K(1085440K)
[2020-02-09T11:47:54.491+0000][gc            ] GC(8) Pause Young (Normal) (G1 Evacuation Pause) 190M->145M(1024M) 7.911ms
[2020-02-09T11:47:54.491+0000][gc,cpu        ] GC(8) User=0.06s Sys=0.00s Real=0.00s
[2020-02-09T11:54:55.731+0000][gc,heap,exit  ] Heap
[2020-02-09T11:54:55.731+0000][gc,heap,exit  ]  garbage-first heap   total 1048576K, used 183519K [0x00000000c0000000, 0x0000000100000000)
[2020-02-09T11:54:55.731+0000][gc,heap,exit  ]   region size 1024K, 38 young (38912K), 2 survivors (2048K)
[2020-02-09T11:54:55.731+0000][gc,heap,exit  ]  Metaspace       used 40150K, capacity 42760K, committed 43036K, reserved 1085440K
[2020-02-09T11:54:55.731+0000][gc,heap,exit  ]   class space    used 5671K, capacity 6941K, committed 7020K, reserved 1048576K
