[2020-02-23T00:58:21.209+0000][gc,heap] Heap region size: 1M
[2020-02-23T00:58:21.222+0000][gc     ] Using G1
[2020-02-23T00:58:21.222+0000][gc,heap,coops] Heap address: 0x00000000c0000000, size: 1024 MB, Compressed Oops mode: 32-bit
[2020-02-23T00:58:22.576+0000][gc,start     ] GC(0) Pause Young (Normal) (G1 Evacuation Pause)
[2020-02-23T00:58:22.579+0000][gc,task      ] GC(0) Using 10 workers of 10 for evacuation
[2020-02-23T00:58:22.584+0000][gc,phases    ] GC(0)   Pre Evacuate Collection Set: 0.0ms
[2020-02-23T00:58:22.584+0000][gc,phases    ] GC(0)   Evacuate Collection Set: 3.9ms
[2020-02-23T00:58:22.584+0000][gc,phases    ] GC(0)   Post Evacuate Collection Set: 1.0ms
[2020-02-23T00:58:22.584+0000][gc,phases    ] GC(0)   Other: 2.5ms
[2020-02-23T00:58:22.584+0000][gc,heap      ] GC(0) Eden regions: 51->0(44)
[2020-02-23T00:58:22.584+0000][gc,heap      ] GC(0) Survivor regions: 0->7(7)
[2020-02-23T00:58:22.584+0000][gc,heap      ] GC(0) Old regions: 0->0
[2020-02-23T00:58:22.584+0000][gc,heap      ] GC(0) Humongous regions: 0->0
[2020-02-23T00:58:22.584+0000][gc,metaspace ] GC(0) Metaspace: 15908K->15908K(1062912K)
[2020-02-23T00:58:22.584+0000][gc           ] GC(0) Pause Young (Normal) (G1 Evacuation Pause) 51M->6M(1024M) 7.637ms
[2020-02-23T00:58:22.584+0000][gc,cpu       ] GC(0) User=0.03s Sys=0.01s Real=0.01s
[2020-02-23T00:58:22.881+0000][gc,start     ] GC(1) Pause Young (Concurrent Start) (Metadata GC Threshold)
[2020-02-23T00:58:22.881+0000][gc,task      ] GC(1) Using 10 workers of 10 for evacuation
[2020-02-23T00:58:22.889+0000][gc,phases    ] GC(1)   Pre Evacuate Collection Set: 0.1ms
[2020-02-23T00:58:22.890+0000][gc,phases    ] GC(1)   Evacuate Collection Set: 7.8ms
[2020-02-23T00:58:22.890+0000][gc,phases    ] GC(1)   Post Evacuate Collection Set: 0.5ms
[2020-02-23T00:58:22.890+0000][gc,phases    ] GC(1)   Other: 0.3ms
[2020-02-23T00:58:22.890+0000][gc,heap      ] GC(1) Eden regions: 18->0(50)
[2020-02-23T00:58:22.890+0000][gc,heap      ] GC(1) Survivor regions: 7->1(7)
[2020-02-23T00:58:22.890+0000][gc,heap      ] GC(1) Old regions: 0->7
[2020-02-23T00:58:22.890+0000][gc,heap      ] GC(1) Humongous regions: 0->0
[2020-02-23T00:58:22.890+0000][gc,metaspace ] GC(1) Metaspace: 20315K->20315K(1067008K)
[2020-02-23T00:58:22.890+0000][gc           ] GC(1) Pause Young (Concurrent Start) (Metadata GC Threshold) 24M->7M(1024M) 8.800ms
[2020-02-23T00:58:22.890+0000][gc,cpu       ] GC(1) User=0.04s Sys=0.01s Real=0.01s
[2020-02-23T00:58:22.890+0000][gc           ] GC(2) Concurrent Cycle
[2020-02-23T00:58:22.890+0000][gc,marking   ] GC(2) Concurrent Clear Claimed Marks
[2020-02-23T00:58:22.890+0000][gc,marking   ] GC(2) Concurrent Clear Claimed Marks 0.028ms
[2020-02-23T00:58:22.890+0000][gc,marking   ] GC(2) Concurrent Scan Root Regions
[2020-02-23T00:58:22.891+0000][gc,marking   ] GC(2) Concurrent Scan Root Regions 0.824ms
[2020-02-23T00:58:22.891+0000][gc,marking   ] GC(2) Concurrent Mark (1.687s)
[2020-02-23T00:58:22.891+0000][gc,marking   ] GC(2) Concurrent Mark From Roots
[2020-02-23T00:58:22.891+0000][gc,task      ] GC(2) Using 3 workers of 3 for marking
[2020-02-23T00:58:22.898+0000][gc,marking   ] GC(2) Concurrent Mark From Roots 7.280ms
[2020-02-23T00:58:22.898+0000][gc,marking   ] GC(2) Concurrent Preclean
[2020-02-23T00:58:22.898+0000][gc,marking   ] GC(2) Concurrent Preclean 0.207ms
[2020-02-23T00:58:22.898+0000][gc,marking   ] GC(2) Concurrent Mark (1.687s, 1.694s) 7.557ms
[2020-02-23T00:58:22.898+0000][gc,start     ] GC(2) Pause Remark
[2020-02-23T00:58:22.900+0000][gc,stringtable] GC(2) Cleaned string and symbol table, strings: 9021 processed, 0 removed, symbols: 49996 processed, 54 removed
[2020-02-23T00:58:22.900+0000][gc            ] GC(2) Pause Remark 8M->8M(1024M) 2.186ms
[2020-02-23T00:58:22.901+0000][gc,cpu        ] GC(2) User=0.01s Sys=0.00s Real=0.00s
[2020-02-23T00:58:22.901+0000][gc,marking    ] GC(2) Concurrent Rebuild Remembered Sets
[2020-02-23T00:58:22.904+0000][gc,marking    ] GC(2) Concurrent Rebuild Remembered Sets 3.163ms
[2020-02-23T00:58:22.904+0000][gc,start      ] GC(2) Pause Cleanup
[2020-02-23T00:58:22.905+0000][gc            ] GC(2) Pause Cleanup 8M->8M(1024M) 0.352ms
[2020-02-23T00:58:22.905+0000][gc,cpu        ] GC(2) User=0.00s Sys=0.00s Real=0.00s
[2020-02-23T00:58:22.905+0000][gc,marking    ] GC(2) Concurrent Cleanup for Next Mark
[2020-02-23T00:58:22.908+0000][gc,marking    ] GC(2) Concurrent Cleanup for Next Mark 3.747ms
[2020-02-23T00:58:22.908+0000][gc            ] GC(2) Concurrent Cycle 18.679ms
[2020-02-23T00:58:23.921+0000][gc,start      ] GC(3) Pause Young (Normal) (G1 Evacuation Pause)
[2020-02-23T00:58:23.921+0000][gc,task       ] GC(3) Using 10 workers of 10 for evacuation
[2020-02-23T00:58:23.925+0000][gc,phases     ] GC(3)   Pre Evacuate Collection Set: 0.0ms
[2020-02-23T00:58:23.925+0000][gc,phases     ] GC(3)   Evacuate Collection Set: 3.5ms
[2020-02-23T00:58:23.925+0000][gc,phases     ] GC(3)   Post Evacuate Collection Set: 0.5ms
[2020-02-23T00:58:23.925+0000][gc,phases     ] GC(3)   Other: 0.2ms
[2020-02-23T00:58:23.925+0000][gc,heap       ] GC(3) Eden regions: 50->0(46)
[2020-02-23T00:58:23.925+0000][gc,heap       ] GC(3) Survivor regions: 1->5(7)
[2020-02-23T00:58:23.925+0000][gc,heap       ] GC(3) Old regions: 7->7
[2020-02-23T00:58:23.925+0000][gc,heap       ] GC(3) Humongous regions: 129->129
[2020-02-23T00:58:23.925+0000][gc,metaspace  ] GC(3) Metaspace: 28617K->28617K(1075200K)
[2020-02-23T00:58:23.926+0000][gc            ] GC(3) Pause Young (Normal) (G1 Evacuation Pause) 186M->140M(1024M) 4.450ms
[2020-02-23T00:58:23.926+0000][gc,cpu        ] GC(3) User=0.02s Sys=0.00s Real=0.01s
[2020-02-23T00:58:24.535+0000][gc,start      ] GC(4) Pause Young (Concurrent Start) (Metadata GC Threshold)
[2020-02-23T00:58:24.535+0000][gc,task       ] GC(4) Using 10 workers of 10 for evacuation
[2020-02-23T00:58:24.543+0000][gc,phases     ] GC(4)   Pre Evacuate Collection Set: 0.1ms
[2020-02-23T00:58:24.543+0000][gc,phases     ] GC(4)   Evacuate Collection Set: 7.2ms
[2020-02-23T00:58:24.543+0000][gc,phases     ] GC(4)   Post Evacuate Collection Set: 0.5ms
[2020-02-23T00:58:24.543+0000][gc,phases     ] GC(4)   Other: 0.2ms
[2020-02-23T00:58:24.543+0000][gc,heap       ] GC(4) Eden regions: 32->0(48)
[2020-02-23T00:58:24.543+0000][gc,heap       ] GC(4) Survivor regions: 5->3(7)
[2020-02-23T00:58:24.543+0000][gc,heap       ] GC(4) Old regions: 7->12
[2020-02-23T00:58:24.543+0000][gc,heap       ] GC(4) Humongous regions: 129->129
[2020-02-23T00:58:24.543+0000][gc,metaspace  ] GC(4) Metaspace: 34016K->34016K(1079296K)
[2020-02-23T00:58:24.543+0000][gc            ] GC(4) Pause Young (Concurrent Start) (Metadata GC Threshold) 172M->142M(1024M) 8.194ms
[2020-02-23T00:58:24.543+0000][gc,cpu        ] GC(4) User=0.05s Sys=0.00s Real=0.00s
[2020-02-23T00:58:24.543+0000][gc            ] GC(5) Concurrent Cycle
[2020-02-23T00:58:24.543+0000][gc,marking    ] GC(5) Concurrent Clear Claimed Marks
[2020-02-23T00:58:24.544+0000][gc,marking    ] GC(5) Concurrent Clear Claimed Marks 0.086ms
[2020-02-23T00:58:24.544+0000][gc,marking    ] GC(5) Concurrent Scan Root Regions
[2020-02-23T00:58:24.545+0000][gc,marking    ] GC(5) Concurrent Scan Root Regions 1.094ms
[2020-02-23T00:58:24.545+0000][gc,marking    ] GC(5) Concurrent Mark (3.341s)
[2020-02-23T00:58:24.545+0000][gc,marking    ] GC(5) Concurrent Mark From Roots
[2020-02-23T00:58:24.545+0000][gc,task       ] GC(5) Using 3 workers of 3 for marking
[2020-02-23T00:58:24.556+0000][gc,marking    ] GC(5) Concurrent Mark From Roots 10.919ms
[2020-02-23T00:58:24.556+0000][gc,marking    ] GC(5) Concurrent Preclean
[2020-02-23T00:58:24.556+0000][gc,marking    ] GC(5) Concurrent Preclean 0.244ms
[2020-02-23T00:58:24.556+0000][gc,marking    ] GC(5) Concurrent Mark (3.341s, 3.352s) 11.228ms
[2020-02-23T00:58:24.556+0000][gc,start      ] GC(5) Pause Remark
[2020-02-23T00:58:24.558+0000][gc,stringtable] GC(5) Cleaned string and symbol table, strings: 15334 processed, 8 removed, symbols: 78203 processed, 29 removed
[2020-02-23T00:58:24.559+0000][gc            ] GC(5) Pause Remark 149M->149M(1024M) 2.082ms
[2020-02-23T00:58:24.559+0000][gc,cpu        ] GC(5) User=0.02s Sys=0.00s Real=0.00s
[2020-02-23T00:58:24.559+0000][gc,marking    ] GC(5) Concurrent Rebuild Remembered Sets
[2020-02-23T00:58:24.564+0000][gc,marking    ] GC(5) Concurrent Rebuild Remembered Sets 5.288ms
[2020-02-23T00:58:24.564+0000][gc,start      ] GC(5) Pause Cleanup
[2020-02-23T00:58:24.564+0000][gc            ] GC(5) Pause Cleanup 149M->149M(1024M) 0.245ms
[2020-02-23T00:58:24.564+0000][gc,cpu        ] GC(5) User=0.00s Sys=0.00s Real=0.00s
[2020-02-23T00:58:24.564+0000][gc,marking    ] GC(5) Concurrent Cleanup for Next Mark
[2020-02-23T00:58:24.568+0000][gc,marking    ] GC(5) Concurrent Cleanup for Next Mark 3.626ms
[2020-02-23T00:58:24.568+0000][gc            ] GC(5) Concurrent Cycle 24.617ms
[2020-02-23T01:14:51.783+0000][gc,start      ] GC(6) Pause Young (Normal) (G1 Evacuation Pause)
[2020-02-23T01:14:51.783+0000][gc,task       ] GC(6) Using 10 workers of 10 for evacuation
[2020-02-23T01:14:51.787+0000][gc,phases     ] GC(6)   Pre Evacuate Collection Set: 0.1ms
[2020-02-23T01:14:51.787+0000][gc,phases     ] GC(6)   Evacuate Collection Set: 2.7ms
[2020-02-23T01:14:51.787+0000][gc,phases     ] GC(6)   Post Evacuate Collection Set: 0.9ms
[2020-02-23T01:14:51.787+0000][gc,phases     ] GC(6)   Other: 0.3ms
[2020-02-23T01:14:51.787+0000][gc,heap       ] GC(6) Eden regions: 48->0(48)
[2020-02-23T01:14:51.787+0000][gc,heap       ] GC(6) Survivor regions: 3->3(7)
[2020-02-23T01:14:51.787+0000][gc,heap       ] GC(6) Old regions: 12->12
[2020-02-23T01:14:51.787+0000][gc,heap       ] GC(6) Humongous regions: 255->129
[2020-02-23T01:14:51.787+0000][gc,metaspace  ] GC(6) Metaspace: 36253K->36253K(1081344K)
[2020-02-23T01:14:51.787+0000][gc            ] GC(6) Pause Young (Normal) (G1 Evacuation Pause) 316M->142M(1024M) 4.186ms
[2020-02-23T01:14:51.787+0000][gc,cpu        ] GC(6) User=0.03s Sys=0.00s Real=0.01s
[2020-02-23T01:32:49.431+0000][gc,start      ] GC(7) Pause Young (Normal) (G1 Evacuation Pause)
[2020-02-23T01:32:49.431+0000][gc,task       ] GC(7) Using 10 workers of 10 for evacuation
[2020-02-23T01:32:49.437+0000][gc,phases     ] GC(7)   Pre Evacuate Collection Set: 0.0ms
[2020-02-23T01:32:49.437+0000][gc,phases     ] GC(7)   Evacuate Collection Set: 4.2ms
[2020-02-23T01:32:49.437+0000][gc,phases     ] GC(7)   Post Evacuate Collection Set: 1.1ms
[2020-02-23T01:32:49.437+0000][gc,phases     ] GC(7)   Other: 0.4ms
[2020-02-23T01:32:49.437+0000][gc,heap       ] GC(7) Eden regions: 48->0(47)
[2020-02-23T01:32:49.437+0000][gc,heap       ] GC(7) Survivor regions: 3->4(7)
[2020-02-23T01:32:49.437+0000][gc,heap       ] GC(7) Old regions: 12->12
[2020-02-23T01:32:49.437+0000][gc,heap       ] GC(7) Humongous regions: 129->129
[2020-02-23T01:32:49.437+0000][gc,metaspace  ] GC(7) Metaspace: 37304K->37304K(1083392K)
[2020-02-23T01:32:49.437+0000][gc            ] GC(7) Pause Young (Normal) (G1 Evacuation Pause) 190M->143M(1024M) 5.968ms
[2020-02-23T01:32:49.437+0000][gc,cpu        ] GC(7) User=0.05s Sys=0.00s Real=0.01s
[2020-02-23T01:54:19.431+0000][gc,start      ] GC(8) Pause Young (Normal) (G1 Evacuation Pause)
[2020-02-23T01:54:19.431+0000][gc,task       ] GC(8) Using 10 workers of 10 for evacuation
[2020-02-23T01:54:19.437+0000][gc,phases     ] GC(8)   Pre Evacuate Collection Set: 0.0ms
[2020-02-23T01:54:19.437+0000][gc,phases     ] GC(8)   Evacuate Collection Set: 4.3ms
[2020-02-23T01:54:19.437+0000][gc,phases     ] GC(8)   Post Evacuate Collection Set: 1.1ms
[2020-02-23T01:54:19.437+0000][gc,phases     ] GC(8)   Other: 0.4ms
[2020-02-23T01:54:19.437+0000][gc,heap       ] GC(8) Eden regions: 47->0(47)
[2020-02-23T01:54:19.437+0000][gc,heap       ] GC(8) Survivor regions: 4->4(7)
[2020-02-23T01:54:19.437+0000][gc,heap       ] GC(8) Old regions: 12->12
[2020-02-23T01:54:19.437+0000][gc,heap       ] GC(8) Humongous regions: 129->129
[2020-02-23T01:54:19.437+0000][gc,metaspace  ] GC(8) Metaspace: 37557K->37557K(1083392K)
[2020-02-23T01:54:19.437+0000][gc            ] GC(8) Pause Young (Normal) (G1 Evacuation Pause) 190M->143M(1024M) 6.152ms
[2020-02-23T01:54:19.437+0000][gc,cpu        ] GC(8) User=0.05s Sys=0.00s Real=0.01s
[2020-02-23T02:16:24.061+0000][gc,start      ] GC(9) Pause Young (Normal) (G1 Evacuation Pause)
[2020-02-23T02:16:24.062+0000][gc,task       ] GC(9) Using 10 workers of 10 for evacuation
[2020-02-23T02:16:24.067+0000][gc,phases     ] GC(9)   Pre Evacuate Collection Set: 0.0ms
[2020-02-23T02:16:24.068+0000][gc,phases     ] GC(9)   Evacuate Collection Set: 4.3ms
[2020-02-23T02:16:24.068+0000][gc,phases     ] GC(9)   Post Evacuate Collection Set: 1.3ms
[2020-02-23T02:16:24.068+0000][gc,phases     ] GC(9)   Other: 0.3ms
[2020-02-23T02:16:24.068+0000][gc,heap       ] GC(9) Eden regions: 47->0(47)
[2020-02-23T02:16:24.068+0000][gc,heap       ] GC(9) Survivor regions: 4->4(7)
[2020-02-23T02:16:24.068+0000][gc,heap       ] GC(9) Old regions: 12->12
[2020-02-23T02:16:24.068+0000][gc,heap       ] GC(9) Humongous regions: 129->129
[2020-02-23T02:16:24.068+0000][gc,metaspace  ] GC(9) Metaspace: 37617K->37617K(1083392K)
[2020-02-23T02:16:24.068+0000][gc            ] GC(9) Pause Young (Normal) (G1 Evacuation Pause) 190M->143M(1024M) 6.309ms
[2020-02-23T02:16:24.068+0000][gc,cpu        ] GC(9) User=0.05s Sys=0.00s Real=0.01s
[2020-02-23T02:38:29.431+0000][gc,start      ] GC(10) Pause Young (Normal) (G1 Evacuation Pause)
[2020-02-23T02:38:29.431+0000][gc,task       ] GC(10) Using 10 workers of 10 for evacuation
[2020-02-23T02:38:29.437+0000][gc,phases     ] GC(10)   Pre Evacuate Collection Set: 0.0ms
[2020-02-23T02:38:29.437+0000][gc,phases     ] GC(10)   Evacuate Collection Set: 4.5ms
[2020-02-23T02:38:29.437+0000][gc,phases     ] GC(10)   Post Evacuate Collection Set: 1.2ms
[2020-02-23T02:38:29.437+0000][gc,phases     ] GC(10)   Other: 0.3ms
[2020-02-23T02:38:29.437+0000][gc,heap       ] GC(10) Eden regions: 47->0(53)
[2020-02-23T02:38:29.437+0000][gc,heap       ] GC(10) Survivor regions: 4->4(7)
[2020-02-23T02:38:29.437+0000][gc,heap       ] GC(10) Old regions: 12->12
[2020-02-23T02:38:29.437+0000][gc,heap       ] GC(10) Humongous regions: 129->129
[2020-02-23T02:38:29.437+0000][gc,metaspace  ] GC(10) Metaspace: 37654K->37654K(1083392K)
[2020-02-23T02:38:29.437+0000][gc            ] GC(10) Pause Young (Normal) (G1 Evacuation Pause) 190M->143M(1024M) 6.237ms
[2020-02-23T02:38:29.437+0000][gc,cpu        ] GC(10) User=0.05s Sys=0.00s Real=0.01s
[2020-02-23T02:41:38.606+0000][gc,heap,exit  ] Heap
[2020-02-23T02:41:38.606+0000][gc,heap,exit  ]  garbage-first heap   total 1048576K, used 161639K [0x00000000c0000000, 0x0000000100000000)
[2020-02-23T02:41:38.606+0000][gc,heap,exit  ]   region size 1024K, 20 young (20480K), 4 survivors (4096K)
[2020-02-23T02:41:38.606+0000][gc,heap,exit  ]  Metaspace       used 38270K, capacity 40496K, committed 40748K, reserved 1083392K
[2020-02-23T02:41:38.606+0000][gc,heap,exit  ]   class space    used 5204K, capacity 6239K, committed 6272K, reserved 1048576K
