[2020-02-25T19:38:14.111+0000][gc            ] GC(87) Pause Young (Normal) (G1 Evacuation Pause) 759M->146M(1024M) 3.702ms
[2020-02-25T19:38:14.111+0000][gc,cpu        ] GC(87) User=0.02s Sys=0.01s Real=0.00s
[2020-02-26T02:58:28.670+0000][gc,start      ] GC(88) Pause Young (Normal) (G1 Evacuation Pause)
[2020-02-26T02:58:28.670+0000][gc,task       ] GC(88) Using 10 workers of 10 for evacuation
[2020-02-26T02:58:28.673+0000][gc,phases     ] GC(88)   Pre Evacuate Collection Set: 0.0ms
[2020-02-26T02:58:28.673+0000][gc,phases     ] GC(88)   Evacuate Collection Set: 1.1ms
[2020-02-26T02:58:28.673+0000][gc,phases     ] GC(88)   Post Evacuate Collection Set: 1.1ms
[2020-02-26T02:58:28.673+0000][gc,phases     ] GC(88)   Other: 0.5ms
[2020-02-26T02:58:28.673+0000][gc,heap       ] GC(88) Eden regions: 613->0(613)
[2020-02-26T02:58:28.673+0000][gc,heap       ] GC(88) Survivor regions: 1->1(77)
[2020-02-26T02:58:28.673+0000][gc,heap       ] GC(88) Old regions: 18->18
[2020-02-26T02:58:28.673+0000][gc,heap       ] GC(88) Humongous regions: 129->129
[2020-02-26T02:58:28.673+0000][gc,metaspace  ] GC(88) Metaspace: 42598K->42598K(1087488K)
[2020-02-26T02:58:28.673+0000][gc            ] GC(88) Pause Young (Normal) (G1 Evacuation Pause) 759M->146M(1024M) 2.935ms
[2020-02-26T02:58:28.673+0000][gc,cpu        ] GC(88) User=0.01s Sys=0.00s Real=0.00s
[2020-02-26T10:18:49.045+0000][gc,start      ] GC(89) Pause Young (Normal) (G1 Evacuation Pause)
[2020-02-26T10:18:49.045+0000][gc,task       ] GC(89) Using 10 workers of 10 for evacuation
[2020-02-26T10:18:49.048+0000][gc,phases     ] GC(89)   Pre Evacuate Collection Set: 0.0ms
[2020-02-26T10:18:49.048+0000][gc,phases     ] GC(89)   Evacuate Collection Set: 1.1ms
[2020-02-26T10:18:49.048+0000][gc,phases     ] GC(89)   Post Evacuate Collection Set: 1.3ms
[2020-02-26T10:18:49.048+0000][gc,phases     ] GC(89)   Other: 0.5ms
[2020-02-26T10:18:49.048+0000][gc,heap       ] GC(89) Eden regions: 613->0(613)
[2020-02-26T10:18:49.048+0000][gc,heap       ] GC(89) Survivor regions: 1->1(77)
[2020-02-26T10:18:49.048+0000][gc,heap       ] GC(89) Old regions: 18->18
[2020-02-26T10:18:49.048+0000][gc,heap       ] GC(89) Humongous regions: 129->129
[2020-02-26T10:18:49.048+0000][gc,metaspace  ] GC(89) Metaspace: 42598K->42598K(1087488K)
[2020-02-26T10:18:49.048+0000][gc            ] GC(89) Pause Young (Normal) (G1 Evacuation Pause) 759M->146M(1024M) 3.111ms
[2020-02-26T10:18:49.048+0000][gc,cpu        ] GC(89) User=0.01s Sys=0.00s Real=0.00s
[2020-02-26T17:39:20.690+0000][gc,start      ] GC(90) Pause Young (Normal) (G1 Evacuation Pause)
[2020-02-26T17:39:20.690+0000][gc,task       ] GC(90) Using 10 workers of 10 for evacuation
[2020-02-26T17:39:20.693+0000][gc,phases     ] GC(90)   Pre Evacuate Collection Set: 0.0ms
[2020-02-26T17:39:20.693+0000][gc,phases     ] GC(90)   Evacuate Collection Set: 1.1ms
[2020-02-26T17:39:20.693+0000][gc,phases     ] GC(90)   Post Evacuate Collection Set: 1.1ms
[2020-02-26T17:39:20.693+0000][gc,phases     ] GC(90)   Other: 0.5ms
[2020-02-26T17:39:20.693+0000][gc,heap       ] GC(90) Eden regions: 613->0(613)
[2020-02-26T17:39:20.693+0000][gc,heap       ] GC(90) Survivor regions: 1->1(77)
[2020-02-26T17:39:20.693+0000][gc,heap       ] GC(90) Old regions: 18->18
[2020-02-26T17:39:20.693+0000][gc,heap       ] GC(90) Humongous regions: 129->129
[2020-02-26T17:39:20.693+0000][gc,metaspace  ] GC(90) Metaspace: 42599K->42599K(1087488K)
[2020-02-26T17:39:20.693+0000][gc            ] GC(90) Pause Young (Normal) (G1 Evacuation Pause) 759M->146M(1024M) 2.981ms
[2020-02-26T17:39:20.693+0000][gc,cpu        ] GC(90) User=0.01s Sys=0.00s Real=0.00s
[2020-02-27T01:00:36.394+0000][gc,start      ] GC(91) Pause Young (Normal) (G1 Evacuation Pause)
[2020-02-27T01:00:36.394+0000][gc,task       ] GC(91) Using 10 workers of 10 for evacuation
[2020-02-27T01:00:36.397+0000][gc,phases     ] GC(91)   Pre Evacuate Collection Set: 0.0ms
[2020-02-27T01:00:36.397+0000][gc,phases     ] GC(91)   Evacuate Collection Set: 1.1ms
[2020-02-27T01:00:36.397+0000][gc,phases     ] GC(91)   Post Evacuate Collection Set: 1.3ms
[2020-02-27T01:00:36.397+0000][gc,phases     ] GC(91)   Other: 0.5ms
[2020-02-27T01:00:36.397+0000][gc,heap       ] GC(91) Eden regions: 613->0(613)
[2020-02-27T01:00:36.397+0000][gc,heap       ] GC(91) Survivor regions: 1->1(77)
[2020-02-27T01:00:36.398+0000][gc,heap       ] GC(91) Old regions: 18->18
[2020-02-27T01:00:36.398+0000][gc,heap       ] GC(91) Humongous regions: 129->129
[2020-02-27T01:00:36.398+0000][gc,metaspace  ] GC(91) Metaspace: 42599K->42599K(1087488K)
[2020-02-27T01:00:36.398+0000][gc            ] GC(91) Pause Young (Normal) (G1 Evacuation Pause) 759M->146M(1024M) 3.221ms
[2020-02-27T01:00:36.398+0000][gc,cpu        ] GC(91) User=0.02s Sys=0.00s Real=0.00s
[2020-02-27T08:21:16.237+0000][gc,start      ] GC(92) Pause Young (Normal) (G1 Evacuation Pause)
[2020-02-27T08:21:16.237+0000][gc,task       ] GC(92) Using 10 workers of 10 for evacuation
[2020-02-27T08:21:16.240+0000][gc,phases     ] GC(92)   Pre Evacuate Collection Set: 0.0ms
[2020-02-27T08:21:16.240+0000][gc,phases     ] GC(92)   Evacuate Collection Set: 1.0ms
[2020-02-27T08:21:16.240+0000][gc,phases     ] GC(92)   Post Evacuate Collection Set: 1.1ms
[2020-02-27T08:21:16.240+0000][gc,phases     ] GC(92)   Other: 0.5ms
[2020-02-27T08:21:16.240+0000][gc,heap       ] GC(92) Eden regions: 613->0(613)
[2020-02-27T08:21:16.240+0000][gc,heap       ] GC(92) Survivor regions: 1->1(77)
[2020-02-27T08:21:16.240+0000][gc,heap       ] GC(92) Old regions: 18->18
[2020-02-27T08:21:16.240+0000][gc,heap       ] GC(92) Humongous regions: 129->129
[2020-02-27T08:21:16.240+0000][gc,metaspace  ] GC(92) Metaspace: 42602K->42602K(1087488K)
[2020-02-27T08:21:16.240+0000][gc            ] GC(92) Pause Young (Normal) (G1 Evacuation Pause) 759M->146M(1024M) 2.920ms
[2020-02-27T08:21:16.240+0000][gc,cpu        ] GC(92) User=0.01s Sys=0.00s Real=0.00s
[2020-02-27T15:41:52.683+0000][gc,start      ] GC(93) Pause Young (Normal) (G1 Evacuation Pause)
[2020-02-27T15:41:52.683+0000][gc,task       ] GC(93) Using 10 workers of 10 for evacuation
[2020-02-27T15:41:52.686+0000][gc,phases     ] GC(93)   Pre Evacuate Collection Set: 0.0ms
[2020-02-27T15:41:52.686+0000][gc,phases     ] GC(93)   Evacuate Collection Set: 1.1ms
[2020-02-27T15:41:52.686+0000][gc,phases     ] GC(93)   Post Evacuate Collection Set: 1.1ms
[2020-02-27T15:41:52.686+0000][gc,phases     ] GC(93)   Other: 0.5ms
[2020-02-27T15:41:52.686+0000][gc,heap       ] GC(93) Eden regions: 613->0(613)
[2020-02-27T15:41:52.686+0000][gc,heap       ] GC(93) Survivor regions: 1->1(77)
[2020-02-27T15:41:52.686+0000][gc,heap       ] GC(93) Old regions: 18->18
[2020-02-27T15:41:52.686+0000][gc,heap       ] GC(93) Humongous regions: 129->129
[2020-02-27T15:41:52.686+0000][gc,metaspace  ] GC(93) Metaspace: 42602K->42602K(1087488K)
[2020-02-27T15:41:52.686+0000][gc            ] GC(93) Pause Young (Normal) (G1 Evacuation Pause) 759M->146M(1024M) 2.928ms
[2020-02-27T15:41:52.686+0000][gc,cpu        ] GC(93) User=0.02s Sys=0.00s Real=0.01s
[2020-02-27T23:03:26.394+0000][gc,start      ] GC(94) Pause Young (Normal) (G1 Evacuation Pause)
[2020-02-27T23:03:26.394+0000][gc,task       ] GC(94) Using 10 workers of 10 for evacuation
[2020-02-27T23:03:26.397+0000][gc,phases     ] GC(94)   Pre Evacuate Collection Set: 0.0ms
[2020-02-27T23:03:26.397+0000][gc,phases     ] GC(94)   Evacuate Collection Set: 1.1ms
[2020-02-27T23:03:26.397+0000][gc,phases     ] GC(94)   Post Evacuate Collection Set: 1.1ms
[2020-02-27T23:03:26.397+0000][gc,phases     ] GC(94)   Other: 0.5ms
[2020-02-27T23:03:26.397+0000][gc,heap       ] GC(94) Eden regions: 613->0(613)
[2020-02-27T23:03:26.397+0000][gc,heap       ] GC(94) Survivor regions: 1->1(77)
[2020-02-27T23:03:26.397+0000][gc,heap       ] GC(94) Old regions: 18->18
[2020-02-27T23:03:26.397+0000][gc,heap       ] GC(94) Humongous regions: 129->129
[2020-02-27T23:03:26.397+0000][gc,metaspace  ] GC(94) Metaspace: 42602K->42602K(1087488K)
[2020-02-27T23:03:26.397+0000][gc            ] GC(94) Pause Young (Normal) (G1 Evacuation Pause) 759M->146M(1024M) 2.966ms
[2020-02-27T23:03:26.397+0000][gc,cpu        ] GC(94) User=0.01s Sys=0.00s Real=0.00s
[2020-02-28T06:34:02.271+0000][gc,start      ] GC(95) Pause Young (Normal) (G1 Evacuation Pause)
[2020-02-28T06:34:02.271+0000][gc,task       ] GC(95) Using 10 workers of 10 for evacuation
[2020-02-28T06:34:02.274+0000][gc,phases     ] GC(95)   Pre Evacuate Collection Set: 0.0ms
[2020-02-28T06:34:02.274+0000][gc,phases     ] GC(95)   Evacuate Collection Set: 1.2ms
[2020-02-28T06:34:02.274+0000][gc,phases     ] GC(95)   Post Evacuate Collection Set: 1.1ms
[2020-02-28T06:34:02.274+0000][gc,phases     ] GC(95)   Other: 0.5ms
[2020-02-28T06:34:02.274+0000][gc,heap       ] GC(95) Eden regions: 613->0(613)
[2020-02-28T06:34:02.274+0000][gc,heap       ] GC(95) Survivor regions: 1->1(77)
[2020-02-28T06:34:02.274+0000][gc,heap       ] GC(95) Old regions: 18->18
[2020-02-28T06:34:02.274+0000][gc,heap       ] GC(95) Humongous regions: 129->129
[2020-02-28T06:34:02.274+0000][gc,metaspace  ] GC(95) Metaspace: 42617K->42617K(1087488K)
[2020-02-28T06:34:02.274+0000][gc            ] GC(95) Pause Young (Normal) (G1 Evacuation Pause) 759M->146M(1024M) 2.996ms
[2020-02-28T06:34:02.274+0000][gc,cpu        ] GC(95) User=0.01s Sys=0.00s Real=0.01s
