[2020-02-28T05:46:34.093+0000][gc,heap] Heap region size: 1M
[2020-02-28T05:46:34.103+0000][gc     ] Using G1
[2020-02-28T05:46:34.103+0000][gc,heap,coops] Heap address: 0x00000000e0000000, size: 512 MB, Compressed Oops mode: 32-bit
[2020-02-28T05:46:35.647+0000][gc,start     ] GC(0) Pause Young (Normal) (G1 Evacuation Pause)
[2020-02-28T05:46:35.650+0000][gc,task      ] GC(0) Using 10 workers of 10 for evacuation
[2020-02-28T05:46:35.658+0000][gc,phases    ] GC(0)   Pre Evacuate Collection Set: 0.0ms
[2020-02-28T05:46:35.658+0000][gc,phases    ] GC(0)   Evacuate Collection Set: 7.1ms
[2020-02-28T05:46:35.658+0000][gc,phases    ] GC(0)   Post Evacuate Collection Set: 1.0ms
[2020-02-28T05:46:35.658+0000][gc,phases    ] GC(0)   Other: 2.7ms
[2020-02-28T05:46:35.658+0000][gc,heap      ] GC(0) Eden regions: 25->0(21)
[2020-02-28T05:46:35.658+0000][gc,heap      ] GC(0) Survivor regions: 0->4(4)
[2020-02-28T05:46:35.658+0000][gc,heap      ] GC(0) Old regions: 0->2
[2020-02-28T05:46:35.658+0000][gc,heap      ] GC(0) Humongous regions: 0->0
[2020-02-28T05:46:35.658+0000][gc,metaspace ] GC(0) Metaspace: 7518K->7518K(1056768K)
[2020-02-28T05:46:35.659+0000][gc           ] GC(0) Pause Young (Normal) (G1 Evacuation Pause) 25M->5M(512M) 11.130ms
[2020-02-28T05:46:35.659+0000][gc,cpu       ] GC(0) User=0.07s Sys=0.01s Real=0.01s
[2020-02-28T06:35:37.792+0000][gc,start     ] GC(1) Pause Young (Normal) (G1 Evacuation Pause)
[2020-02-28T06:35:37.792+0000][gc,task      ] GC(1) Using 10 workers of 10 for evacuation
[2020-02-28T06:35:37.798+0000][gc,phases    ] GC(1)   Pre Evacuate Collection Set: 0.0ms
[2020-02-28T06:35:37.798+0000][gc,phases    ] GC(1)   Evacuate Collection Set: 5.3ms
[2020-02-28T06:35:37.798+0000][gc,phases    ] GC(1)   Post Evacuate Collection Set: 0.7ms
[2020-02-28T06:35:37.798+0000][gc,phases    ] GC(1)   Other: 0.3ms
[2020-02-28T06:35:37.798+0000][gc,heap      ] GC(1) Eden regions: 21->0(24)
[2020-02-28T06:35:37.798+0000][gc,heap      ] GC(1) Survivor regions: 4->1(4)
[2020-02-28T06:35:37.798+0000][gc,heap      ] GC(1) Old regions: 2->6
[2020-02-28T06:35:37.798+0000][gc,heap      ] GC(1) Humongous regions: 0->0
[2020-02-28T06:35:37.798+0000][gc,metaspace ] GC(1) Metaspace: 8230K->8230K(1056768K)
[2020-02-28T06:35:37.798+0000][gc           ] GC(1) Pause Young (Normal) (G1 Evacuation Pause) 26M->6M(512M) 6.593ms
[2020-02-28T06:35:37.798+0000][gc,cpu       ] GC(1) User=0.05s Sys=0.00s Real=0.01s
[2020-02-28T07:54:20.758+0000][gc,start     ] GC(2) Pause Young (Normal) (G1 Evacuation Pause)
[2020-02-28T07:54:20.758+0000][gc,task      ] GC(2) Using 10 workers of 10 for evacuation
[2020-02-28T07:54:20.760+0000][gc,phases    ] GC(2)   Pre Evacuate Collection Set: 0.0ms
[2020-02-28T07:54:20.760+0000][gc,phases    ] GC(2)   Evacuate Collection Set: 0.7ms
[2020-02-28T07:54:20.760+0000][gc,phases    ] GC(2)   Post Evacuate Collection Set: 0.8ms
[2020-02-28T07:54:20.760+0000][gc,phases    ] GC(2)   Other: 0.3ms
[2020-02-28T07:54:20.760+0000][gc,heap      ] GC(2) Eden regions: 24->0(24)
[2020-02-28T07:54:20.760+0000][gc,heap      ] GC(2) Survivor regions: 1->1(4)
[2020-02-28T07:54:20.760+0000][gc,heap      ] GC(2) Old regions: 6->6
[2020-02-28T07:54:20.760+0000][gc,heap      ] GC(2) Humongous regions: 0->0
[2020-02-28T07:54:20.760+0000][gc,metaspace ] GC(2) Metaspace: 8235K->8235K(1056768K)
[2020-02-28T07:54:20.760+0000][gc           ] GC(2) Pause Young (Normal) (G1 Evacuation Pause) 30M->6M(512M) 2.079ms
[2020-02-28T07:54:20.760+0000][gc,cpu       ] GC(2) User=0.01s Sys=0.00s Real=0.00s
[2020-02-28T08:34:05.887+0000][gc,heap,exit ] Heap
[2020-02-28T08:34:05.887+0000][gc,heap,exit ]  garbage-first heap   total 524288K, used 18620K [0x00000000e0000000, 0x0000000100000000)
[2020-02-28T08:34:05.887+0000][gc,heap,exit ]   region size 1024K, 14 young (14336K), 1 survivors (1024K)
[2020-02-28T08:34:05.887+0000][gc,heap,exit ]  Metaspace       used 8255K, capacity 8555K, committed 8704K, reserved 1056768K
[2020-02-28T08:34:05.887+0000][gc,heap,exit ]   class space    used 885K, capacity 1002K, committed 1024K, reserved 1048576K
