[2020-02-09T12:25:39.592+0000][gc,heap] Heap region size: 1M
[2020-02-09T12:25:39.601+0000][gc     ] Using G1
[2020-02-09T12:25:39.601+0000][gc,heap,coops] Heap address: 0x00000000e0000000, size: 512 MB, Compressed Oops mode: 32-bit
[2020-02-09T12:26:01.261+0000][gc,start     ] GC(0) Pause Young (Normal) (G1 Evacuation Pause)
[2020-02-09T12:26:01.262+0000][gc,task      ] GC(0) Using 10 workers of 10 for evacuation
[2020-02-09T12:26:01.267+0000][gc,phases    ] GC(0)   Pre Evacuate Collection Set: 0.0ms
[2020-02-09T12:26:01.267+0000][gc,phases    ] GC(0)   Evacuate Collection Set: 3.6ms
[2020-02-09T12:26:01.267+0000][gc,phases    ] GC(0)   Post Evacuate Collection Set: 0.7ms
[2020-02-09T12:26:01.267+0000][gc,phases    ] GC(0)   Other: 1.5ms
[2020-02-09T12:26:01.267+0000][gc,heap      ] GC(0) Eden regions: 25->0(21)
[2020-02-09T12:26:01.267+0000][gc,heap      ] GC(0) Survivor regions: 0->4(4)
[2020-02-09T12:26:01.267+0000][gc,heap      ] GC(0) Old regions: 0->2
[2020-02-09T12:26:01.267+0000][gc,heap      ] GC(0) Humongous regions: 0->0
[2020-02-09T12:26:01.267+0000][gc,metaspace ] GC(0) Metaspace: 7561K->7561K(1056768K)
[2020-02-09T12:26:01.267+0000][gc           ] GC(0) Pause Young (Normal) (G1 Evacuation Pause) 25M->5M(512M) 6.066ms
[2020-02-09T12:26:01.267+0000][gc,cpu       ] GC(0) User=0.04s Sys=0.00s Real=0.01s
[2020-02-09T14:48:40.230+0000][gc,start     ] GC(1) Pause Young (Normal) (G1 Evacuation Pause)
[2020-02-09T14:48:40.230+0000][gc,task      ] GC(1) Using 10 workers of 10 for evacuation
[2020-02-09T14:48:40.237+0000][gc,phases    ] GC(1)   Pre Evacuate Collection Set: 0.0ms
[2020-02-09T14:48:40.237+0000][gc,phases    ] GC(1)   Evacuate Collection Set: 5.4ms
[2020-02-09T14:48:40.237+0000][gc,phases    ] GC(1)   Post Evacuate Collection Set: 0.8ms
[2020-02-09T14:48:40.237+0000][gc,phases    ] GC(1)   Other: 0.3ms
[2020-02-09T14:48:40.237+0000][gc,heap      ] GC(1) Eden regions: 21->0(24)
[2020-02-09T14:48:40.237+0000][gc,heap      ] GC(1) Survivor regions: 4->1(4)
[2020-02-09T14:48:40.237+0000][gc,heap      ] GC(1) Old regions: 2->6
[2020-02-09T14:48:40.237+0000][gc,heap      ] GC(1) Humongous regions: 0->0
[2020-02-09T14:48:40.237+0000][gc,metaspace ] GC(1) Metaspace: 8212K->8212K(1056768K)
[2020-02-09T14:48:40.237+0000][gc           ] GC(1) Pause Young (Normal) (G1 Evacuation Pause) 26M->6M(512M) 6.752ms
[2020-02-09T14:48:40.237+0000][gc,cpu       ] GC(1) User=0.05s Sys=0.00s Real=0.01s
[2020-02-09T18:34:36.697+0000][gc,start     ] GC(2) Pause Young (Normal) (G1 Evacuation Pause)
[2020-02-09T18:34:36.697+0000][gc,task      ] GC(2) Using 10 workers of 10 for evacuation
[2020-02-09T18:34:36.699+0000][gc,phases    ] GC(2)   Pre Evacuate Collection Set: 0.0ms
[2020-02-09T18:34:36.699+0000][gc,phases    ] GC(2)   Evacuate Collection Set: 1.2ms
[2020-02-09T18:34:36.699+0000][gc,phases    ] GC(2)   Post Evacuate Collection Set: 0.5ms
[2020-02-09T18:34:36.699+0000][gc,phases    ] GC(2)   Other: 0.3ms
[2020-02-09T18:34:36.699+0000][gc,heap      ] GC(2) Eden regions: 24->0(24)
[2020-02-09T18:34:36.699+0000][gc,heap      ] GC(2) Survivor regions: 1->1(4)
[2020-02-09T18:34:36.699+0000][gc,heap      ] GC(2) Old regions: 6->6
[2020-02-09T18:34:36.699+0000][gc,heap      ] GC(2) Humongous regions: 0->0
[2020-02-09T18:34:36.699+0000][gc,metaspace ] GC(2) Metaspace: 8214K->8214K(1056768K)
[2020-02-09T18:34:36.699+0000][gc           ] GC(2) Pause Young (Normal) (G1 Evacuation Pause) 30M->6M(512M) 2.240ms
[2020-02-09T18:34:36.699+0000][gc,cpu       ] GC(2) User=0.02s Sys=0.00s Real=0.00s
[2020-02-09T22:25:09.273+0000][gc,start     ] GC(3) Pause Young (Normal) (G1 Evacuation Pause)
[2020-02-09T22:25:09.273+0000][gc,task      ] GC(3) Using 10 workers of 10 for evacuation
[2020-02-09T22:25:09.275+0000][gc,phases    ] GC(3)   Pre Evacuate Collection Set: 0.0ms
[2020-02-09T22:25:09.275+0000][gc,phases    ] GC(3)   Evacuate Collection Set: 1.2ms
[2020-02-09T22:25:09.275+0000][gc,phases    ] GC(3)   Post Evacuate Collection Set: 0.6ms
[2020-02-09T22:25:09.275+0000][gc,phases    ] GC(3)   Other: 0.3ms
[2020-02-09T22:25:09.275+0000][gc,heap      ] GC(3) Eden regions: 24->0(24)
[2020-02-09T22:25:09.275+0000][gc,heap      ] GC(3) Survivor regions: 1->1(4)
[2020-02-09T22:25:09.275+0000][gc,heap      ] GC(3) Old regions: 6->6
[2020-02-09T22:25:09.275+0000][gc,heap      ] GC(3) Humongous regions: 0->0
[2020-02-09T22:25:09.275+0000][gc,metaspace ] GC(3) Metaspace: 8229K->8229K(1056768K)
[2020-02-09T22:25:09.275+0000][gc           ] GC(3) Pause Young (Normal) (G1 Evacuation Pause) 30M->6M(512M) 2.329ms
[2020-02-09T22:25:09.275+0000][gc,cpu       ] GC(3) User=0.01s Sys=0.00s Real=0.01s
[2020-02-10T02:16:01.808+0000][gc,start     ] GC(4) Pause Young (Normal) (G1 Evacuation Pause)
[2020-02-10T02:16:01.808+0000][gc,task      ] GC(4) Using 10 workers of 10 for evacuation
[2020-02-10T02:16:01.810+0000][gc,phases    ] GC(4)   Pre Evacuate Collection Set: 0.0ms
[2020-02-10T02:16:01.810+0000][gc,phases    ] GC(4)   Evacuate Collection Set: 0.8ms
[2020-02-10T02:16:01.810+0000][gc,phases    ] GC(4)   Post Evacuate Collection Set: 0.5ms
[2020-02-10T02:16:01.810+0000][gc,phases    ] GC(4)   Other: 0.3ms
[2020-02-10T02:16:01.810+0000][gc,heap      ] GC(4) Eden regions: 24->0(27)
[2020-02-10T02:16:01.810+0000][gc,heap      ] GC(4) Survivor regions: 1->1(4)
[2020-02-10T02:16:01.810+0000][gc,heap      ] GC(4) Old regions: 6->6
[2020-02-10T02:16:01.810+0000][gc,heap      ] GC(4) Humongous regions: 0->0
[2020-02-10T02:16:01.810+0000][gc,metaspace ] GC(4) Metaspace: 8229K->8229K(1056768K)
[2020-02-10T02:16:01.810+0000][gc           ] GC(4) Pause Young (Normal) (G1 Evacuation Pause) 30M->6M(512M) 1.882ms
[2020-02-10T02:16:01.810+0000][gc,cpu       ] GC(4) User=0.01s Sys=0.00s Real=0.00s
[2020-02-10T06:41:54.479+0000][gc,start     ] GC(5) Pause Young (Normal) (G1 Evacuation Pause)
[2020-02-10T06:41:54.479+0000][gc,task      ] GC(5) Using 10 workers of 10 for evacuation
[2020-02-10T06:41:54.480+0000][gc,phases    ] GC(5)   Pre Evacuate Collection Set: 0.0ms
[2020-02-10T06:41:54.480+0000][gc,phases    ] GC(5)   Evacuate Collection Set: 0.7ms
[2020-02-10T06:41:54.480+0000][gc,phases    ] GC(5)   Post Evacuate Collection Set: 0.5ms
[2020-02-10T06:41:54.480+0000][gc,phases    ] GC(5)   Other: 0.3ms
[2020-02-10T06:41:54.480+0000][gc,heap      ] GC(5) Eden regions: 27->0(30)
[2020-02-10T06:41:54.480+0000][gc,heap      ] GC(5) Survivor regions: 1->1(4)
[2020-02-10T06:41:54.480+0000][gc,heap      ] GC(5) Old regions: 6->6
[2020-02-10T06:41:54.480+0000][gc,heap      ] GC(5) Humongous regions: 0->0
[2020-02-10T06:41:54.480+0000][gc,metaspace ] GC(5) Metaspace: 8231K->8231K(1056768K)
[2020-02-10T06:41:54.480+0000][gc           ] GC(5) Pause Young (Normal) (G1 Evacuation Pause) 33M->6M(512M) 1.707ms
[2020-02-10T06:41:54.480+0000][gc,cpu       ] GC(5) User=0.00s Sys=0.00s Real=0.00s
[2020-02-10T11:31:46.558+0000][gc,start     ] GC(6) Pause Young (Normal) (G1 Evacuation Pause)
[2020-02-10T11:31:46.558+0000][gc,task      ] GC(6) Using 10 workers of 10 for evacuation
[2020-02-10T11:31:46.559+0000][gc,phases    ] GC(6)   Pre Evacuate Collection Set: 0.0ms
[2020-02-10T11:31:46.559+0000][gc,phases    ] GC(6)   Evacuate Collection Set: 0.8ms
[2020-02-10T11:31:46.559+0000][gc,phases    ] GC(6)   Post Evacuate Collection Set: 0.5ms
[2020-02-10T11:31:46.559+0000][gc,phases    ] GC(6)   Other: 0.3ms
[2020-02-10T11:31:46.559+0000][gc,heap      ] GC(6) Eden regions: 30->0(35)
[2020-02-10T11:31:46.559+0000][gc,heap      ] GC(6) Survivor regions: 1->1(4)
[2020-02-10T11:31:46.559+0000][gc,heap      ] GC(6) Old regions: 6->6
[2020-02-10T11:31:46.559+0000][gc,heap      ] GC(6) Humongous regions: 0->0
[2020-02-10T11:31:46.559+0000][gc,metaspace ] GC(6) Metaspace: 8231K->8231K(1056768K)
[2020-02-10T11:31:46.559+0000][gc           ] GC(6) Pause Young (Normal) (G1 Evacuation Pause) 36M->6M(512M) 1.837ms
[2020-02-10T11:31:46.560+0000][gc,cpu       ] GC(6) User=0.00s Sys=0.01s Real=0.00s
[2020-02-10T17:16:20.178+0000][gc,start     ] GC(7) Pause Young (Normal) (G1 Evacuation Pause)
[2020-02-10T17:16:20.178+0000][gc,task      ] GC(7) Using 10 workers of 10 for evacuation
[2020-02-10T17:16:20.179+0000][gc,phases    ] GC(7)   Pre Evacuate Collection Set: 0.0ms
[2020-02-10T17:16:20.179+0000][gc,phases    ] GC(7)   Evacuate Collection Set: 0.7ms
[2020-02-10T17:16:20.179+0000][gc,phases    ] GC(7)   Post Evacuate Collection Set: 0.4ms
[2020-02-10T17:16:20.179+0000][gc,phases    ] GC(7)   Other: 0.3ms
[2020-02-10T17:16:20.179+0000][gc,heap      ] GC(7) Eden regions: 35->0(42)
[2020-02-10T17:16:20.179+0000][gc,heap      ] GC(7) Survivor regions: 1->1(5)
[2020-02-10T17:16:20.179+0000][gc,heap      ] GC(7) Old regions: 6->6
[2020-02-10T17:16:20.179+0000][gc,heap      ] GC(7) Humongous regions: 0->0
[2020-02-10T17:16:20.179+0000][gc,metaspace ] GC(7) Metaspace: 8236K->8236K(1056768K)
[2020-02-10T17:16:20.179+0000][gc           ] GC(7) Pause Young (Normal) (G1 Evacuation Pause) 41M->6M(512M) 1.699ms
[2020-02-10T17:16:20.179+0000][gc,cpu       ] GC(7) User=0.01s Sys=0.00s Real=0.00s
[2020-02-11T00:10:38.229+0000][gc,start     ] GC(8) Pause Young (Normal) (G1 Evacuation Pause)
[2020-02-11T00:10:38.229+0000][gc,task      ] GC(8) Using 10 workers of 10 for evacuation
[2020-02-11T00:10:38.231+0000][gc,phases    ] GC(8)   Pre Evacuate Collection Set: 0.0ms
[2020-02-11T00:10:38.231+0000][gc,phases    ] GC(8)   Evacuate Collection Set: 0.7ms
[2020-02-11T00:10:38.231+0000][gc,phases    ] GC(8)   Post Evacuate Collection Set: 0.6ms
[2020-02-11T00:10:38.231+0000][gc,phases    ] GC(8)   Other: 0.3ms
[2020-02-11T00:10:38.231+0000][gc,heap      ] GC(8) Eden regions: 42->0(51)
[2020-02-11T00:10:38.231+0000][gc,heap      ] GC(8) Survivor regions: 1->1(6)
[2020-02-11T00:10:38.231+0000][gc,heap      ] GC(8) Old regions: 6->6
[2020-02-11T00:10:38.231+0000][gc,heap      ] GC(8) Humongous regions: 0->0
[2020-02-11T00:10:38.231+0000][gc,metaspace ] GC(8) Metaspace: 8242K->8242K(1056768K)
[2020-02-11T00:10:38.231+0000][gc           ] GC(8) Pause Young (Normal) (G1 Evacuation Pause) 48M->6M(512M) 1.817ms
[2020-02-11T00:10:38.231+0000][gc,cpu       ] GC(8) User=0.00s Sys=0.00s Real=0.00s
[2020-02-11T08:12:37.730+0000][gc,start     ] GC(9) Pause Young (Normal) (G1 Evacuation Pause)
[2020-02-11T08:12:37.730+0000][gc,task      ] GC(9) Using 10 workers of 10 for evacuation
[2020-02-11T08:12:37.732+0000][gc,phases    ] GC(9)   Pre Evacuate Collection Set: 0.0ms
[2020-02-11T08:12:37.733+0000][gc,phases    ] GC(9)   Evacuate Collection Set: 1.4ms
[2020-02-11T08:12:37.733+0000][gc,phases    ] GC(9)   Post Evacuate Collection Set: 0.6ms
[2020-02-11T08:12:37.733+0000][gc,phases    ] GC(9)   Other: 0.3ms
[2020-02-11T08:12:37.733+0000][gc,heap      ] GC(9) Eden regions: 51->0(63)
[2020-02-11T08:12:37.733+0000][gc,heap      ] GC(9) Survivor regions: 1->1(7)
[2020-02-11T08:12:37.733+0000][gc,heap      ] GC(9) Old regions: 6->6
[2020-02-11T08:12:37.733+0000][gc,heap      ] GC(9) Humongous regions: 0->0
[2020-02-11T08:12:37.733+0000][gc,metaspace ] GC(9) Metaspace: 8262K->8262K(1056768K)
[2020-02-11T08:12:37.733+0000][gc           ] GC(9) Pause Young (Normal) (G1 Evacuation Pause) 57M->6M(512M) 2.614ms
[2020-02-11T08:12:37.733+0000][gc,cpu       ] GC(9) User=0.02s Sys=0.00s Real=0.00s
[2020-02-11T11:41:02.572+0000][gc,start     ] GC(10) Pause Young (Normal) (G1 Evacuation Pause)
[2020-02-11T11:41:02.572+0000][gc,task      ] GC(10) Using 10 workers of 10 for evacuation
[2020-02-11T11:41:02.573+0000][gc,phases    ] GC(10)   Pre Evacuate Collection Set: 0.0ms
[2020-02-11T11:41:02.573+0000][gc,phases    ] GC(10)   Evacuate Collection Set: 0.8ms
[2020-02-11T11:41:02.573+0000][gc,phases    ] GC(10)   Post Evacuate Collection Set: 0.5ms
[2020-02-11T11:41:02.573+0000][gc,phases    ] GC(10)   Other: 0.3ms
[2020-02-11T11:41:02.573+0000][gc,heap      ] GC(10) Eden regions: 63->0(74)
[2020-02-11T11:41:02.574+0000][gc,heap      ] GC(10) Survivor regions: 1->1(8)
[2020-02-11T11:41:02.574+0000][gc,heap      ] GC(10) Old regions: 6->6
[2020-02-11T11:41:02.574+0000][gc,heap      ] GC(10) Humongous regions: 0->0
[2020-02-11T11:41:02.574+0000][gc,metaspace ] GC(10) Metaspace: 8263K->8263K(1056768K)
[2020-02-11T11:41:02.574+0000][gc           ] GC(10) Pause Young (Normal) (G1 Evacuation Pause) 69M->6M(512M) 1.850ms
[2020-02-11T11:41:02.574+0000][gc,cpu       ] GC(10) User=0.01s Sys=0.01s Real=0.00s
[2020-02-11T15:51:18.285+0000][gc,start     ] GC(11) Pause Young (Normal) (G1 Evacuation Pause)
[2020-02-11T15:51:18.285+0000][gc,task      ] GC(11) Using 10 workers of 10 for evacuation
[2020-02-11T15:51:18.287+0000][gc,phases    ] GC(11)   Pre Evacuate Collection Set: 0.0ms
[2020-02-11T15:51:18.287+0000][gc,phases    ] GC(11)   Evacuate Collection Set: 0.9ms
[2020-02-11T15:51:18.287+0000][gc,phases    ] GC(11)   Post Evacuate Collection Set: 0.5ms
[2020-02-11T15:51:18.287+0000][gc,phases    ] GC(11)   Other: 0.3ms
[2020-02-11T15:51:18.287+0000][gc,heap      ] GC(11) Eden regions: 74->0(86)
[2020-02-11T15:51:18.287+0000][gc,heap      ] GC(11) Survivor regions: 1->1(10)
[2020-02-11T15:51:18.287+0000][gc,heap      ] GC(11) Old regions: 6->6
[2020-02-11T15:51:18.287+0000][gc,heap      ] GC(11) Humongous regions: 0->0
[2020-02-11T15:51:18.287+0000][gc,metaspace ] GC(11) Metaspace: 8263K->8263K(1056768K)
[2020-02-11T15:51:18.287+0000][gc           ] GC(11) Pause Young (Normal) (G1 Evacuation Pause) 80M->6M(512M) 1.920ms
[2020-02-11T15:51:18.287+0000][gc,cpu       ] GC(11) User=0.01s Sys=0.01s Real=0.00s
[2020-02-11T20:42:58.386+0000][gc,start     ] GC(12) Pause Young (Normal) (G1 Evacuation Pause)
[2020-02-11T20:42:58.387+0000][gc,task      ] GC(12) Using 10 workers of 10 for evacuation
[2020-02-11T20:42:58.388+0000][gc,phases    ] GC(12)   Pre Evacuate Collection Set: 0.0ms
[2020-02-11T20:42:58.388+0000][gc,phases    ] GC(12)   Evacuate Collection Set: 0.8ms
[2020-02-11T20:42:58.388+0000][gc,phases    ] GC(12)   Post Evacuate Collection Set: 0.6ms
[2020-02-11T20:42:58.388+0000][gc,phases    ] GC(12)   Other: 0.3ms
[2020-02-11T20:42:58.388+0000][gc,heap      ] GC(12) Eden regions: 86->0(100)
[2020-02-11T20:42:58.388+0000][gc,heap      ] GC(12) Survivor regions: 1->1(11)
[2020-02-11T20:42:58.388+0000][gc,heap      ] GC(12) Old regions: 6->6
[2020-02-11T20:42:58.388+0000][gc,heap      ] GC(12) Humongous regions: 0->0
[2020-02-11T20:42:58.388+0000][gc,metaspace ] GC(12) Metaspace: 8263K->8263K(1056768K)
[2020-02-11T20:42:58.388+0000][gc           ] GC(12) Pause Young (Normal) (G1 Evacuation Pause) 92M->6M(512M) 2.004ms
[2020-02-11T20:42:58.388+0000][gc,cpu       ] GC(12) User=0.01s Sys=0.00s Real=0.00s
[2020-02-12T02:22:35.128+0000][gc,start     ] GC(13) Pause Young (Normal) (G1 Evacuation Pause)
[2020-02-12T02:22:35.128+0000][gc,task      ] GC(13) Using 10 workers of 10 for evacuation
[2020-02-12T02:22:35.130+0000][gc,phases    ] GC(13)   Pre Evacuate Collection Set: 0.0ms
[2020-02-12T02:22:35.130+0000][gc,phases    ] GC(13)   Evacuate Collection Set: 0.8ms
[2020-02-12T02:22:35.130+0000][gc,phases    ] GC(13)   Post Evacuate Collection Set: 0.6ms
[2020-02-12T02:22:35.130+0000][gc,phases    ] GC(13)   Other: 0.3ms
[2020-02-12T02:22:35.130+0000][gc,heap      ] GC(13) Eden regions: 100->0(115)
[2020-02-12T02:22:35.130+0000][gc,heap      ] GC(13) Survivor regions: 1->1(13)
[2020-02-12T02:22:35.130+0000][gc,heap      ] GC(13) Old regions: 6->6
[2020-02-12T02:22:35.130+0000][gc,heap      ] GC(13) Humongous regions: 0->0
[2020-02-12T02:22:35.130+0000][gc,metaspace ] GC(13) Metaspace: 8263K->8263K(1056768K)
[2020-02-12T02:22:35.130+0000][gc           ] GC(13) Pause Young (Normal) (G1 Evacuation Pause) 106M->6M(512M) 1.966ms
[2020-02-12T02:22:35.130+0000][gc,cpu       ] GC(13) User=0.01s Sys=0.00s Real=0.00s
