[2020-03-10T11:13:20.431+0000][gc,heap] Heap region size: 1M
[2020-03-10T11:13:20.438+0000][gc     ] Using G1
[2020-03-10T11:13:20.438+0000][gc,heap,coops] Heap address: 0x00000000e0000000, size: 512 MB, Compressed Oops mode: 32-bit
[2020-03-10T11:13:20.438+0000][gc,cds       ] Mark closed archive regions in map: [0x00000000fff00000, 0x00000000fff69ff8]
[2020-03-10T11:13:20.438+0000][gc,cds       ] Mark open archive regions in map: [0x00000000ffe00000, 0x00000000ffe46ff8]
[2020-03-10T11:13:51.723+0000][gc,start     ] GC(0) Pause Young (Normal) (G1 Evacuation Pause)
[2020-03-10T11:13:51.727+0000][gc,task      ] GC(0) Using 2 workers of 2 for evacuation
[2020-03-10T11:13:51.765+0000][gc,mmu       ] GC(0) MMU target violated: 21.0ms (20.0ms/21.0ms)
[2020-03-10T11:13:51.765+0000][gc,phases    ] GC(0)   Pre Evacuate Collection Set: 0.6ms
[2020-03-10T11:13:51.765+0000][gc,phases    ] GC(0)   Evacuate Collection Set: 37.1ms
[2020-03-10T11:13:51.765+0000][gc,phases    ] GC(0)   Post Evacuate Collection Set: 0.4ms
[2020-03-10T11:13:51.765+0000][gc,phases    ] GC(0)   Other: 3.8ms
[2020-03-10T11:13:51.765+0000][gc,heap      ] GC(0) Eden regions: 25->0(21)
[2020-03-10T11:13:51.765+0000][gc,heap      ] GC(0) Survivor regions: 0->4(4)
[2020-03-10T11:13:51.765+0000][gc,heap      ] GC(0) Old regions: 2->4
[2020-03-10T11:13:51.765+0000][gc,heap      ] GC(0) Humongous regions: 0->0
[2020-03-10T11:13:51.765+0000][gc,metaspace ] GC(0) Metaspace: 7551K->7551K(1056768K)
[2020-03-10T11:13:51.765+0000][gc           ] GC(0) Pause Young (Normal) (G1 Evacuation Pause) 25M->5M(512M) 41.950ms
[2020-03-10T11:13:51.765+0000][gc,cpu       ] GC(0) User=0.02s Sys=0.01s Real=0.04s
[2020-03-10T14:03:28.473+0000][gc,start     ] GC(1) Pause Young (Normal) (G1 Evacuation Pause)
[2020-03-10T14:03:28.473+0000][gc,task      ] GC(1) Using 2 workers of 2 for evacuation
[2020-03-10T14:03:28.501+0000][gc,mmu       ] GC(1) MMU target violated: 21.0ms (20.0ms/21.0ms)
[2020-03-10T14:03:28.501+0000][gc,phases    ] GC(1)   Pre Evacuate Collection Set: 1.8ms
[2020-03-10T14:03:28.501+0000][gc,phases    ] GC(1)   Evacuate Collection Set: 25.3ms
[2020-03-10T14:03:28.501+0000][gc,phases    ] GC(1)   Post Evacuate Collection Set: 0.7ms
[2020-03-10T14:03:28.501+0000][gc,phases    ] GC(1)   Other: 0.6ms
[2020-03-10T14:03:28.501+0000][gc,heap      ] GC(1) Eden regions: 21->0(24)
[2020-03-10T14:03:28.501+0000][gc,heap      ] GC(1) Survivor regions: 4->1(4)
[2020-03-10T14:03:28.501+0000][gc,heap      ] GC(1) Old regions: 4->8
[2020-03-10T14:03:28.501+0000][gc,heap      ] GC(1) Humongous regions: 0->0
[2020-03-10T14:03:28.501+0000][gc,metaspace ] GC(1) Metaspace: 8193K->8193K(1056768K)
[2020-03-10T14:03:28.501+0000][gc           ] GC(1) Pause Young (Normal) (G1 Evacuation Pause) 26M->6M(512M) 28.426ms
[2020-03-10T14:03:28.501+0000][gc,cpu       ] GC(1) User=0.04s Sys=0.00s Real=0.03s
[2020-03-10T15:37:47.744+0000][gc,heap,exit ] Heap
[2020-03-10T15:37:47.744+0000][gc,heap,exit ]  garbage-first heap   total 524288K, used 17931K [0x00000000e0000000, 0x0000000100000000)
[2020-03-10T15:37:47.744+0000][gc,heap,exit ]   region size 1024K, 13 young (13312K), 1 survivors (1024K)
[2020-03-10T15:37:47.744+0000][gc,heap,exit ]  Metaspace       used 8201K, capacity 8546K, committed 8704K, reserved 1056768K
[2020-03-10T15:37:47.744+0000][gc,heap,exit ]   class space    used 889K, capacity 1002K, committed 1024K, reserved 1048576K
