[2020-02-14T05:57:37.304+0000][gc,heap] Heap region size: 1M
[2020-02-14T05:57:37.313+0000][gc     ] Using G1
[2020-02-14T05:57:37.313+0000][gc,heap,coops] Heap address: 0x00000000e0000000, size: 512 MB, Compressed Oops mode: 32-bit
[2020-02-14T05:57:38.053+0000][gc,start     ] GC(0) Pause Young (Normal) (G1 Evacuation Pause)
[2020-02-14T05:57:38.055+0000][gc,task      ] GC(0) Using 10 workers of 10 for evacuation
[2020-02-14T05:57:38.060+0000][gc,phases    ] GC(0)   Pre Evacuate Collection Set: 0.0ms
[2020-02-14T05:57:38.060+0000][gc,phases    ] GC(0)   Evacuate Collection Set: 3.7ms
[2020-02-14T05:57:38.060+0000][gc,phases    ] GC(0)   Post Evacuate Collection Set: 0.9ms
[2020-02-14T05:57:38.060+0000][gc,phases    ] GC(0)   Other: 2.2ms
[2020-02-14T05:57:38.060+0000][gc,heap      ] GC(0) Eden regions: 25->0(21)
[2020-02-14T05:57:38.060+0000][gc,heap      ] GC(0) Survivor regions: 0->4(4)
[2020-02-14T05:57:38.060+0000][gc,heap      ] GC(0) Old regions: 0->2
[2020-02-14T05:57:38.060+0000][gc,heap      ] GC(0) Humongous regions: 0->0
[2020-02-14T05:57:38.060+0000][gc,metaspace ] GC(0) Metaspace: 7576K->7576K(1056768K)
[2020-02-14T05:57:38.060+0000][gc           ] GC(0) Pause Young (Normal) (G1 Evacuation Pause) 25M->5M(512M) 7.144ms
[2020-02-14T05:57:38.060+0000][gc,cpu       ] GC(0) User=0.03s Sys=0.01s Real=0.01s
[2020-02-14T06:46:33.117+0000][gc,start     ] GC(1) Pause Young (Normal) (G1 Evacuation Pause)
[2020-02-14T06:46:33.117+0000][gc,task      ] GC(1) Using 10 workers of 10 for evacuation
[2020-02-14T06:46:33.123+0000][gc,phases    ] GC(1)   Pre Evacuate Collection Set: 0.0ms
[2020-02-14T06:46:33.123+0000][gc,phases    ] GC(1)   Evacuate Collection Set: 5.1ms
[2020-02-14T06:46:33.123+0000][gc,phases    ] GC(1)   Post Evacuate Collection Set: 0.7ms
[2020-02-14T06:46:33.123+0000][gc,phases    ] GC(1)   Other: 0.3ms
[2020-02-14T06:46:33.123+0000][gc,heap      ] GC(1) Eden regions: 21->0(24)
[2020-02-14T06:46:33.123+0000][gc,heap      ] GC(1) Survivor regions: 4->1(4)
[2020-02-14T06:46:33.123+0000][gc,heap      ] GC(1) Old regions: 2->6
[2020-02-14T06:46:33.123+0000][gc,heap      ] GC(1) Humongous regions: 0->0
[2020-02-14T06:46:33.123+0000][gc,metaspace ] GC(1) Metaspace: 8252K->8252K(1056768K)
[2020-02-14T06:46:33.123+0000][gc           ] GC(1) Pause Young (Normal) (G1 Evacuation Pause) 26M->6M(512M) 6.453ms
[2020-02-14T06:46:33.123+0000][gc,cpu       ] GC(1) User=0.05s Sys=0.00s Real=0.00s
[2020-02-14T08:04:54.300+0000][gc,start     ] GC(2) Pause Young (Normal) (G1 Evacuation Pause)
[2020-02-14T08:04:54.300+0000][gc,task      ] GC(2) Using 10 workers of 10 for evacuation
[2020-02-14T08:04:54.302+0000][gc,phases    ] GC(2)   Pre Evacuate Collection Set: 0.0ms
[2020-02-14T08:04:54.302+0000][gc,phases    ] GC(2)   Evacuate Collection Set: 0.8ms
[2020-02-14T08:04:54.302+0000][gc,phases    ] GC(2)   Post Evacuate Collection Set: 0.8ms
[2020-02-14T08:04:54.302+0000][gc,phases    ] GC(2)   Other: 0.3ms
[2020-02-14T08:04:54.302+0000][gc,heap      ] GC(2) Eden regions: 24->0(24)
[2020-02-14T08:04:54.302+0000][gc,heap      ] GC(2) Survivor regions: 1->1(4)
[2020-02-14T08:04:54.302+0000][gc,heap      ] GC(2) Old regions: 6->6
[2020-02-14T08:04:54.302+0000][gc,heap      ] GC(2) Humongous regions: 0->0
[2020-02-14T08:04:54.302+0000][gc,metaspace ] GC(2) Metaspace: 8257K->8257K(1056768K)
[2020-02-14T08:04:54.302+0000][gc           ] GC(2) Pause Young (Normal) (G1 Evacuation Pause) 30M->6M(512M) 2.249ms
[2020-02-14T08:04:54.302+0000][gc,cpu       ] GC(2) User=0.01s Sys=0.00s Real=0.00s
[2020-02-14T09:24:38.884+0000][gc,start     ] GC(3) Pause Young (Normal) (G1 Evacuation Pause)
[2020-02-14T09:24:38.884+0000][gc,task      ] GC(3) Using 10 workers of 10 for evacuation
[2020-02-14T09:24:38.886+0000][gc,phases    ] GC(3)   Pre Evacuate Collection Set: 0.0ms
[2020-02-14T09:24:38.886+0000][gc,phases    ] GC(3)   Evacuate Collection Set: 0.8ms
[2020-02-14T09:24:38.886+0000][gc,phases    ] GC(3)   Post Evacuate Collection Set: 0.5ms
[2020-02-14T09:24:38.886+0000][gc,phases    ] GC(3)   Other: 0.3ms
[2020-02-14T09:24:38.886+0000][gc,heap      ] GC(3) Eden regions: 24->0(24)
[2020-02-14T09:24:38.886+0000][gc,heap      ] GC(3) Survivor regions: 1->1(4)
[2020-02-14T09:24:38.886+0000][gc,heap      ] GC(3) Old regions: 6->6
[2020-02-14T09:24:38.886+0000][gc,heap      ] GC(3) Humongous regions: 0->0
[2020-02-14T09:24:38.886+0000][gc,metaspace ] GC(3) Metaspace: 8295K->8295K(1056768K)
[2020-02-14T09:24:38.886+0000][gc           ] GC(3) Pause Young (Normal) (G1 Evacuation Pause) 30M->6M(512M) 1.811ms
[2020-02-14T09:24:38.886+0000][gc,cpu       ] GC(3) User=0.01s Sys=0.00s Real=0.00s
[2020-02-14T10:44:31.837+0000][gc,start     ] GC(4) Pause Young (Normal) (G1 Evacuation Pause)
[2020-02-14T10:44:31.837+0000][gc,task      ] GC(4) Using 10 workers of 10 for evacuation
[2020-02-14T10:44:31.838+0000][gc,phases    ] GC(4)   Pre Evacuate Collection Set: 0.0ms
[2020-02-14T10:44:31.838+0000][gc,phases    ] GC(4)   Evacuate Collection Set: 0.7ms
[2020-02-14T10:44:31.838+0000][gc,phases    ] GC(4)   Post Evacuate Collection Set: 0.5ms
[2020-02-14T10:44:31.838+0000][gc,phases    ] GC(4)   Other: 0.3ms
[2020-02-14T10:44:31.838+0000][gc,heap      ] GC(4) Eden regions: 24->0(26)
[2020-02-14T10:44:31.838+0000][gc,heap      ] GC(4) Survivor regions: 1->1(4)
[2020-02-14T10:44:31.838+0000][gc,heap      ] GC(4) Old regions: 6->6
[2020-02-14T10:44:31.838+0000][gc,heap      ] GC(4) Humongous regions: 0->0
[2020-02-14T10:44:31.839+0000][gc,metaspace ] GC(4) Metaspace: 8296K->8296K(1056768K)
[2020-02-14T10:44:31.839+0000][gc           ] GC(4) Pause Young (Normal) (G1 Evacuation Pause) 30M->6M(512M) 1.695ms
[2020-02-14T10:44:31.839+0000][gc,cpu       ] GC(4) User=0.00s Sys=0.00s Real=0.00s
[2020-02-14T12:13:29.375+0000][gc,start     ] GC(5) Pause Young (Normal) (G1 Evacuation Pause)
[2020-02-14T12:13:29.375+0000][gc,task      ] GC(5) Using 10 workers of 10 for evacuation
[2020-02-14T12:13:29.377+0000][gc,phases    ] GC(5)   Pre Evacuate Collection Set: 0.0ms
[2020-02-14T12:13:29.377+0000][gc,phases    ] GC(5)   Evacuate Collection Set: 0.7ms
[2020-02-14T12:13:29.377+0000][gc,phases    ] GC(5)   Post Evacuate Collection Set: 0.4ms
[2020-02-14T12:13:29.377+0000][gc,phases    ] GC(5)   Other: 0.3ms
[2020-02-14T12:13:29.377+0000][gc,heap      ] GC(5) Eden regions: 26->0(30)
[2020-02-14T12:13:29.377+0000][gc,heap      ] GC(5) Survivor regions: 1->1(4)
[2020-02-14T12:13:29.377+0000][gc,heap      ] GC(5) Old regions: 6->6
[2020-02-14T12:13:29.377+0000][gc,heap      ] GC(5) Humongous regions: 0->0
[2020-02-14T12:13:29.377+0000][gc,metaspace ] GC(5) Metaspace: 8299K->8299K(1056768K)
[2020-02-14T12:13:29.377+0000][gc           ] GC(5) Pause Young (Normal) (G1 Evacuation Pause) 32M->6M(512M) 1.671ms
[2020-02-14T12:13:29.377+0000][gc,cpu       ] GC(5) User=0.01s Sys=0.00s Real=0.00s
[2020-02-14T13:56:18.381+0000][gc,start     ] GC(6) Pause Young (Normal) (G1 Evacuation Pause)
[2020-02-14T13:56:18.381+0000][gc,task      ] GC(6) Using 10 workers of 10 for evacuation
[2020-02-14T13:56:18.383+0000][gc,phases    ] GC(6)   Pre Evacuate Collection Set: 0.0ms
[2020-02-14T13:56:18.383+0000][gc,phases    ] GC(6)   Evacuate Collection Set: 0.7ms
[2020-02-14T13:56:18.383+0000][gc,phases    ] GC(6)   Post Evacuate Collection Set: 0.5ms
[2020-02-14T13:56:18.383+0000][gc,phases    ] GC(6)   Other: 0.3ms
[2020-02-14T13:56:18.383+0000][gc,heap      ] GC(6) Eden regions: 30->0(37)
[2020-02-14T13:56:18.383+0000][gc,heap      ] GC(6) Survivor regions: 1->1(4)
[2020-02-14T13:56:18.383+0000][gc,heap      ] GC(6) Old regions: 6->6
[2020-02-14T13:56:18.383+0000][gc,heap      ] GC(6) Humongous regions: 0->0
[2020-02-14T13:56:18.383+0000][gc,metaspace ] GC(6) Metaspace: 8310K->8310K(1056768K)
[2020-02-14T13:56:18.383+0000][gc           ] GC(6) Pause Young (Normal) (G1 Evacuation Pause) 36M->6M(512M) 1.847ms
[2020-02-14T13:56:18.383+0000][gc,cpu       ] GC(6) User=0.01s Sys=0.00s Real=0.00s
[2020-02-14T16:03:01.501+0000][gc,start     ] GC(7) Pause Young (Normal) (G1 Evacuation Pause)
[2020-02-14T16:03:01.501+0000][gc,task      ] GC(7) Using 10 workers of 10 for evacuation
[2020-02-14T16:03:01.503+0000][gc,phases    ] GC(7)   Pre Evacuate Collection Set: 0.0ms
[2020-02-14T16:03:01.503+0000][gc,phases    ] GC(7)   Evacuate Collection Set: 0.8ms
[2020-02-14T16:03:01.503+0000][gc,phases    ] GC(7)   Post Evacuate Collection Set: 0.5ms
[2020-02-14T16:03:01.503+0000][gc,phases    ] GC(7)   Other: 0.3ms
[2020-02-14T16:03:01.503+0000][gc,heap      ] GC(7) Eden regions: 37->0(47)
[2020-02-14T16:03:01.503+0000][gc,heap      ] GC(7) Survivor regions: 1->1(5)
[2020-02-14T16:03:01.503+0000][gc,heap      ] GC(7) Old regions: 6->6
[2020-02-14T16:03:01.503+0000][gc,heap      ] GC(7) Humongous regions: 0->0
[2020-02-14T16:03:01.503+0000][gc,metaspace ] GC(7) Metaspace: 8310K->8310K(1056768K)
[2020-02-14T16:03:01.503+0000][gc           ] GC(7) Pause Young (Normal) (G1 Evacuation Pause) 43M->6M(512M) 1.807ms
[2020-02-14T16:03:01.503+0000][gc,cpu       ] GC(7) User=0.00s Sys=0.00s Real=0.00s
[2020-02-14T18:44:51.523+0000][gc,start     ] GC(8) Pause Young (Normal) (G1 Evacuation Pause)
[2020-02-14T18:44:51.523+0000][gc,task      ] GC(8) Using 10 workers of 10 for evacuation
[2020-02-14T18:44:51.525+0000][gc,phases    ] GC(8)   Pre Evacuate Collection Set: 0.0ms
[2020-02-14T18:44:51.525+0000][gc,phases    ] GC(8)   Evacuate Collection Set: 0.7ms
[2020-02-14T18:44:51.525+0000][gc,phases    ] GC(8)   Post Evacuate Collection Set: 0.5ms
[2020-02-14T18:44:51.525+0000][gc,phases    ] GC(8)   Other: 0.3ms
[2020-02-14T18:44:51.525+0000][gc,heap      ] GC(8) Eden regions: 47->0(59)
[2020-02-14T18:44:51.525+0000][gc,heap      ] GC(8) Survivor regions: 1->1(6)
[2020-02-14T18:44:51.525+0000][gc,heap      ] GC(8) Old regions: 6->6
[2020-02-14T18:44:51.525+0000][gc,heap      ] GC(8) Humongous regions: 0->0
[2020-02-14T18:44:51.525+0000][gc,metaspace ] GC(8) Metaspace: 8318K->8318K(1056768K)
[2020-02-14T18:44:51.525+0000][gc           ] GC(8) Pause Young (Normal) (G1 Evacuation Pause) 53M->6M(512M) 1.736ms
[2020-02-14T18:44:51.525+0000][gc,cpu       ] GC(8) User=0.01s Sys=0.00s Real=0.01s
[2020-02-14T22:07:18.820+0000][gc,start     ] GC(9) Pause Young (Normal) (G1 Evacuation Pause)
[2020-02-14T22:07:18.820+0000][gc,task      ] GC(9) Using 10 workers of 10 for evacuation
[2020-02-14T22:07:18.822+0000][gc,phases    ] GC(9)   Pre Evacuate Collection Set: 0.0ms
[2020-02-14T22:07:18.822+0000][gc,phases    ] GC(9)   Evacuate Collection Set: 0.9ms
[2020-02-14T22:07:18.822+0000][gc,phases    ] GC(9)   Post Evacuate Collection Set: 0.6ms
[2020-02-14T22:07:18.822+0000][gc,phases    ] GC(9)   Other: 0.3ms
[2020-02-14T22:07:18.822+0000][gc,heap      ] GC(9) Eden regions: 59->0(74)
[2020-02-14T22:07:18.822+0000][gc,heap      ] GC(9) Survivor regions: 1->1(8)
[2020-02-14T22:07:18.822+0000][gc,heap      ] GC(9) Old regions: 6->6
[2020-02-14T22:07:18.822+0000][gc,heap      ] GC(9) Humongous regions: 0->0
[2020-02-14T22:07:18.822+0000][gc,metaspace ] GC(9) Metaspace: 8319K->8319K(1056768K)
[2020-02-14T22:07:18.822+0000][gc           ] GC(9) Pause Young (Normal) (G1 Evacuation Pause) 65M->6M(512M) 2.089ms
[2020-02-14T22:07:18.822+0000][gc,cpu       ] GC(9) User=0.01s Sys=0.01s Real=0.00s
[2020-02-15T02:22:13.729+0000][gc,start     ] GC(10) Pause Young (Normal) (G1 Evacuation Pause)
[2020-02-15T02:22:13.729+0000][gc,task      ] GC(10) Using 10 workers of 10 for evacuation
[2020-02-15T02:22:13.730+0000][gc,phases    ] GC(10)   Pre Evacuate Collection Set: 0.0ms
[2020-02-15T02:22:13.731+0000][gc,phases    ] GC(10)   Evacuate Collection Set: 1.0ms
[2020-02-15T02:22:13.731+0000][gc,phases    ] GC(10)   Post Evacuate Collection Set: 0.6ms
[2020-02-15T02:22:13.731+0000][gc,phases    ] GC(10)   Other: 0.3ms
[2020-02-15T02:22:13.731+0000][gc,heap      ] GC(10) Eden regions: 74->0(92)
[2020-02-15T02:22:13.731+0000][gc,heap      ] GC(10) Survivor regions: 1->1(10)
[2020-02-15T02:22:13.731+0000][gc,heap      ] GC(10) Old regions: 6->6
[2020-02-15T02:22:13.731+0000][gc,heap      ] GC(10) Humongous regions: 0->0
[2020-02-15T02:22:13.731+0000][gc,metaspace ] GC(10) Metaspace: 8319K->8319K(1056768K)
[2020-02-15T02:22:13.731+0000][gc           ] GC(10) Pause Young (Normal) (G1 Evacuation Pause) 80M->6M(512M) 2.174ms
[2020-02-15T02:22:13.731+0000][gc,cpu       ] GC(10) User=0.01s Sys=0.00s Real=0.00s
[2020-02-15T07:40:47.262+0000][gc,start     ] GC(11) Pause Young (Normal) (G1 Evacuation Pause)
[2020-02-15T07:40:47.262+0000][gc,task      ] GC(11) Using 10 workers of 10 for evacuation
[2020-02-15T07:40:47.264+0000][gc,phases    ] GC(11)   Pre Evacuate Collection Set: 0.0ms
[2020-02-15T07:40:47.264+0000][gc,phases    ] GC(11)   Evacuate Collection Set: 0.7ms
[2020-02-15T07:40:47.264+0000][gc,phases    ] GC(11)   Post Evacuate Collection Set: 0.6ms
[2020-02-15T07:40:47.264+0000][gc,phases    ] GC(11)   Other: 0.3ms
[2020-02-15T07:40:47.264+0000][gc,heap      ] GC(11) Eden regions: 92->0(113)
[2020-02-15T07:40:47.264+0000][gc,heap      ] GC(11) Survivor regions: 1->1(12)
[2020-02-15T07:40:47.264+0000][gc,heap      ] GC(11) Old regions: 6->6
[2020-02-15T07:40:47.264+0000][gc,heap      ] GC(11) Humongous regions: 0->0
[2020-02-15T07:40:47.264+0000][gc,metaspace ] GC(11) Metaspace: 8322K->8322K(1056768K)
[2020-02-15T07:40:47.264+0000][gc           ] GC(11) Pause Young (Normal) (G1 Evacuation Pause) 98M->6M(512M) 1.800ms
[2020-02-15T07:40:47.264+0000][gc,cpu       ] GC(11) User=0.01s Sys=0.01s Real=0.01s
[2020-02-15T14:10:59.295+0000][gc,start     ] GC(12) Pause Young (Normal) (G1 Evacuation Pause)
[2020-02-15T14:10:59.295+0000][gc,task      ] GC(12) Using 10 workers of 10 for evacuation
[2020-02-15T14:10:59.297+0000][gc,phases    ] GC(12)   Pre Evacuate Collection Set: 0.0ms
[2020-02-15T14:10:59.297+0000][gc,phases    ] GC(12)   Evacuate Collection Set: 1.3ms
[2020-02-15T14:10:59.297+0000][gc,phases    ] GC(12)   Post Evacuate Collection Set: 0.6ms
[2020-02-15T14:10:59.297+0000][gc,phases    ] GC(12)   Other: 0.3ms
[2020-02-15T14:10:59.297+0000][gc,heap      ] GC(12) Eden regions: 113->0(137)
[2020-02-15T14:10:59.297+0000][gc,heap      ] GC(12) Survivor regions: 1->1(15)
[2020-02-15T14:10:59.297+0000][gc,heap      ] GC(12) Old regions: 6->6
[2020-02-15T14:10:59.297+0000][gc,heap      ] GC(12) Humongous regions: 0->0
[2020-02-15T14:10:59.298+0000][gc,metaspace ] GC(12) Metaspace: 8323K->8323K(1056768K)
[2020-02-15T14:10:59.298+0000][gc           ] GC(12) Pause Young (Normal) (G1 Evacuation Pause) 119M->6M(512M) 2.435ms
[2020-02-15T14:10:59.298+0000][gc,cpu       ] GC(12) User=0.01s Sys=0.00s Real=0.00s
[2020-02-15T22:07:58.610+0000][gc,start     ] GC(13) Pause Young (Normal) (G1 Evacuation Pause)
[2020-02-15T22:07:58.610+0000][gc,task      ] GC(13) Using 10 workers of 10 for evacuation
[2020-02-15T22:07:58.611+0000][gc,phases    ] GC(13)   Pre Evacuate Collection Set: 0.0ms
[2020-02-15T22:07:58.611+0000][gc,phases    ] GC(13)   Evacuate Collection Set: 1.0ms
[2020-02-15T22:07:58.611+0000][gc,phases    ] GC(13)   Post Evacuate Collection Set: 0.6ms
[2020-02-15T22:07:58.612+0000][gc,phases    ] GC(13)   Other: 0.3ms
[2020-02-15T22:07:58.612+0000][gc,heap      ] GC(13) Eden regions: 137->0(163)
[2020-02-15T22:07:58.612+0000][gc,heap      ] GC(13) Survivor regions: 1->1(18)
[2020-02-15T22:07:58.612+0000][gc,heap      ] GC(13) Old regions: 6->6
[2020-02-15T22:07:58.612+0000][gc,heap      ] GC(13) Humongous regions: 0->0
[2020-02-15T22:07:58.612+0000][gc,metaspace ] GC(13) Metaspace: 8323K->8323K(1056768K)
[2020-02-15T22:07:58.612+0000][gc           ] GC(13) Pause Young (Normal) (G1 Evacuation Pause) 143M->6M(512M) 2.126ms
[2020-02-15T22:07:58.612+0000][gc,cpu       ] GC(13) User=0.01s Sys=0.00s Real=0.00s
[2020-02-16T07:35:51.430+0000][gc,start     ] GC(14) Pause Young (Normal) (G1 Evacuation Pause)
[2020-02-16T07:35:51.430+0000][gc,task      ] GC(14) Using 10 workers of 10 for evacuation
[2020-02-16T07:35:51.432+0000][gc,phases    ] GC(14)   Pre Evacuate Collection Set: 0.0ms
[2020-02-16T07:35:51.432+0000][gc,phases    ] GC(14)   Evacuate Collection Set: 0.9ms
[2020-02-16T07:35:51.432+0000][gc,phases    ] GC(14)   Post Evacuate Collection Set: 0.8ms
[2020-02-16T07:35:51.432+0000][gc,phases    ] GC(14)   Other: 0.3ms
[2020-02-16T07:35:51.432+0000][gc,heap      ] GC(14) Eden regions: 163->0(191)
[2020-02-16T07:35:51.432+0000][gc,heap      ] GC(14) Survivor regions: 1->1(21)
[2020-02-16T07:35:51.432+0000][gc,heap      ] GC(14) Old regions: 6->6
[2020-02-16T07:35:51.432+0000][gc,heap      ] GC(14) Humongous regions: 0->0
[2020-02-16T07:35:51.432+0000][gc,metaspace ] GC(14) Metaspace: 8323K->8323K(1056768K)
[2020-02-16T07:35:51.432+0000][gc           ] GC(14) Pause Young (Normal) (G1 Evacuation Pause) 169M->6M(512M) 2.236ms
[2020-02-16T07:35:51.432+0000][gc,cpu       ] GC(14) User=0.01s Sys=0.00s Real=0.00s
[2020-02-16T18:44:30.986+0000][gc,start     ] GC(15) Pause Young (Normal) (G1 Evacuation Pause)
[2020-02-16T18:44:30.986+0000][gc,task      ] GC(15) Using 10 workers of 10 for evacuation
[2020-02-16T18:44:30.988+0000][gc,phases    ] GC(15)   Pre Evacuate Collection Set: 0.0ms
[2020-02-16T18:44:30.988+0000][gc,phases    ] GC(15)   Evacuate Collection Set: 0.9ms
[2020-02-16T18:44:30.988+0000][gc,phases    ] GC(15)   Post Evacuate Collection Set: 0.8ms
[2020-02-16T18:44:30.988+0000][gc,phases    ] GC(15)   Other: 0.3ms
[2020-02-16T18:44:30.988+0000][gc,heap      ] GC(15) Eden regions: 191->0(221)
[2020-02-16T18:44:30.988+0000][gc,heap      ] GC(15) Survivor regions: 1->1(24)
[2020-02-16T18:44:30.988+0000][gc,heap      ] GC(15) Old regions: 6->6
[2020-02-16T18:44:30.988+0000][gc,heap      ] GC(15) Humongous regions: 0->0
[2020-02-16T18:44:30.988+0000][gc,metaspace ] GC(15) Metaspace: 8323K->8323K(1056768K)
[2020-02-16T18:44:30.988+0000][gc           ] GC(15) Pause Young (Normal) (G1 Evacuation Pause) 197M->6M(512M) 2.258ms
[2020-02-16T18:44:30.988+0000][gc,cpu       ] GC(15) User=0.01s Sys=0.00s Real=0.00s
[2020-02-17T07:00:44.479+0000][gc,start     ] GC(16) Pause Young (Normal) (G1 Evacuation Pause)
[2020-02-17T07:00:44.479+0000][gc,task      ] GC(16) Using 10 workers of 10 for evacuation
[2020-02-17T07:00:44.481+0000][gc,phases    ] GC(16)   Pre Evacuate Collection Set: 0.0ms
[2020-02-17T07:00:44.481+0000][gc,phases    ] GC(16)   Evacuate Collection Set: 1.1ms
[2020-02-17T07:00:44.481+0000][gc,phases    ] GC(16)   Post Evacuate Collection Set: 0.7ms
[2020-02-17T07:00:44.481+0000][gc,phases    ] GC(16)   Other: 0.4ms
[2020-02-17T07:00:44.481+0000][gc,heap      ] GC(16) Eden regions: 221->0(251)
[2020-02-17T07:00:44.481+0000][gc,heap      ] GC(16) Survivor regions: 1->1(28)
[2020-02-17T07:00:44.481+0000][gc,heap      ] GC(16) Old regions: 6->7
[2020-02-17T07:00:44.481+0000][gc,heap      ] GC(16) Humongous regions: 0->0
[2020-02-17T07:00:44.481+0000][gc,metaspace ] GC(16) Metaspace: 8425K->8425K(1056768K)
[2020-02-17T07:00:44.481+0000][gc           ] GC(16) Pause Young (Normal) (G1 Evacuation Pause) 227M->6M(512M) 2.429ms
[2020-02-17T07:00:44.481+0000][gc,cpu       ] GC(16) User=0.01s Sys=0.00s Real=0.00s
[2020-02-17T07:40:31.554+0000][gc,heap,exit ] Heap
[2020-02-17T07:40:31.554+0000][gc,heap,exit ]  garbage-first heap   total 524288K, used 19987K [0x00000000e0000000, 0x0000000100000000)
[2020-02-17T07:40:31.554+0000][gc,heap,exit ]   region size 1024K, 15 young (15360K), 1 survivors (1024K)
[2020-02-17T07:40:31.554+0000][gc,heap,exit ]  Metaspace       used 8429K, capacity 8687K, committed 8960K, reserved 1056768K
[2020-02-17T07:40:31.554+0000][gc,heap,exit ]   class space    used 889K, capacity 1002K, committed 1024K, reserved 1048576K
