[2020-02-28T13:57:25.666+0000][gc,heap] Heap region size: 1M
[2020-02-28T13:57:25.675+0000][gc     ] Using G1
[2020-02-28T13:57:25.675+0000][gc,heap,coops] Heap address: 0x00000000e0000000, size: 512 MB, Compressed Oops mode: 32-bit
[2020-02-28T13:57:46.227+0000][gc,start     ] GC(0) Pause Young (Normal) (G1 Evacuation Pause)
[2020-02-28T13:57:46.230+0000][gc,task      ] GC(0) Using 10 workers of 10 for evacuation
[2020-02-28T13:57:46.234+0000][gc,phases    ] GC(0)   Pre Evacuate Collection Set: 0.0ms
[2020-02-28T13:57:46.234+0000][gc,phases    ] GC(0)   Evacuate Collection Set: 3.4ms
[2020-02-28T13:57:46.234+0000][gc,phases    ] GC(0)   Post Evacuate Collection Set: 0.9ms
[2020-02-28T13:57:46.234+0000][gc,phases    ] GC(0)   Other: 2.4ms
[2020-02-28T13:57:46.234+0000][gc,heap      ] GC(0) Eden regions: 25->0(21)
[2020-02-28T13:57:46.234+0000][gc,heap      ] GC(0) Survivor regions: 0->4(4)
[2020-02-28T13:57:46.234+0000][gc,heap      ] GC(0) Old regions: 0->2
[2020-02-28T13:57:46.234+0000][gc,heap      ] GC(0) Humongous regions: 0->0
[2020-02-28T13:57:46.234+0000][gc,metaspace ] GC(0) Metaspace: 7585K->7585K(1056768K)
[2020-02-28T13:57:46.234+0000][gc           ] GC(0) Pause Young (Normal) (G1 Evacuation Pause) 25M->5M(512M) 6.936ms
[2020-02-28T13:57:46.234+0000][gc,cpu       ] GC(0) User=0.03s Sys=0.01s Real=0.01s
