[2020-03-04T03:18:54.773+0000][gc,heap] Heap region size: 1M
[2020-03-04T03:18:54.780+0000][gc     ] Using G1
[2020-03-04T03:18:54.780+0000][gc,heap,coops] Heap address: 0x00000000e0000000, size: 512 MB, Compressed Oops mode: 32-bit
[2020-03-04T03:18:54.780+0000][gc,cds       ] Mark closed archive regions in map: [0x00000000fff00000, 0x00000000fff69ff8]
[2020-03-04T03:18:54.780+0000][gc,cds       ] Mark open archive regions in map: [0x00000000ffe00000, 0x00000000ffe46ff8]
[2020-03-04T03:19:30.093+0000][gc,start     ] GC(0) Pause Young (Normal) (G1 Evacuation Pause)
[2020-03-04T03:19:30.093+0000][gc,task      ] GC(0) Using 2 workers of 2 for evacuation
[2020-03-04T03:19:30.109+0000][gc,phases    ] GC(0)   Pre Evacuate Collection Set: 0.9ms
[2020-03-04T03:19:30.109+0000][gc,phases    ] GC(0)   Evacuate Collection Set: 14.1ms
[2020-03-04T03:19:30.109+0000][gc,phases    ] GC(0)   Post Evacuate Collection Set: 0.4ms
[2020-03-04T03:19:30.109+0000][gc,phases    ] GC(0)   Other: 0.4ms
[2020-03-04T03:19:30.109+0000][gc,heap      ] GC(0) Eden regions: 25->0(21)
[2020-03-04T03:19:30.109+0000][gc,heap      ] GC(0) Survivor regions: 0->4(4)
[2020-03-04T03:19:30.109+0000][gc,heap      ] GC(0) Old regions: 2->4
[2020-03-04T03:19:30.109+0000][gc,heap      ] GC(0) Humongous regions: 0->0
[2020-03-04T03:19:30.109+0000][gc,metaspace ] GC(0) Metaspace: 7549K->7549K(1056768K)
[2020-03-04T03:19:30.109+0000][gc           ] GC(0) Pause Young (Normal) (G1 Evacuation Pause) 25M->5M(512M) 15.751ms
[2020-03-04T03:19:30.109+0000][gc,cpu       ] GC(0) User=0.03s Sys=0.00s Real=0.02s
[2020-03-04T05:58:46.757+0000][gc,heap,exit ] Heap
[2020-03-04T05:58:46.757+0000][gc,heap,exit ]  garbage-first heap   total 524288K, used 25550K [0x00000000e0000000, 0x0000000100000000)
[2020-03-04T05:58:46.757+0000][gc,heap,exit ]   region size 1024K, 24 young (24576K), 4 survivors (4096K)
[2020-03-04T05:58:46.757+0000][gc,heap,exit ]  Metaspace       used 8226K, capacity 8554K, committed 8704K, reserved 1056768K
[2020-03-04T05:58:46.757+0000][gc,heap,exit ]   class space    used 885K, capacity 1002K, committed 1024K, reserved 1048576K
